Archive member included to satisfy reference by file (symbol)

D:/Installed Programs/STM32CubeIDE_1.13.2/STM32CubeIDE/plugins/com.st.stm32cube.ide.mcu.externaltools.gnu-tools-for-stm32.11.3.rel1.win32_1.1.1.202309131626/tools/bin/../lib/gcc/arm-none-eabi/11.3.1/../../../../arm-none-eabi/lib/thumb/v7e-m+fp/hard\libc_nano.a(libc_a-exit.o)
                              D:/Installed Programs/STM32CubeIDE_1.13.2/STM32CubeIDE/plugins/com.st.stm32cube.ide.mcu.externaltools.gnu-tools-for-stm32.11.3.rel1.win32_1.1.1.202309131626/tools/bin/../lib/gcc/arm-none-eabi/11.3.1/../../../../arm-none-eabi/lib/thumb/v7e-m+fp/hard/crt0.o (exit)
D:/Installed Programs/STM32CubeIDE_1.13.2/STM32CubeIDE/plugins/com.st.stm32cube.ide.mcu.externaltools.gnu-tools-for-stm32.11.3.rel1.win32_1.1.1.202309131626/tools/bin/../lib/gcc/arm-none-eabi/11.3.1/../../../../arm-none-eabi/lib/thumb/v7e-m+fp/hard\libc_nano.a(libc_a-findfp.o)
                              D:/Installed Programs/STM32CubeIDE_1.13.2/STM32CubeIDE/plugins/com.st.stm32cube.ide.mcu.externaltools.gnu-tools-for-stm32.11.3.rel1.win32_1.1.1.202309131626/tools/bin/../lib/gcc/arm-none-eabi/11.3.1/../../../../arm-none-eabi/lib/thumb/v7e-m+fp/hard\libc_nano.a(libc_a-exit.o) (__stdio_exit_handler)
D:/Installed Programs/STM32CubeIDE_1.13.2/STM32CubeIDE/plugins/com.st.stm32cube.ide.mcu.externaltools.gnu-tools-for-stm32.11.3.rel1.win32_1.1.1.202309131626/tools/bin/../lib/gcc/arm-none-eabi/11.3.1/../../../../arm-none-eabi/lib/thumb/v7e-m+fp/hard\libc_nano.a(libc_a-fwalk.o)
                              D:/Installed Programs/STM32CubeIDE_1.13.2/STM32CubeIDE/plugins/com.st.stm32cube.ide.mcu.externaltools.gnu-tools-for-stm32.11.3.rel1.win32_1.1.1.202309131626/tools/bin/../lib/gcc/arm-none-eabi/11.3.1/../../../../arm-none-eabi/lib/thumb/v7e-m+fp/hard\libc_nano.a(libc_a-findfp.o) (_fwalk_sglue)
D:/Installed Programs/STM32CubeIDE_1.13.2/STM32CubeIDE/plugins/com.st.stm32cube.ide.mcu.externaltools.gnu-tools-for-stm32.11.3.rel1.win32_1.1.1.202309131626/tools/bin/../lib/gcc/arm-none-eabi/11.3.1/../../../../arm-none-eabi/lib/thumb/v7e-m+fp/hard\libc_nano.a(libc_a-stdio.o)
                              D:/Installed Programs/STM32CubeIDE_1.13.2/STM32CubeIDE/plugins/com.st.stm32cube.ide.mcu.externaltools.gnu-tools-for-stm32.11.3.rel1.win32_1.1.1.202309131626/tools/bin/../lib/gcc/arm-none-eabi/11.3.1/../../../../arm-none-eabi/lib/thumb/v7e-m+fp/hard\libc_nano.a(libc_a-findfp.o) (__sread)
D:/Installed Programs/STM32CubeIDE_1.13.2/STM32CubeIDE/plugins/com.st.stm32cube.ide.mcu.externaltools.gnu-tools-for-stm32.11.3.rel1.win32_1.1.1.202309131626/tools/bin/../lib/gcc/arm-none-eabi/11.3.1/../../../../arm-none-eabi/lib/thumb/v7e-m+fp/hard\libc_nano.a(libc_a-memset.o)
                              D:/Installed Programs/STM32CubeIDE_1.13.2/STM32CubeIDE/plugins/com.st.stm32cube.ide.mcu.externaltools.gnu-tools-for-stm32.11.3.rel1.win32_1.1.1.202309131626/tools/bin/../lib/gcc/arm-none-eabi/11.3.1/../../../../arm-none-eabi/lib/thumb/v7e-m+fp/hard/crt0.o (memset)
D:/Installed Programs/STM32CubeIDE_1.13.2/STM32CubeIDE/plugins/com.st.stm32cube.ide.mcu.externaltools.gnu-tools-for-stm32.11.3.rel1.win32_1.1.1.202309131626/tools/bin/../lib/gcc/arm-none-eabi/11.3.1/../../../../arm-none-eabi/lib/thumb/v7e-m+fp/hard\libc_nano.a(libc_a-closer.o)
                              D:/Installed Programs/STM32CubeIDE_1.13.2/STM32CubeIDE/plugins/com.st.stm32cube.ide.mcu.externaltools.gnu-tools-for-stm32.11.3.rel1.win32_1.1.1.202309131626/tools/bin/../lib/gcc/arm-none-eabi/11.3.1/../../../../arm-none-eabi/lib/thumb/v7e-m+fp/hard\libc_nano.a(libc_a-stdio.o) (_close_r)
D:/Installed Programs/STM32CubeIDE_1.13.2/STM32CubeIDE/plugins/com.st.stm32cube.ide.mcu.externaltools.gnu-tools-for-stm32.11.3.rel1.win32_1.1.1.202309131626/tools/bin/../lib/gcc/arm-none-eabi/11.3.1/../../../../arm-none-eabi/lib/thumb/v7e-m+fp/hard\libc_nano.a(libc_a-reent.o)
                              D:/Installed Programs/STM32CubeIDE_1.13.2/STM32CubeIDE/plugins/com.st.stm32cube.ide.mcu.externaltools.gnu-tools-for-stm32.11.3.rel1.win32_1.1.1.202309131626/tools/bin/../lib/gcc/arm-none-eabi/11.3.1/../../../../arm-none-eabi/lib/thumb/v7e-m+fp/hard\libc_nano.a(libc_a-closer.o) (errno)
D:/Installed Programs/STM32CubeIDE_1.13.2/STM32CubeIDE/plugins/com.st.stm32cube.ide.mcu.externaltools.gnu-tools-for-stm32.11.3.rel1.win32_1.1.1.202309131626/tools/bin/../lib/gcc/arm-none-eabi/11.3.1/../../../../arm-none-eabi/lib/thumb/v7e-m+fp/hard\libc_nano.a(libc_a-impure.o)
                              D:/Installed Programs/STM32CubeIDE_1.13.2/STM32CubeIDE/plugins/com.st.stm32cube.ide.mcu.externaltools.gnu-tools-for-stm32.11.3.rel1.win32_1.1.1.202309131626/tools/bin/../lib/gcc/arm-none-eabi/11.3.1/../../../../arm-none-eabi/lib/thumb/v7e-m+fp/hard\libc_nano.a(libc_a-reent.o) (_impure_ptr)
[...]
Memory Configuration

Name             Origin             Length             Attributes
RAM              0x0000000020000000 0x0000000000010000 xrw
FLASH            0x0000000008004000 0x000000000003c000 xr
*default*        0x0000000000000000 0xffffffffffffffff

Linker script and memory map

LOAD D:/Installed Programs/STM32CubeIDE_1.13.2/STM32CubeIDE/plugins/com.st.stm32cube.ide.mcu.externaltools.gnu-tools-for-stm32.11.3.rel1.win32_1.1.1.202309131626/tools/bin/../lib/gcc/arm-none-eabi/11.3.1/thumb/v7e-m+fp/hard/crti.o
LOAD D:/Installed Programs/STM32CubeIDE_1.13.2/STM32CubeIDE/plugins/com.st.stm32cube.ide.mcu.externaltools.gnu-tools-for-stm32.11.3.rel1.win32_1.1.1.202309131626/tools/bin/../lib/gcc/arm-none-eabi/11.3.1/thumb/v7e-m+fp/hard/crtbegin.o
LOAD D:/Installed Programs/STM32CubeIDE_1.13.2/STM32CubeIDE/plugins/com.st.stm32cube.ide.mcu.externaltools.gnu-tools-for-stm32.11.3.rel1.win32_1.1.1.202309131626/tools/bin/../lib/gcc/arm-none-eabi/11.3.1/../../../../arm-none-eabi/lib/thumb/v7e-m+fp/hard/crt0.o
LOAD ./APP/main.o
LOAD ./HAL/IR_Receiver/IR_Lcfg.o
LOAD ./HAL/IR_Receiver/IR_program.o
LOAD ./HAL/LEDMAT/LEDMAT_LCFG.o
LOAD ./HAL/LEDMAT/LEDMAT_font.o
LOAD ./HAL/LEDMAT/LEDMAT_program.o
LOAD ./HAL/R2R_DAC/R2RDAC_Lcfg.o
LOAD ./HAL/R2R_DAC/R2RDAC_program.o
LOAD ./HAL/RGB_LED/RGB_Lcfg.o
LOAD ./HAL/RGB_LED/RGB_program.o
LOAD ./HAL/SHIFT_REG_16BIT/SHIFTREG_Lcfg.o
LOAD ./HAL/SHIFT_REG_16BIT/SHIFTREG_program.o
LOAD ./HAL/TFT/TFT_Font.o
LOAD ./HAL/TFT/TFT_Lcfg.o
LOAD ./HAL/TFT/TFT_program.o
LOAD ./LIB/syscalls.o
LOAD ./LIB/sysmem.o
LOAD ./MCAL/DMA/DMA_Lcfg.o
LOAD ./MCAL/DMA/DMA_program.o
LOAD ./MCAL/EXTI/EXTI_Lcfg.o
LOAD ./MCAL/EXTI/EXTI_program.o
LOAD ./MCAL/FPEC/FPEC_program.o
LOAD ./MCAL/GPIO/GPIO_program.o
LOAD ./MCAL/NVIC/NVIC_program.o
LOAD ./MCAL/RCC/RCC_program.o
LOAD ./MCAL/SCB/SCB_program.o
LOAD ./MCAL/SPI/SPI_Lcfg.o
LOAD ./MCAL/SPI/SPI_program.o
LOAD ./MCAL/TIM/TIM_Lcfg.o
LOAD ./MCAL/TIM/TIM_program.o
LOAD ./SERVICES/FreeRTOS/Source/croutine.o
LOAD ./SERVICES/FreeRTOS/Source/event_groups.o
LOAD ./SERVICES/FreeRTOS/Source/list.o
LOAD ./SERVICES/FreeRTOS/Source/queue.o
LOAD ./SERVICES/FreeRTOS/Source/stream_buffer.o
LOAD ./SERVICES/FreeRTOS/Source/tasks.o
LOAD ./SERVICES/FreeRTOS/Source/timers.o
LOAD ./SERVICES/FreeRTOS/Source/portable/GCC/ARM_CM4F/port.o
LOAD ./SERVICES/FreeRTOS/Source/portable/MemMang/heap_4.o
LOAD ./Startup/System_Init.o
LOAD ./Startup/startup_stm32f401ccux.o
START GROUP
LOAD D:/Installed Programs/STM32CubeIDE_1.13.2/STM32CubeIDE/plugins/com.st.stm32cube.ide.mcu.externaltools.gnu-tools-for-stm32.11.3.rel1.win32_1.1.1.202309131626/tools/bin/../lib/gcc/arm-none-eabi/11.3.1/../../../../arm-none-eabi/lib/thumb/v7e-m+fp/hard\libc_nano.a
LOAD D:/Installed Programs/STM32CubeIDE_1.13.2/STM32CubeIDE/plugins/com.st.stm32cube.ide.mcu.externaltools.gnu-tools-for-stm32.11.3.rel1.win32_1.1.1.202309131626/tools/bin/../lib/gcc/arm-none-eabi/11.3.1/../../../../arm-none-eabi/lib/thumb/v7e-m+fp/hard\libm.a
END GROUP
START GROUP
LOAD D:/Installed Programs/STM32CubeIDE_1.13.2/STM32CubeIDE/plugins/com.st.stm32cube.ide.mcu.externaltools.gnu-tools-for-stm32.11.3.rel1.win32_1.1.1.202309131626/tools/bin/../lib/gcc/arm-none-eabi/11.3.1/thumb/v7e-m+fp/hard\libgcc.a
LOAD D:/Installed Programs/STM32CubeIDE_1.13.2/STM32CubeIDE/plugins/com.st.stm32cube.ide.mcu.externaltools.gnu-tools-for-stm32.11.3.rel1.win32_1.1.1.202309131626/tools/bin/../lib/gcc/arm-none-eabi/11.3.1/../../../../arm-none-eabi/lib/thumb/v7e-m+fp/hard\libc_nano.a
END GROUP
START GROUP
LOAD D:/Installed Programs/STM32CubeIDE_1.13.2/STM32CubeIDE/plugins/com.st.stm32cube.ide.mcu.externaltools.gnu-tools-for-stm32.11.3.rel1.win32_1.1.1.202309131626/tools/bin/../lib/gcc/arm-none-eabi/11.3.1/thumb/v7e-m+fp/hard\libgcc.a
LOAD D:/Installed Programs/STM32CubeIDE_1.13.2/STM32CubeIDE/plugins/com.st.stm32cube.ide.mcu.externaltools.gnu-tools-for-stm32.11.3.rel1.win32_1.1.1.202309131626/tools/bin/../lib/gcc/arm-none-eabi/11.3.1/../../../../arm-none-eabi/lib/thumb/v7e-m+fp/hard\libc_nano.a
LOAD D:/Installed Programs/STM32CubeIDE_1.13.2/STM32CubeIDE/plugins/com.st.stm32cube.ide.mcu.externaltools.gnu-tools-for-stm32.11.3.rel1.win32_1.1.1.202309131626/tools/bin/../lib/gcc/arm-none-eabi/11.3.1/../../../../arm-none-eabi/lib/thumb/v7e-m+fp/hard\libnosys.a
END GROUP
START GROUP
LOAD D:/Installed Programs/STM32CubeIDE_1.13.2/STM32CubeIDE/plugins/com.st.stm32cube.ide.mcu.externaltools.gnu-tools-for-stm32.11.3.rel1.win32_1.1.1.202309131626/tools/bin/../lib/gcc/arm-none-eabi/11.3.1/thumb/v7e-m+fp/hard\libgcc.a
LOAD D:/Installed Programs/STM32CubeIDE_1.13.2/STM32CubeIDE/plugins/com.st.stm32cube.ide.mcu.externaltools.gnu-tools-for-stm32.11.3.rel1.win32_1.1.1.202309131626/tools/bin/../lib/gcc/arm-none-eabi/11.3.1/../../../../arm-none-eabi/lib/thumb/v7e-m+fp/hard\libc_nano.a
LOAD D:/Installed Programs/STM32CubeIDE_1.13.2/STM32CubeIDE/plugins/com.st.stm32cube.ide.mcu.externaltools.gnu-tools-for-stm32.11.3.rel1.win32_1.1.1.202309131626/tools/bin/../lib/gcc/arm-none-eabi/11.3.1/../../../../arm-none-eabi/lib/thumb/v7e-m+fp/hard\libnosys.a
END GROUP
LOAD D:/Installed Programs/STM32CubeIDE_1.13.2/STM32CubeIDE/plugins/com.st.stm32cube.ide.mcu.externaltools.gnu-tools-for-stm32.11.3.rel1.win32_1.1.1.202309131626/tools/bin/../lib/gcc/arm-none-eabi/11.3.1/thumb/v7e-m+fp/hard/crtend.o
LOAD D:/Installed Programs/STM32CubeIDE_1.13.2/STM32CubeIDE/plugins/com.st.stm32cube.ide.mcu.externaltools.gnu-tools-for-stm32.11.3.rel1.win32_1.1.1.202309131626/tools/bin/../lib/gcc/arm-none-eabi/11.3.1/thumb/v7e-m+fp/hard/crtn.o
                0x0000000020010000                _estack = (ORIGIN (RAM) + LENGTH (RAM))
                0x0000000000000200                _Min_Heap_Size = 0x200
                0x0000000000000400                _Min_Stack_Size = 0x400

.isr_vector     0x0000000008004000      0x194
                0x0000000008004000                . = ALIGN (0x4)
 *(.isr_vector)
 .isr_vector    0x0000000008004000      0x194 ./Startup/startup_stm32f401ccux.o
                0x0000000008004000                g_pfnVectors
                0x0000000008004194                . = ALIGN (0x4)

.text           0x00000000080041a0     0x6404
                0x00000000080041a0                . = ALIGN (0x4)
 *(.text)
 .text          0x00000000080041a0       0x40 D:/Installed Programs/STM32CubeIDE_1.13.2/STM32CubeIDE/plugins/com.st.stm32cube.ide.mcu.externaltools.gnu-tools-for-stm32.11.3.rel1.win32_1.1.1.202309131626/tools/bin/../lib/gcc/arm-none-eabi/11.3.1/thumb/v7e-m+fp/hard/crtbegin.o
 .text          0x00000000080041e0      0x378 D:/Installed Programs/STM32CubeIDE_1.13.2/STM32CubeIDE/plugins/com.st.stm32cube.ide.mcu.externaltools.gnu-tools-for-stm32.11.3.rel1.win32_1.1.1.202309131626/tools/bin/../lib/gcc/arm-none-eabi/11.3.1/thumb/v7e-m+fp/hard\libgcc.a(_arm_addsubdf3.o)
                0x00000000080041e0                __aeabi_drsub
                0x00000000080041e8                __aeabi_dsub
                0x00000000080041e8                __subdf3
                0x00000000080041ec                __aeabi_dadd
                0x00000000080041ec                __adddf3
                0x0000000008004464                __floatunsidf
                0x0000000008004464                __aeabi_ui2d
                0x0000000008004484                __floatsidf
                0x0000000008004484                __aeabi_i2d
                0x00000000080044a8                __aeabi_f2d
                0x00000000080044a8                __extendsfdf2
                0x00000000080044ec                __floatundidf
                0x00000000080044ec                __aeabi_ul2d
                0x00000000080044fc                __floatdidf
                0x00000000080044fc                __aeabi_l2d
 .text          0x0000000008004558      0x424 D:/Installed Programs/STM32CubeIDE_1.13.2/STM32CubeIDE/plugins/com.st.stm32cube.ide.mcu.externaltools.gnu-tools-for-stm32.11.3.rel1.win32_1.1.1.202309131626/tools/bin/../lib/gcc/arm-none-eabi/11.3.1/thumb/v7e-m+fp/hard\libgcc.a(_arm_muldivdf3.o)
                0x0000000008004558                __aeabi_dmul
                0x0000000008004558                __muldf3
                0x00000000080047ac                __divdf3
                0x00000000080047ac                __aeabi_ddiv
 .text          0x000000000800497c       0x40 D:/Installed Programs/STM32CubeIDE_1.13.2/STM32CubeIDE/plugins/com.st.stm32cube.ide.mcu.externaltools.gnu-tools-for-stm32.11.3.rel1.win32_1.1.1.202309131626/tools/bin/../lib/gcc/arm-none-eabi/11.3.1/thumb/v7e-m+fp/hard\libgcc.a(_arm_fixunsdfsi.o)
                0x000000000800497c                __aeabi_d2uiz
                0x000000000800497c                __fixunsdfsi
 *(.text*)
 .text.IR_CALLBACK
                0x00000000080049bc       0xb4 ./APP/main.o
                0x00000000080049bc                IR_CALLBACK
 .text.InitTask
                0x0000000008004a70      0x11c ./APP/main.o
                0x0000000008004a70                InitTask
 .text.TFT_Task
                0x0000000008004b8c      0x1d4 ./APP/main.o
                0x0000000008004b8c                TFT_Task
 .text.DAC_Task
                0x0000000008004d60       0xac ./APP/main.o
                0x0000000008004d60                DAC_Task
 .text.RGBTimerCallback
                0x0000000008004e0c       0x58 ./APP/main.o
                0x0000000008004e0c                RGBTimerCallback
 .text.main     0x0000000008004e64       0x2c ./APP/main.o
                0x0000000008004e64                main
 .text.IR_voidInit
                0x0000000008004e90       0x98 ./HAL/IR_Receiver/IR_program.o
                0x0000000008004e90                IR_voidInit
 .text.IR_u32GetReceivedData
                0x0000000008004f28       0x18 ./HAL/IR_Receiver/IR_program.o
                0x0000000008004f28                IR_u32GetReceivedData
 .text.IR_EXTI_Handler
                0x0000000008004f40      0x158 ./HAL/IR_Receiver/IR_program.o
 .text.R2RDAC_Bit_init
                0x0000000008005098       0x7c ./HAL/R2R_DAC/R2RDAC_program.o
 .text.R2RDAC_voidInit
                0x0000000008005114       0x3c ./HAL/R2R_DAC/R2RDAC_program.o
                0x0000000008005114                R2RDAC_voidInit
 .text.RGB_init_led
                0x0000000008005150       0x7c ./HAL/RGB_LED/RGB_program.o
 .text.RGB_voidInit
                0x00000000080051cc       0x40 ./HAL/RGB_LED/RGB_program.o
                0x00000000080051cc                RGB_voidInit
 .text.RGB_voidSetColor
                0x000000000800520c       0xc0 ./HAL/RGB_LED/RGB_program.o
                0x000000000800520c                RGB_voidSetColor
 .text.TFT_GPIO_PinsInit
                0x00000000080052cc       0x58 ./HAL/TFT/TFT_program.o
 .text.TFT_ResetSequence
                0x0000000008005324       0xdc ./HAL/TFT/TFT_program.o
 .text.TFT_voidSendCommand
                0x0000000008005400       0x36 ./HAL/TFT/TFT_program.o
 .text.TFT_voidSendData
                0x0000000008005436       0x36 ./HAL/TFT/TFT_program.o
 .text.TFT_voidInit
                0x000000000800546c       0xb4 ./HAL/TFT/TFT_program.o
                0x000000000800546c                TFT_voidInit
 .text.TFT_voidSetWindow
                0x0000000008005520       0x82 ./HAL/TFT/TFT_program.o
                0x0000000008005520                TFT_voidSetWindow
 .text.TFT_voidDisplayFullImage
                0x00000000080055a2       0x44 ./HAL/TFT/TFT_program.o
                0x00000000080055a2                TFT_voidDisplayFullImage
 .text.TFT_FillScreen
                0x00000000080055e6       0x84 ./HAL/TFT/TFT_program.o
                0x00000000080055e6                TFT_FillScreen
 .text.TFT_ClearScreen
                0x000000000800566a       0x30 ./HAL/TFT/TFT_program.o
                0x000000000800566a                TFT_ClearScreen
 .text.DMA_ClearTCInterruptFlag
                0x000000000800569a       0xe2 ./MCAL/DMA/DMA_program.o
 .text.DMA_Interrupt_Init
                0x000000000800577c       0xec ./MCAL/DMA/DMA_program.o
 .text.MDMA_voidInit
                0x0000000008005868       0xa8 ./MCAL/DMA/DMA_program.o
                0x0000000008005868                MDMA_voidInit
 .text.MDMA_voidStart
                0x0000000008005910       0xc4 ./MCAL/DMA/DMA_program.o
                0x0000000008005910                MDMA_voidStart
 .text.DMA1_Stream0_IRQHandler
                0x00000000080059d4       0x2c ./MCAL/DMA/DMA_program.o
                0x00000000080059d4                DMA1_Stream0_IRQHandler
 .text.DMA1_Stream1_IRQHandler
                0x0000000008005a00       0x2c ./MCAL/DMA/DMA_program.o
                0x0000000008005a00                DMA1_Stream1_IRQHandler
 .text.DMA1_Stream2_IRQHandler
                0x0000000008005a2c       0x2c ./MCAL/DMA/DMA_program.o
                0x0000000008005a2c                DMA1_Stream2_IRQHandler
 .text.DMA1_Stream3_IRQHandler
                0x0000000008005a58       0x2c ./MCAL/DMA/DMA_program.o
                0x0000000008005a58                DMA1_Stream3_IRQHandler
 .text.DMA1_Stream4_IRQHandler
                0x0000000008005a84       0x2c ./MCAL/DMA/DMA_program.o
                0x0000000008005a84                DMA1_Stream4_IRQHandler
 .text.DMA1_Stream5_IRQHandler
                0x0000000008005ab0       0x2c ./MCAL/DMA/DMA_program.o
                0x0000000008005ab0                DMA1_Stream5_IRQHandler
 .text.DMA1_Stream6_IRQHandler
                0x0000000008005adc       0x2c ./MCAL/DMA/DMA_program.o
                0x0000000008005adc                DMA1_Stream6_IRQHandler
 .text.DMA1_Stream7_IRQHandler
                0x0000000008005b08       0x2c ./MCAL/DMA/DMA_program.o
                0x0000000008005b08                DMA1_Stream7_IRQHandler
 .text.DMA2_Stream0_IRQHandler
                0x0000000008005b34       0x2c ./MCAL/DMA/DMA_program.o
                0x0000000008005b34                DMA2_Stream0_IRQHandler
 .text.DMA2_Stream1_IRQHandler
                0x0000000008005b60       0x2c ./MCAL/DMA/DMA_program.o
                0x0000000008005b60                DMA2_Stream1_IRQHandler
 .text.DMA2_Stream2_IRQHandler
                0x0000000008005b8c       0x2c ./MCAL/DMA/DMA_program.o
                0x0000000008005b8c                DMA2_Stream2_IRQHandler
 .text.DMA2_Stream3_IRQHandler
                0x0000000008005bb8       0x2c ./MCAL/DMA/DMA_program.o
                0x0000000008005bb8                DMA2_Stream3_IRQHandler
 .text.DMA2_Stream4_IRQHandler
                0x0000000008005be4       0x2c ./MCAL/DMA/DMA_program.o
                0x0000000008005be4                DMA2_Stream4_IRQHandler
 .text.DMA2_Stream5_IRQHandler
                0x0000000008005c10       0x2c ./MCAL/DMA/DMA_program.o
                0x0000000008005c10                DMA2_Stream5_IRQHandler
 .text.DMA2_Stream6_IRQHandler
                0x0000000008005c3c       0x2c ./MCAL/DMA/DMA_program.o
                0x0000000008005c3c                DMA2_Stream6_IRQHandler
 .text.DMA2_Stream7_IRQHandler
                0x0000000008005c68       0x2c ./MCAL/DMA/DMA_program.o
                0x0000000008005c68                DMA2_Stream7_IRQHandler
 .text.MEXTI_voidInit
                0x0000000008005c94      0x21c ./MCAL/EXTI/EXTI_program.o
                0x0000000008005c94                MEXTI_voidInit
 .text.MEXTI_voidClearPendingFlag
                0x0000000008005eb0       0x30 ./MCAL/EXTI/EXTI_program.o
                0x0000000008005eb0                MEXTI_voidClearPendingFlag
 .text.MEXTI_u8GetPendingFlag
                0x0000000008005ee0       0x2c ./MCAL/EXTI/EXTI_program.o
                0x0000000008005ee0                MEXTI_u8GetPendingFlag
 .text.EXTI0_IRQHandler
                0x0000000008005f0c       0x20 ./MCAL/EXTI/EXTI_program.o
                0x0000000008005f0c                EXTI0_IRQHandler
 .text.EXTI1_IRQHandler
                0x0000000008005f2c       0x20 ./MCAL/EXTI/EXTI_program.o
                0x0000000008005f2c                EXTI1_IRQHandler
 .text.EXTI2_IRQHandler
                0x0000000008005f4c       0x20 ./MCAL/EXTI/EXTI_program.o
                0x0000000008005f4c                EXTI2_IRQHandler
 .text.EXTI3_IRQHandler
                0x0000000008005f6c       0x20 ./MCAL/EXTI/EXTI_program.o
                0x0000000008005f6c                EXTI3_IRQHandler
 .text.EXTI4_IRQHandler
                0x0000000008005f8c       0x20 ./MCAL/EXTI/EXTI_program.o
                0x0000000008005f8c                EXTI4_IRQHandler
 .text.EXTI9_5_IRQHandler
                0x0000000008005fac       0xb4 ./MCAL/EXTI/EXTI_program.o
                0x0000000008005fac                EXTI9_5_IRQHandler
 .text.EXTI15_10_IRQHandler
                0x0000000008006060       0xd8 ./MCAL/EXTI/EXTI_program.o
                0x0000000008006060                EXTI15_10_IRQHandler
 .text.GPIO_voidSetPinMode
                0x0000000008006138       0xb4 ./MCAL/GPIO/GPIO_program.o
                0x0000000008006138                GPIO_voidSetPinMode
 .text.GPIO_voidSetPinOutputMode
                0x00000000080061ec       0xa4 ./MCAL/GPIO/GPIO_program.o
                0x00000000080061ec                GPIO_voidSetPinOutputMode
 .text.GPIO_voidSetPinAlternateFunction
                0x0000000008006290      0x150 ./MCAL/GPIO/GPIO_program.o
                0x0000000008006290                GPIO_voidSetPinAlternateFunction
 .text.GPIO_voidSetPinOutputSpeed
                0x00000000080063e0       0xb4 ./MCAL/GPIO/GPIO_program.o
                0x00000000080063e0                GPIO_voidSetPinOutputSpeed
 .text.GPIO_voidSetPinValue
                0x0000000008006494       0xc0 ./MCAL/GPIO/GPIO_program.o
                0x0000000008006494                GPIO_voidSetPinValue
 .text.GPIO_voidSetPinPullUpDownResistor
                0x0000000008006554       0xb4 ./MCAL/GPIO/GPIO_program.o
                0x0000000008006554                GPIO_voidSetPinPullUpDownResistor
 .text.MNVIC_voidEnableIRQ
                0x0000000008006608       0x3c ./MCAL/NVIC/NVIC_program.o
                0x0000000008006608                MNVIC_voidEnableIRQ
 .text.MNVIC_voidSetPriority
                0x0000000008006644       0x38 ./MCAL/NVIC/NVIC_program.o
                0x0000000008006644                MNVIC_voidSetPriority
 .text.RCC_void_PLL_Init
                0x000000000800667c       0xc0 ./MCAL/RCC/RCC_program.o
 .text.RCC_void_AHB1Prescaler_Init
                0x000000000800673c       0x28 ./MCAL/RCC/RCC_program.o
 .text.RCC_void_APB1Prescaler_Init
                0x0000000008006764       0x2c ./MCAL/RCC/RCC_program.o
 .text.RCC_void_APB2Prescaler_Init
                0x0000000008006790       0x28 ./MCAL/RCC/RCC_program.o
 .text.RCC_voidInit
                0x00000000080067b8       0x18 ./MCAL/RCC/RCC_program.o
                0x00000000080067b8                RCC_voidInit
 .text.RCC_voidEnablePeripheralClock
                0x00000000080067d0       0x80 ./MCAL/RCC/RCC_program.o
                0x00000000080067d0                RCC_voidEnablePeripheralClock
 .text.SystemReset
                0x0000000008006850       0x20 ./MCAL/SCB/SCB_program.o
                0x0000000008006850                SystemReset
 .text.MSPI_GPIOInit
                0x0000000008006870       0xd8 ./MCAL/SPI/SPI_program.o
 .text.SPI_Timeout_Handler
                0x0000000008006948       0x18 ./MCAL/SPI/SPI_program.o
 .text.MSPIx_voidClockEnable
                0x0000000008006960       0x44 ./MCAL/SPI/SPI_program.o
 .text.MSPI_voidInit
                0x00000000080069a4       0x94 ./MCAL/SPI/SPI_program.o
                0x00000000080069a4                MSPI_voidInit
 .text.MSPI_TransmitByte
                0x0000000008006a38       0xa0 ./MCAL/SPI/SPI_program.o
                0x0000000008006a38                MSPI_TransmitByte
 .text.MSPI_DMA_Transmit
                0x0000000008006ad8       0x64 ./MCAL/SPI/SPI_program.o
                0x0000000008006ad8                MSPI_DMA_Transmit
 .text.SPI1_IRQHandler
                0x0000000008006b3c        0xe ./MCAL/SPI/SPI_program.o
                0x0000000008006b3c                SPI1_IRQHandler
 .text.SPI2_IRQHandler
                0x0000000008006b4a        0xe ./MCAL/SPI/SPI_program.o
                0x0000000008006b4a                SPI2_IRQHandler
 .text.SPI3_IRQHandler
                0x0000000008006b58        0xe ./MCAL/SPI/SPI_program.o
                0x0000000008006b58                SPI3_IRQHandler
 *fill*         0x0000000008006b66        0x2 
 .text.TIM_RCC_ENABLE
                0x0000000008006b68       0xbc ./MCAL/TIM/TIM_program.o
 .text.TIM_GPIO_INIT
                0x0000000008006c24      0x12c ./MCAL/TIM/TIM_program.o
 .text.TIM_Update_INT_Init
                0x0000000008006d50      0x164 ./MCAL/TIM/TIM_program.o
 .text.TIM_Capture_Compare_INT_Init
                0x0000000008006eb4      0x164 ./MCAL/TIM/TIM_program.o
 .text.TIM_PWM_INIT
                0x0000000008007018       0x84 ./MCAL/TIM/TIM_program.o
 .text.TIM_IC_INIT
                0x000000000800709c       0x50 ./MCAL/TIM/TIM_program.o
 .text.TIM_Init
                0x00000000080070ec       0xf0 ./MCAL/TIM/TIM_program.o
                0x00000000080070ec                TIM_Init
 .text.TIM_DeInit
                0x00000000080071dc       0x44 ./MCAL/TIM/TIM_program.o
                0x00000000080071dc                TIM_DeInit
 .text.TIM_GetElapsedTime
                0x0000000008007220       0x42 ./MCAL/TIM/TIM_program.o
                0x0000000008007220                TIM_GetElapsedTime
 *fill*         0x0000000008007262        0x2 
 .text.TIM_SingleInterval
                0x0000000008007264      0x108 ./MCAL/TIM/TIM_program.o
                0x0000000008007264                TIM_SingleInterval
 .text.TIM_SetPreload
                0x000000000800736c       0x54 ./MCAL/TIM/TIM_program.o
                0x000000000800736c                TIM_SetPreload
 .text.TIM1_UP_TIM10_IRQHandler
                0x00000000080073c0       0xe8 ./MCAL/TIM/TIM_program.o
                0x00000000080073c0                TIM1_UP_TIM10_IRQHandler
 .text.TIM1_TRG_COM_TIM11_IRQHandler
                0x00000000080074a8       0x94 ./MCAL/TIM/TIM_program.o
                0x00000000080074a8                TIM1_TRG_COM_TIM11_IRQHandler
 .text.TIM1_BRK_TIM9_IRQHandler
                0x000000000800753c       0x94 ./MCAL/TIM/TIM_program.o
                0x000000000800753c                TIM1_BRK_TIM9_IRQHandler
 .text.TIM1_CC_IRQHandler
                0x00000000080075d0       0x2c ./MCAL/TIM/TIM_program.o
                0x00000000080075d0                TIM1_CC_IRQHandler
 .text.TIM2_IRQHandler
                0x00000000080075fc       0xa8 ./MCAL/TIM/TIM_program.o
                0x00000000080075fc                TIM2_IRQHandler
 .text.TIM3_IRQHandler
                0x00000000080076a4       0x94 ./MCAL/TIM/TIM_program.o
                0x00000000080076a4                TIM3_IRQHandler
 .text.TIM4_IRQHandler
                0x0000000008007738       0x94 ./MCAL/TIM/TIM_program.o
                0x0000000008007738                TIM4_IRQHandler
 .text.TIM5_IRQHandler
                0x00000000080077cc       0x94 ./MCAL/TIM/TIM_program.o
                0x00000000080077cc                TIM5_IRQHandler
 .text.vListInitialise
                0x0000000008007860       0x40 ./SERVICES/FreeRTOS/Source/list.o
                0x0000000008007860                vListInitialise
 .text.vListInitialiseItem
                0x00000000080078a0       0x1a ./SERVICES/FreeRTOS/Source/list.o
                0x00000000080078a0                vListInitialiseItem
 .text.vListInsertEnd
                0x00000000080078ba       0x48 ./SERVICES/FreeRTOS/Source/list.o
                0x00000000080078ba                vListInsertEnd
 .text.vListInsert
                0x0000000008007902       0x72 ./SERVICES/FreeRTOS/Source/list.o
                0x0000000008007902                vListInsert
 .text.uxListRemove
                0x0000000008007974       0x54 ./SERVICES/FreeRTOS/Source/list.o
                0x0000000008007974                uxListRemove
 .text.xQueueGenericReset
                0x00000000080079c8       0xd0 ./SERVICES/FreeRTOS/Source/queue.o
                0x00000000080079c8                xQueueGenericReset
 .text.xQueueGenericCreate
                0x0000000008007a98       0x6c ./SERVICES/FreeRTOS/Source/queue.o
                0x0000000008007a98                xQueueGenericCreate
 .text.prvInitialiseNewQueue
                0x0000000008007b04       0x46 ./SERVICES/FreeRTOS/Source/queue.o
 .text.prvInitialiseMutex
                0x0000000008007b4a       0x34 ./SERVICES/FreeRTOS/Source/queue.o
 .text.xQueueCreateMutex
                0x0000000008007b7e       0x30 ./SERVICES/FreeRTOS/Source/queue.o
                0x0000000008007b7e                xQueueCreateMutex
 *fill*         0x0000000008007bae        0x2 
 .text.xQueueGenericSend
                0x0000000008007bb0      0x1fc ./SERVICES/FreeRTOS/Source/queue.o
                0x0000000008007bb0                xQueueGenericSend
 .text.xQueueGenericSendFromISR
                0x0000000008007dac      0x136 ./SERVICES/FreeRTOS/Source/queue.o
                0x0000000008007dac                xQueueGenericSendFromISR
 *fill*         0x0000000008007ee2        0x2 
 .text.xQueueReceive
                0x0000000008007ee4      0x1c0 ./SERVICES/FreeRTOS/Source/queue.o
                0x0000000008007ee4                xQueueReceive
 .text.xQueueSemaphoreTake
                0x00000000080080a4      0x218 ./SERVICES/FreeRTOS/Source/queue.o
                0x00000000080080a4                xQueueSemaphoreTake
 .text.prvGetDisinheritPriorityAfterTimeout
                0x00000000080082bc       0x30 ./SERVICES/FreeRTOS/Source/queue.o
 .text.prvCopyDataToQueue
                0x00000000080082ec       0xd4 ./SERVICES/FreeRTOS/Source/queue.o
 .text.prvCopyDataFromQueue
                0x00000000080083c0       0x4c ./SERVICES/FreeRTOS/Source/queue.o
 .text.prvUnlockQueue
                0x000000000800840c       0xa4 ./SERVICES/FreeRTOS/Source/queue.o
 .text.prvIsQueueEmpty
                0x00000000080084b0       0x2c ./SERVICES/FreeRTOS/Source/queue.o
 .text.prvIsQueueFull
                0x00000000080084dc       0x30 ./SERVICES/FreeRTOS/Source/queue.o
 .text.vQueueAddToRegistry
                0x000000000800850c       0x54 ./SERVICES/FreeRTOS/Source/queue.o
                0x000000000800850c                vQueueAddToRegistry
 .text.vQueueWaitForMessageRestricted
                0x0000000008008560       0x68 ./SERVICES/FreeRTOS/Source/queue.o
                0x0000000008008560                vQueueWaitForMessageRestricted
 .text.xTaskCreate
                0x00000000080085c8       0x82 ./SERVICES/FreeRTOS/Source/tasks.o
                0x00000000080085c8                xTaskCreate
 .text.prvInitialiseNewTask
                0x000000000800864a      0x124 ./SERVICES/FreeRTOS/Source/tasks.o
 *fill*         0x000000000800876e        0x2 
 .text.prvAddNewTaskToReadyList
                0x0000000008008770       0xe0 ./SERVICES/FreeRTOS/Source/tasks.o
 .text.vTaskDelete
                0x0000000008008850       0xe4 ./SERVICES/FreeRTOS/Source/tasks.o
                0x0000000008008850                vTaskDelete
 .text.vTaskDelay
                0x0000000008008934       0x68 ./SERVICES/FreeRTOS/Source/tasks.o
                0x0000000008008934                vTaskDelay
 .text.vTaskStartScheduler
                0x000000000800899c       0x9c ./SERVICES/FreeRTOS/Source/tasks.o
                0x000000000800899c                vTaskStartScheduler
 .text.vTaskSuspendAll
                0x0000000008008a38       0x1c ./SERVICES/FreeRTOS/Source/tasks.o
                0x0000000008008a38                vTaskSuspendAll
 .text.xTaskResumeAll
                0x0000000008008a54      0x13c ./SERVICES/FreeRTOS/Source/tasks.o
                0x0000000008008a54                xTaskResumeAll
 .text.xTaskGetTickCount
                0x0000000008008b90       0x20 ./SERVICES/FreeRTOS/Source/tasks.o
                0x0000000008008b90                xTaskGetTickCount
 .text.xTaskGetTickCountFromISR
                0x0000000008008bb0       0x24 ./SERVICES/FreeRTOS/Source/tasks.o
                0x0000000008008bb0                xTaskGetTickCountFromISR
 .text.xTaskIncrementTick
                0x0000000008008bd4      0x174 ./SERVICES/FreeRTOS/Source/tasks.o
                0x0000000008008bd4                xTaskIncrementTick
 .text.vTaskSwitchContext
                0x0000000008008d48       0xbc ./SERVICES/FreeRTOS/Source/tasks.o
                0x0000000008008d48                vTaskSwitchContext
 .text.vTaskPlaceOnEventList
                0x0000000008008e04       0x48 ./SERVICES/FreeRTOS/Source/tasks.o
                0x0000000008008e04                vTaskPlaceOnEventList
 .text.vTaskPlaceOnEventListRestricted
                0x0000000008008e4c       0x58 ./SERVICES/FreeRTOS/Source/tasks.o
                0x0000000008008e4c                vTaskPlaceOnEventListRestricted
 .text.xTaskRemoveFromEventList
                0x0000000008008ea4       0xc8 ./SERVICES/FreeRTOS/Source/tasks.o
                0x0000000008008ea4                xTaskRemoveFromEventList
 .text.vTaskInternalSetTimeOutState
                0x0000000008008f6c       0x2c ./SERVICES/FreeRTOS/Source/tasks.o
                0x0000000008008f6c                vTaskInternalSetTimeOutState
 .text.xTaskCheckForTimeOut
                0x0000000008008f98       0xc4 ./SERVICES/FreeRTOS/Source/tasks.o
                0x0000000008008f98                xTaskCheckForTimeOut
 .text.vTaskMissedYield
                0x000000000800905c       0x18 ./SERVICES/FreeRTOS/Source/tasks.o
                0x000000000800905c                vTaskMissedYield
 .text.prvIdleTask
                0x0000000008009074       0x30 ./SERVICES/FreeRTOS/Source/tasks.o
 .text.prvInitialiseTaskLists
                0x00000000080090a4       0x80 ./SERVICES/FreeRTOS/Source/tasks.o
 .text.prvCheckTasksWaitingTermination
                0x0000000008009124       0x5c ./SERVICES/FreeRTOS/Source/tasks.o
 .text.prvDeleteTCB
                0x0000000008009180       0x20 ./SERVICES/FreeRTOS/Source/tasks.o
 .text.prvResetNextTaskUnblockTime
                0x00000000080091a0       0x40 ./SERVICES/FreeRTOS/Source/tasks.o
 .text.xTaskGetSchedulerState
                0x00000000080091e0       0x3c ./SERVICES/FreeRTOS/Source/tasks.o
                0x00000000080091e0                xTaskGetSchedulerState
 .text.xTaskPriorityInherit
                0x000000000800921c       0xd0 ./SERVICES/FreeRTOS/Source/tasks.o
                0x000000000800921c                xTaskPriorityInherit
 .text.xTaskPriorityDisinherit
                0x00000000080092ec       0xdc ./SERVICES/FreeRTOS/Source/tasks.o
                0x00000000080092ec                xTaskPriorityDisinherit
 .text.vTaskPriorityDisinheritAfterTimeout
                0x00000000080093c8      0x104 ./SERVICES/FreeRTOS/Source/tasks.o
                0x00000000080093c8                vTaskPriorityDisinheritAfterTimeout
 .text.pvTaskIncrementMutexHeldCount
                0x00000000080094cc       0x28 ./SERVICES/FreeRTOS/Source/tasks.o
                0x00000000080094cc                pvTaskIncrementMutexHeldCount
 .text.prvAddCurrentTaskToDelayedList
                0x00000000080094f4       0xa8 ./SERVICES/FreeRTOS/Source/tasks.o
 .text.xTimerCreateTimerTask
                0x000000000800959c       0x64 ./SERVICES/FreeRTOS/Source/timers.o
                0x000000000800959c                xTimerCreateTimerTask
 .text.xTimerCreate
                0x0000000008009600       0x42 ./SERVICES/FreeRTOS/Source/timers.o
                0x0000000008009600                xTimerCreate
 .text.prvInitialiseNewTimer
                0x0000000008009642       0x76 ./SERVICES/FreeRTOS/Source/timers.o
 .text.xTimerGenericCommand
                0x00000000080096b8       0x9c ./SERVICES/FreeRTOS/Source/timers.o
                0x00000000080096b8                xTimerGenericCommand
 .text.prvProcessExpiredTimer
                0x0000000008009754       0x98 ./SERVICES/FreeRTOS/Source/timers.o
 .text.prvTimerTask
                0x00000000080097ec       0x24 ./SERVICES/FreeRTOS/Source/timers.o
 .text.prvProcessTimerOrBlockTask
                0x0000000008009810       0x9c ./SERVICES/FreeRTOS/Source/timers.o
 .text.prvGetNextExpireTime
                0x00000000080098ac       0x48 ./SERVICES/FreeRTOS/Source/timers.o
 .text.prvSampleTimeNow
                0x00000000080098f4       0x40 ./SERVICES/FreeRTOS/Source/timers.o
 .text.prvInsertTimerInActiveList
                0x0000000008009934       0x84 ./SERVICES/FreeRTOS/Source/timers.o
 .text.prvProcessReceivedCommands
                0x00000000080099b8      0x18c ./SERVICES/FreeRTOS/Source/timers.o
 .text.prvSwitchTimerLists
                0x0000000008009b44       0xc8 ./SERVICES/FreeRTOS/Source/timers.o
 .text.prvCheckForValidListAndQueue
                0x0000000008009c0c       0x6c ./SERVICES/FreeRTOS/Source/timers.o
 .text.pxPortInitialiseStack
                0x0000000008009c78       0x68 ./SERVICES/FreeRTOS/Source/portable/GCC/ARM_CM4F/port.o
                0x0000000008009c78                pxPortInitialiseStack
 .text.prvTaskExitError
                0x0000000008009ce0       0x58 ./SERVICES/FreeRTOS/Source/portable/GCC/ARM_CM4F/port.o
 *fill*         0x0000000008009d38        0x8 
 .text.SVC_Handler
                0x0000000008009d40       0x28 ./SERVICES/FreeRTOS/Source/portable/GCC/ARM_CM4F/port.o
                0x0000000008009d40                SVC_Handler
 .text.prvPortStartFirstTask
                0x0000000008009d68       0x2c ./SERVICES/FreeRTOS/Source/portable/GCC/ARM_CM4F/port.o
 .text.xPortStartScheduler
                0x0000000008009d94      0x144 ./SERVICES/FreeRTOS/Source/portable/GCC/ARM_CM4F/port.o
                0x0000000008009d94                xPortStartScheduler
 .text.vPortEnterCritical
                0x0000000008009ed8       0x60 ./SERVICES/FreeRTOS/Source/portable/GCC/ARM_CM4F/port.o
                0x0000000008009ed8                vPortEnterCritical
 .text.vPortExitCritical
                0x0000000008009f38       0x54 ./SERVICES/FreeRTOS/Source/portable/GCC/ARM_CM4F/port.o
                0x0000000008009f38                vPortExitCritical
 *fill*         0x0000000008009f8c        0x4 
 .text.PendSV_Handler
                0x0000000008009f90       0x68 ./SERVICES/FreeRTOS/Source/portable/GCC/ARM_CM4F/port.o
                0x0000000008009f90                PendSV_Handler
 .text.SysTick_Handler
                0x0000000008009ff8       0x44 ./SERVICES/FreeRTOS/Source/portable/GCC/ARM_CM4F/port.o
                0x0000000008009ff8                SysTick_Handler
 .text.vPortSetupTimerInterrupt
                0x000000000800a03c       0x34 ./SERVICES/FreeRTOS/Source/portable/GCC/ARM_CM4F/port.o
                0x000000000800a03c                vPortSetupTimerInterrupt
 .text.vPortEnableVFP
                0x000000000800a070       0x18 ./SERVICES/FreeRTOS/Source/portable/GCC/ARM_CM4F/port.o
 .text.vPortValidateInterruptPriority
                0x000000000800a088       0x80 ./SERVICES/FreeRTOS/Source/portable/GCC/ARM_CM4F/port.o
                0x000000000800a088                vPortValidateInterruptPriority
 .text.pvPortMalloc
                0x000000000800a108      0x174 ./SERVICES/FreeRTOS/Source/portable/MemMang/heap_4.o
                0x000000000800a108                pvPortMalloc
 .text.vPortFree
                0x000000000800a27c       0xb8 ./SERVICES/FreeRTOS/Source/portable/MemMang/heap_4.o
                0x000000000800a27c                vPortFree
 .text.prvHeapInit
                0x000000000800a334       0xb8 ./SERVICES/FreeRTOS/Source/portable/MemMang/heap_4.o
 .text.prvInsertBlockIntoFreeList
                0x000000000800a3ec       0xb4 ./SERVICES/FreeRTOS/Source/portable/MemMang/heap_4.o
 .text.SystemInit
                0x000000000800a4a0       0x24 ./Startup/System_Init.o
                0x000000000800a4a0                SystemInit
 .text.Reset_Handler
                0x000000000800a4c4       0x50 ./Startup/startup_stm32f401ccux.o
                0x000000000800a4c4                Reset_Handler
 .text.Default_Handler
                0x000000000800a514        0x2 ./Startup/startup_stm32f401ccux.o
                0x000000000800a514                DebugMon_Handler
                0x000000000800a514                SPI4_IRQHandler
                0x000000000800a514                HardFault_Handler
                0x000000000800a514                SDIO_IRQHandler
                0x000000000800a514                TAMP_STAMP_IRQHandler
                0x000000000800a514                NMI_Handler
                0x000000000800a514                I2C3_ER_IRQHandler
                0x000000000800a514                EXTI18_OTG_FS_WKUP_IRQHandler
                0x000000000800a514                I2C2_EV_IRQHandler
                0x000000000800a514                UsageFault_Handler
                0x000000000800a514                USART6_IRQHandler
                0x000000000800a514                I2C1_EV_IRQHandler
                0x000000000800a514                RCC_IRQHandler
                0x000000000800a514                Default_Handler
                0x000000000800a514                ADC_IRQHandler
                0x000000000800a514                I2C3_EV_IRQHandler
                0x000000000800a514                MemManage_Handler
                0x000000000800a514                EXTI22_RTC_WKUP_IRQHandler
                0x000000000800a514                EXTI16_PVD_IRQHandler
                0x000000000800a514                EXTI17_RTC_Alarm_IRQHandler
                0x000000000800a514                USART2_IRQHandler
                0x000000000800a514                I2C2_ER_IRQHandler
                0x000000000800a514                FLASH_IRQHandler
                0x000000000800a514                BusFault_Handler
                0x000000000800a514                USART1_IRQHandler
                0x000000000800a514                OTG_FS_IRQHandler
                0x000000000800a514                I2C1_ER_IRQHandler
 .text.memset   0x000000000800a516       0x10 D:/Installed Programs/STM32CubeIDE_1.13.2/STM32CubeIDE/plugins/com.st.stm32cube.ide.mcu.externaltools.gnu-tools-for-stm32.11.3.rel1.win32_1.1.1.202309131626/tools/bin/../lib/gcc/arm-none-eabi/11.3.1/../../../../arm-none-eabi/lib/thumb/v7e-m+fp/hard\libc_nano.a(libc_a-memset.o)
                0x000000000800a516                memset
 *fill*         0x000000000800a526        0x2 
 .text.__libc_init_array
                0x000000000800a528       0x48 D:/Installed Programs/STM32CubeIDE_1.13.2/STM32CubeIDE/plugins/com.st.stm32cube.ide.mcu.externaltools.gnu-tools-for-stm32.11.3.rel1.win32_1.1.1.202309131626/tools/bin/../lib/gcc/arm-none-eabi/11.3.1/../../../../arm-none-eabi/lib/thumb/v7e-m+fp/hard\libc_nano.a(libc_a-init.o)
                0x000000000800a528                __libc_init_array
 .text.memcpy   0x000000000800a570       0x1c D:/Installed Programs/STM32CubeIDE_1.13.2/STM32CubeIDE/plugins/com.st.stm32cube.ide.mcu.externaltools.gnu-tools-for-stm32.11.3.rel1.win32_1.1.1.202309131626/tools/bin/../lib/gcc/arm-none-eabi/11.3.1/../../../../arm-none-eabi/lib/thumb/v7e-m+fp/hard\libc_nano.a(libc_a-memcpy-stub.o)
                0x000000000800a570                memcpy
 *(.glue_7)
 .glue_7        0x000000000800a58c        0x0 linker stubs
 *(.glue_7t)
 .glue_7t       0x000000000800a58c        0x0 linker stubs
 *(.eh_frame)
 .eh_frame      0x000000000800a58c        0x0 D:/Installed Programs/STM32CubeIDE_1.13.2/STM32CubeIDE/plugins/com.st.stm32cube.ide.mcu.externaltools.gnu-tools-for-stm32.11.3.rel1.win32_1.1.1.202309131626/tools/bin/../lib/gcc/arm-none-eabi/11.3.1/thumb/v7e-m+fp/hard/crtbegin.o
 *(.init)
 .init          0x000000000800a58c        0x4 D:/Installed Programs/STM32CubeIDE_1.13.2/STM32CubeIDE/plugins/com.st.stm32cube.ide.mcu.externaltools.gnu-tools-for-stm32.11.3.rel1.win32_1.1.1.202309131626/tools/bin/../lib/gcc/arm-none-eabi/11.3.1/thumb/v7e-m+fp/hard/crti.o
                0x000000000800a58c                _init
 .init          0x000000000800a590        0x8 D:/Installed Programs/STM32CubeIDE_1.13.2/STM32CubeIDE/plugins/com.st.stm32cube.ide.mcu.externaltools.gnu-tools-for-stm32.11.3.rel1.win32_1.1.1.202309131626/tools/bin/../lib/gcc/arm-none-eabi/11.3.1/thumb/v7e-m+fp/hard/crtn.o
 *(.fini)
 .fini          0x000000000800a598        0x4 D:/Installed Programs/STM32CubeIDE_1.13.2/STM32CubeIDE/plugins/com.st.stm32cube.ide.mcu.externaltools.gnu-tools-for-stm32.11.3.rel1.win32_1.1.1.202309131626/tools/bin/../lib/gcc/arm-none-eabi/11.3.1/thumb/v7e-m+fp/hard/crti.o
                0x000000000800a598                _fini
 .fini          0x000000000800a59c        0x8 D:/Installed Programs/STM32CubeIDE_1.13.2/STM32CubeIDE/plugins/com.st.stm32cube.ide.mcu.externaltools.gnu-tools-for-stm32.11.3.rel1.win32_1.1.1.202309131626/tools/bin/../lib/gcc/arm-none-eabi/11.3.1/thumb/v7e-m+fp/hard/crtn.o
                0x000000000800a5a4                . = ALIGN (0x4)
                0x000000000800a5a4                _etext = .

.vfp11_veneer   0x000000000800a5a4        0x0
 .vfp11_veneer  0x000000000800a5a4        0x0 linker stubs

.v4_bx          0x000000000800a5a4        0x0
 .v4_bx         0x000000000800a5a4        0x0 linker stubs

.iplt           0x000000000800a5a4        0x0
 .iplt          0x000000000800a5a4        0x0 D:/Installed Programs/STM32CubeIDE_1.13.2/STM32CubeIDE/plugins/com.st.stm32cube.ide.mcu.externaltools.gnu-tools-for-stm32.11.3.rel1.win32_1.1.1.202309131626/tools/bin/../lib/gcc/arm-none-eabi/11.3.1/thumb/v7e-m+fp/hard/crtbegin.o

.rodata         0x000000000800a5a4    0x2f5c4
                0x000000000800a5a4                . = ALIGN (0x4)
 *(.rodata)
 .rodata        0x000000000800a5a4       0x29 ./APP/main.o
 *fill*         0x000000000800a5cd        0x3 
 .rodata        0x000000000800a5d0        0x5 ./SERVICES/FreeRTOS/Source/tasks.o
 *fill*         0x000000000800a5d5        0x3 
 .rodata        0x000000000800a5d8        0xd ./SERVICES/FreeRTOS/Source/timers.o
 *(.rodata*)
 *fill*         0x000000000800a5e5        0x3 
 .rodata.AmrDiab_Image
                0x000000000800a5e8     0xa000 ./APP/main.o
                0x000000000800a5e8                AmrDiab_Image
 .rodata.Mounir_Image
                0x00000000080145e8     0xa000 ./APP/main.o
                0x00000000080145e8                Mounir_Image
 .rodata.wla_ala_balo_raw
                0x000000000801e5e8     0xdac0 ./APP/main.o
                0x000000000801e5e8                wla_ala_balo_raw
 .rodata.she2_men_b3eed_raw
                0x000000000802c0a8     0xdac0 ./APP/main.o
                0x000000000802c0a8                she2_men_b3eed_raw
                0x0000000008039b68                . = ALIGN (0x4)

.rel.dyn        0x0000000008039b68        0x0
 .rel.iplt      0x0000000008039b68        0x0 D:/Installed Programs/STM32CubeIDE_1.13.2/STM32CubeIDE/plugins/com.st.stm32cube.ide.mcu.externaltools.gnu-tools-for-stm32.11.3.rel1.win32_1.1.1.202309131626/tools/bin/../lib/gcc/arm-none-eabi/11.3.1/thumb/v7e-m+fp/hard/crtbegin.o

.ARM.extab      0x0000000008039b68        0x0
                0x0000000008039b68                . = ALIGN (0x4)
 *(.ARM.extab* .gnu.linkonce.armextab.*)
                0x0000000008039b68                . = ALIGN (0x4)

.ARM            0x0000000008039b68        0x0
                0x0000000008039b68                . = ALIGN (0x4)
                0x0000000008039b68                __exidx_start = .
 *(.ARM.exidx*)
                0x0000000008039b68                __exidx_end = .
                0x0000000008039b68                . = ALIGN (0x4)

.preinit_array  0x0000000008039b68        0x0
                0x0000000008039b68                . = ALIGN (0x4)
                0x0000000008039b68                PROVIDE (__preinit_array_start = .)
 *(.preinit_array*)
                0x0000000008039b68                PROVIDE (__preinit_array_end = .)
                0x0000000008039b68                . = ALIGN (0x4)

.init_array     0x0000000008039b68        0x4
                0x0000000008039b68                . = ALIGN (0x4)
                0x0000000008039b68                PROVIDE (__init_array_start = .)
 *(SORT_BY_NAME(.init_array.*))
 *(.init_array*)
 .init_array    0x0000000008039b68        0x4 D:/Installed Programs/STM32CubeIDE_1.13.2/STM32CubeIDE/plugins/com.st.stm32cube.ide.mcu.externaltools.gnu-tools-for-stm32.11.3.rel1.win32_1.1.1.202309131626/tools/bin/../lib/gcc/arm-none-eabi/11.3.1/thumb/v7e-m+fp/hard/crtbegin.o
                0x0000000008039b6c                PROVIDE (__init_array_end = .)
                0x0000000008039b6c                . = ALIGN (0x4)

.fini_array     0x0000000008039b6c        0x4
                0x0000000008039b6c                . = ALIGN (0x4)
                [!provide]                        PROVIDE (__fini_array_start = .)
 *(SORT_BY_NAME(.fini_array.*))
 *(.fini_array*)
 .fini_array    0x0000000008039b6c        0x4 D:/Installed Programs/STM32CubeIDE_1.13.2/STM32CubeIDE/plugins/com.st.stm32cube.ide.mcu.externaltools.gnu-tools-for-stm32.11.3.rel1.win32_1.1.1.202309131626/tools/bin/../lib/gcc/arm-none-eabi/11.3.1/thumb/v7e-m+fp/hard/crtbegin.o
                [!provide]                        PROVIDE (__fini_array_end = .)
                0x0000000008039b70                . = ALIGN (0x4)
                0x0000000008039b70                _sidata = LOADADDR (.data)

.data           0x0000000020000000       0xac load address 0x0000000008039b70
                0x0000000020000000                . = ALIGN (0x4)
                0x0000000020000000                _sdata = .
 *(.data)
 *(.data*)
 .data.IR_Config
                0x0000000020000000        0x3 ./HAL/IR_Receiver/IR_Lcfg.o
                0x0000000020000000                IR_Config
 .data.IR_BitCounter.0
                0x0000000020000003        0x1 ./HAL/IR_Receiver/IR_program.o
 .data.R2RDAC_Config
                0x0000000020000004       0x10 ./HAL/R2R_DAC/R2RDAC_Lcfg.o
                0x0000000020000004                R2RDAC_Config
 .data.RGB_Lcfg
                0x0000000020000014        0x9 ./HAL/RGB_LED/RGB_Lcfg.o
                0x0000000020000014                RGB_Lcfg
 *fill*         0x000000002000001d        0x3 
 .data.TFT_Config
                0x0000000020000020       0x60 ./HAL/TFT/TFT_Lcfg.o
                0x0000000020000020                TFT_Config
 .data.SPIx     0x0000000020000080        0xc ./MCAL/SPI/SPI_program.o
 .data.TIM2_Cfg
                0x000000002000008c       0x1c ./MCAL/TIM/TIM_Lcfg.o
                0x000000002000008c                TIM2_Cfg
 .data.uxCriticalNesting
                0x00000000200000a8        0x4 ./SERVICES/FreeRTOS/Source/portable/GCC/ARM_CM4F/port.o
 *(.RamFunc)
 *(.RamFunc*)
                0x00000000200000ac                . = ALIGN (0x4)
                0x00000000200000ac                _edata = .

.igot.plt       0x00000000200000ac        0x0 load address 0x0000000008039c1c
 .igot.plt      0x00000000200000ac        0x0 D:/Installed Programs/STM32CubeIDE_1.13.2/STM32CubeIDE/plugins/com.st.stm32cube.ide.mcu.externaltools.gnu-tools-for-stm32.11.3.rel1.win32_1.1.1.202309131626/tools/bin/../lib/gcc/arm-none-eabi/11.3.1/thumb/v7e-m+fp/hard/crtbegin.o
                0x00000000200000ac                . = ALIGN (0x4)

.bss            0x00000000200000ac     0x42c0 load address 0x0000000008039c1c
                0x00000000200000ac                _sbss = .
                0x00000000200000ac                __bss_start__ = _sbss
 *(.bss)
 .bss           0x00000000200000ac       0x1c D:/Installed Programs/STM32CubeIDE_1.13.2/STM32CubeIDE/plugins/com.st.stm32cube.ide.mcu.externaltools.gnu-tools-for-stm32.11.3.rel1.win32_1.1.1.202309131626/tools/bin/../lib/gcc/arm-none-eabi/11.3.1/thumb/v7e-m+fp/hard/crtbegin.o
 *(.bss*)
 .bss.InitTaskHandle
                0x00000000200000c8        0x4 ./APP/main.o
                0x00000000200000c8                InitTaskHandle
 .bss.TFTTaskHandle
                0x00000000200000cc        0x4 ./APP/main.o
                0x00000000200000cc                TFTTaskHandle
 .bss.DACTaskHandle
                0x00000000200000d0        0x4 ./APP/main.o
                0x00000000200000d0                DACTaskHandle
 .bss.RGB_TimerHandler
                0x00000000200000d4        0x4 ./APP/main.o
                0x00000000200000d4                RGB_TimerHandler
 .bss.TFT_QueueHandler
                0x00000000200000d8        0x4 ./APP/main.o
                0x00000000200000d8                TFT_QueueHandler
 .bss.AudioSignal_Mutex
                0x00000000200000dc        0x4 ./APP/main.o
                0x00000000200000dc                AudioSignal_Mutex
 .bss.AudioSignalStopFlag_Mutex
                0x00000000200000e0        0x4 ./APP/main.o
                0x00000000200000e0                AudioSignalStopFlag_Mutex
 .bss.AudioSignalStart_Semaphore
                0x00000000200000e4        0x4 ./APP/main.o
                0x00000000200000e4                AudioSignalStart_Semaphore
 .bss.RGB_Colors_Counter
                0x00000000200000e8        0x1 ./APP/main.o
                0x00000000200000e8                RGB_Colors_Counter
 *fill*         0x00000000200000e9        0x3 
 .bss.Copy_pu8Signal
                0x00000000200000ec        0x4 ./APP/main.o
                0x00000000200000ec                Copy_pu8Signal
 .bss.Signal_Stop_Flag
                0x00000000200000f0        0x1 ./APP/main.o
                0x00000000200000f0                Signal_Stop_Flag
 *fill*         0x00000000200000f1        0x3 
 .bss.IR_callback
                0x00000000200000f4        0x4 ./HAL/IR_Receiver/IR_program.o
 .bss.IR_ReceivedData
                0x00000000200000f8        0x4 ./HAL/IR_Receiver/IR_program.o
 .bss.IR_ReceivedFlag
                0x00000000200000fc        0x1 ./HAL/IR_Receiver/IR_program.o
 .bss.IR_Status_Flag.1
                0x00000000200000fd        0x1 ./HAL/IR_Receiver/IR_program.o
 *fill*         0x00000000200000fe        0x2 
 .bss.DMA1_TCx_Callback
                0x0000000020000100       0x20 ./MCAL/DMA/DMA_program.o
 .bss.DMA2_TCx_Callback
                0x0000000020000120       0x20 ./MCAL/DMA/DMA_program.o
 .bss.EXTI_pNotificationFunction
                0x0000000020000140       0x40 ./MCAL/EXTI/EXTI_program.o
 .bss.SPI_Timeout_Flag
                0x0000000020000180        0x1 ./MCAL/SPI/SPI_program.o
 *fill*         0x0000000020000181        0x3 
 .bss.TIMx_UP_INT_Callback
                0x0000000020000184       0x20 ./MCAL/TIM/TIM_program.o
 .bss.TIMx_CC_INT_Callback
                0x00000000200001a4       0x20 ./MCAL/TIM/TIM_program.o
 .bss.TIM_SingleInterval_FLAG
                0x00000000200001c4        0x8 ./MCAL/TIM/TIM_program.o
 .bss.xQueueRegistry
                0x00000000200001cc       0x40 ./SERVICES/FreeRTOS/Source/queue.o
                0x00000000200001cc                xQueueRegistry
 .bss.pxCurrentTCB
                0x000000002000020c        0x4 ./SERVICES/FreeRTOS/Source/tasks.o
                0x000000002000020c                pxCurrentTCB
 .bss.pxReadyTasksLists
                0x0000000020000210      0x460 ./SERVICES/FreeRTOS/Source/tasks.o
 .bss.xDelayedTaskList1
                0x0000000020000670       0x14 ./SERVICES/FreeRTOS/Source/tasks.o
 .bss.xDelayedTaskList2
                0x0000000020000684       0x14 ./SERVICES/FreeRTOS/Source/tasks.o
 .bss.pxDelayedTaskList
                0x0000000020000698        0x4 ./SERVICES/FreeRTOS/Source/tasks.o
 .bss.pxOverflowDelayedTaskList
                0x000000002000069c        0x4 ./SERVICES/FreeRTOS/Source/tasks.o
 .bss.xPendingReadyList
                0x00000000200006a0       0x14 ./SERVICES/FreeRTOS/Source/tasks.o
 .bss.xTasksWaitingTermination
                0x00000000200006b4       0x14 ./SERVICES/FreeRTOS/Source/tasks.o
 .bss.uxDeletedTasksWaitingCleanUp
                0x00000000200006c8        0x4 ./SERVICES/FreeRTOS/Source/tasks.o
 .bss.xSuspendedTaskList
                0x00000000200006cc       0x14 ./SERVICES/FreeRTOS/Source/tasks.o
 .bss.uxCurrentNumberOfTasks
                0x00000000200006e0        0x4 ./SERVICES/FreeRTOS/Source/tasks.o
 .bss.xTickCount
                0x00000000200006e4        0x4 ./SERVICES/FreeRTOS/Source/tasks.o
 .bss.uxTopReadyPriority
                0x00000000200006e8        0x4 ./SERVICES/FreeRTOS/Source/tasks.o
 .bss.xSchedulerRunning
                0x00000000200006ec        0x4 ./SERVICES/FreeRTOS/Source/tasks.o
 .bss.xPendedTicks
                0x00000000200006f0        0x4 ./SERVICES/FreeRTOS/Source/tasks.o
 .bss.xYieldPending
                0x00000000200006f4        0x4 ./SERVICES/FreeRTOS/Source/tasks.o
 .bss.xNumOfOverflows
                0x00000000200006f8        0x4 ./SERVICES/FreeRTOS/Source/tasks.o
 .bss.uxTaskNumber
                0x00000000200006fc        0x4 ./SERVICES/FreeRTOS/Source/tasks.o
 .bss.xNextTaskUnblockTime
                0x0000000020000700        0x4 ./SERVICES/FreeRTOS/Source/tasks.o
 .bss.xIdleTaskHandle
                0x0000000020000704        0x4 ./SERVICES/FreeRTOS/Source/tasks.o
 .bss.uxSchedulerSuspended
                0x0000000020000708        0x4 ./SERVICES/FreeRTOS/Source/tasks.o
 .bss.xActiveTimerList1
                0x000000002000070c       0x14 ./SERVICES/FreeRTOS/Source/timers.o
 .bss.xActiveTimerList2
                0x0000000020000720       0x14 ./SERVICES/FreeRTOS/Source/timers.o
 .bss.pxCurrentTimerList
                0x0000000020000734        0x4 ./SERVICES/FreeRTOS/Source/timers.o
 .bss.pxOverflowTimerList
                0x0000000020000738        0x4 ./SERVICES/FreeRTOS/Source/timers.o
 .bss.xTimerQueue
                0x000000002000073c        0x4 ./SERVICES/FreeRTOS/Source/timers.o
 .bss.xTimerTaskHandle
                0x0000000020000740        0x4 ./SERVICES/FreeRTOS/Source/timers.o
 .bss.xLastTime.0
                0x0000000020000744        0x4 ./SERVICES/FreeRTOS/Source/timers.o
 .bss.ucMaxSysCallPriority
                0x0000000020000748        0x1 ./SERVICES/FreeRTOS/Source/portable/GCC/ARM_CM4F/port.o
 *fill*         0x0000000020000749        0x3 
 .bss.ulMaxPRIGROUPValue
                0x000000002000074c        0x4 ./SERVICES/FreeRTOS/Source/portable/GCC/ARM_CM4F/port.o
 .bss.ucHeap    0x0000000020000750     0x3c00 ./SERVICES/FreeRTOS/Source/portable/MemMang/heap_4.o
 .bss.xStart    0x0000000020004350        0x8 ./SERVICES/FreeRTOS/Source/portable/MemMang/heap_4.o
 .bss.pxEnd     0x0000000020004358        0x4 ./SERVICES/FreeRTOS/Source/portable/MemMang/heap_4.o
 .bss.xFreeBytesRemaining
                0x000000002000435c        0x4 ./SERVICES/FreeRTOS/Source/portable/MemMang/heap_4.o
 .bss.xMinimumEverFreeBytesRemaining
                0x0000000020004360        0x4 ./SERVICES/FreeRTOS/Source/portable/MemMang/heap_4.o
 .bss.xNumberOfSuccessfulAllocations
                0x0000000020004364        0x4 ./SERVICES/FreeRTOS/Source/portable/MemMang/heap_4.o
 .bss.xNumberOfSuccessfulFrees
                0x0000000020004368        0x4 ./SERVICES/FreeRTOS/Source/portable/MemMang/heap_4.o
 *(COMMON)
                0x000000002000436c                . = ALIGN (0x4)
                0x000000002000436c                _ebss = .
                0x000000002000436c                __bss_end__ = _ebss

._user_heap_stack
                0x000000002000436c      0x604 load address 0x0000000008039c1c
                0x0000000020004370                . = ALIGN (0x8)
 *fill*         0x000000002000436c        0x4 
                [!provide]                        PROVIDE (end = .)
                0x0000000020004370                PROVIDE (_end = .)
                0x0000000020004570                . = (. + _Min_Heap_Size)
 *fill*         0x0000000020004370      0x200 
                0x0000000020004970                . = (. + _Min_Stack_Size)
 *fill*         0x0000000020004570      0x400 
                0x0000000020004970                . = ALIGN (0x8)

/DISCARD/
 libc.a(*)
 libm.a(*)
 libgcc.a(*)

.ARM.attributes
                0x0000000000000000       0x30
 *(.ARM.attributes)
 .ARM.attributes
                0x0000000000000000       0x1e D:/Installed Programs/STM32CubeIDE_1.13.2/STM32CubeIDE/plugins/com.st.stm32cube.ide.mcu.externaltools.gnu-tools-for-stm32.11.3.rel1.win32_1.1.1.202309131626/tools/bin/../lib/gcc/arm-none-eabi/11.3.1/thumb/v7e-m+fp/hard/crti.o
 .ARM.attributes
                0x000000000000001e       0x34 D:/Installed Programs/STM32CubeIDE_1.13.2/STM32CubeIDE/plugins/com.st.stm32cube.ide.mcu.externaltools.gnu-tools-for-stm32.11.3.rel1.win32_1.1.1.202309131626/tools/bin/../lib/gcc/arm-none-eabi/11.3.1/thumb/v7e-m+fp/hard/crtbegin.o
 .ARM.attributes
                0x0000000000000052       0x34 ./APP/main.o
 .ARM.attributes
                0x0000000000000086       0x34 ./HAL/IR_Receiver/IR_Lcfg.o
 .ARM.attributes
                0x00000000000000ba       0x34 ./HAL/IR_Receiver/IR_program.o
 .ARM.attributes
                0x00000000000000ee       0x34 ./HAL/R2R_DAC/R2RDAC_Lcfg.o
 .ARM.attributes
                0x0000000000000122       0x34 ./HAL/R2R_DAC/R2RDAC_program.o
 .ARM.attributes
                0x0000000000000156       0x34 ./HAL/RGB_LED/RGB_Lcfg.o
 .ARM.attributes
                0x000000000000018a       0x34 ./HAL/RGB_LED/RGB_program.o
 .ARM.attributes
                0x00000000000001be       0x34 ./HAL/TFT/TFT_Lcfg.o
 .ARM.attributes
                0x00000000000001f2       0x34 ./HAL/TFT/TFT_program.o
 .ARM.attributes
                0x0000000000000226       0x34 ./MCAL/DMA/DMA_program.o
 .ARM.attributes
                0x000000000000025a       0x34 ./MCAL/EXTI/EXTI_program.o
 .ARM.attributes
                0x000000000000028e       0x34 ./MCAL/GPIO/GPIO_program.o
 .ARM.attributes
                0x00000000000002c2       0x34 ./MCAL/NVIC/NVIC_program.o
 .ARM.attributes
                0x00000000000002f6       0x34 ./MCAL/RCC/RCC_program.o
 .ARM.attributes
                0x000000000000032a       0x34 ./MCAL/SCB/SCB_program.o
 .ARM.attributes
                0x000000000000035e       0x34 ./MCAL/SPI/SPI_program.o
 .ARM.attributes
                0x0000000000000392       0x34 ./MCAL/TIM/TIM_Lcfg.o
 .ARM.attributes
                0x00000000000003c6       0x34 ./MCAL/TIM/TIM_program.o
 .ARM.attributes
                0x00000000000003fa       0x34 ./SERVICES/FreeRTOS/Source/list.o
 .ARM.attributes
                0x000000000000042e       0x34 ./SERVICES/FreeRTOS/Source/queue.o
 .ARM.attributes
                0x0000000000000462       0x34 ./SERVICES/FreeRTOS/Source/tasks.o
 .ARM.attributes
                0x0000000000000496       0x34 ./SERVICES/FreeRTOS/Source/timers.o
 .ARM.attributes
                0x00000000000004ca       0x34 ./SERVICES/FreeRTOS/Source/portable/GCC/ARM_CM4F/port.o
 .ARM.attributes
                0x00000000000004fe       0x34 ./SERVICES/FreeRTOS/Source/portable/MemMang/heap_4.o
 .ARM.attributes
                0x0000000000000532       0x34 ./Startup/System_Init.o
 .ARM.attributes
                0x0000000000000566       0x21 ./Startup/startup_stm32f401ccux.o
 .ARM.attributes
                0x0000000000000587       0x34 D:/Installed Programs/STM32CubeIDE_1.13.2/STM32CubeIDE/plugins/com.st.stm32cube.ide.mcu.externaltools.gnu-tools-for-stm32.11.3.rel1.win32_1.1.1.202309131626/tools/bin/../lib/gcc/arm-none-eabi/11.3.1/../../../../arm-none-eabi/lib/thumb/v7e-m+fp/hard\libc_nano.a(libc_a-memset.o)
 .ARM.attributes
                0x00000000000005bb       0x34 D:/Installed Programs/STM32CubeIDE_1.13.2/STM32CubeIDE/plugins/com.st.stm32cube.ide.mcu.externaltools.gnu-tools-for-stm32.11.3.rel1.win32_1.1.1.202309131626/tools/bin/../lib/gcc/arm-none-eabi/11.3.1/../../../../arm-none-eabi/lib/thumb/v7e-m+fp/hard\libc_nano.a(libc_a-init.o)
 .ARM.attributes
                0x00000000000005ef       0x34 D:/Installed Programs/STM32CubeIDE_1.13.2/STM32CubeIDE/plugins/com.st.stm32cube.ide.mcu.externaltools.gnu-tools-for-stm32.11.3.rel1.win32_1.1.1.202309131626/tools/bin/../lib/gcc/arm-none-eabi/11.3.1/../../../../arm-none-eabi/lib/thumb/v7e-m+fp/hard\libc_nano.a(libc_a-memcpy-stub.o)
 .ARM.attributes
                0x0000000000000623       0x1e D:/Installed Programs/STM32CubeIDE_1.13.2/STM32CubeIDE/plugins/com.st.stm32cube.ide.mcu.externaltools.gnu-tools-for-stm32.11.3.rel1.win32_1.1.1.202309131626/tools/bin/../lib/gcc/arm-none-eabi/11.3.1/thumb/v7e-m+fp/hard\libgcc.a(_arm_addsubdf3.o)
 .ARM.attributes
                0x0000000000000641       0x1e D:/Installed Programs/STM32CubeIDE_1.13.2/STM32CubeIDE/plugins/com.st.stm32cube.ide.mcu.externaltools.gnu-tools-for-stm32.11.3.rel1.win32_1.1.1.202309131626/tools/bin/../lib/gcc/arm-none-eabi/11.3.1/thumb/v7e-m+fp/hard\libgcc.a(_arm_muldivdf3.o)
 .ARM.attributes
                0x000000000000065f       0x1e D:/Installed Programs/STM32CubeIDE_1.13.2/STM32CubeIDE/plugins/com.st.stm32cube.ide.mcu.externaltools.gnu-tools-for-stm32.11.3.rel1.win32_1.1.1.202309131626/tools/bin/../lib/gcc/arm-none-eabi/11.3.1/thumb/v7e-m+fp/hard\libgcc.a(_arm_fixunsdfsi.o)
 .ARM.attributes
                0x000000000000067d       0x1e D:/Installed Programs/STM32CubeIDE_1.13.2/STM32CubeIDE/plugins/com.st.stm32cube.ide.mcu.externaltools.gnu-tools-for-stm32.11.3.rel1.win32_1.1.1.202309131626/tools/bin/../lib/gcc/arm-none-eabi/11.3.1/thumb/v7e-m+fp/hard/crtn.o
OUTPUT(FOTA_Application.elf elf32-littlearm)
LOAD linker stubs
LOAD D:/Installed Programs/STM32CubeIDE_1.13.2/STM32CubeIDE/plugins/com.st.stm32cube.ide.mcu.externaltools.gnu-tools-for-stm32.11.3.rel1.win32_1.1.1.202309131626/tools/bin/../lib/gcc/arm-none-eabi/11.3.1/../../../../arm-none-eabi/lib/thumb/v7e-m+fp/hard\libc.a
LOAD D:/Installed Programs/STM32CubeIDE_1.13.2/STM32CubeIDE/plugins/com.st.stm32cube.ide.mcu.externaltools.gnu-tools-for-stm32.11.3.rel1.win32_1.1.1.202309131626/tools/bin/../lib/gcc/arm-none-eabi/11.3.1/../../../../arm-none-eabi/lib/thumb/v7e-m+fp/hard\libm.a
LOAD D:/Installed Programs/STM32CubeIDE_1.13.2/STM32CubeIDE/plugins/com.st.stm32cube.ide.mcu.externaltools.gnu-tools-for-stm32.11.3.rel1.win32_1.1.1.202309131626/tools/bin/../lib/gcc/arm-none-eabi/11.3.1/thumb/v7e-m+fp/hard\libgcc.a

.comment        0x0000000000000000       0x43
 .comment       0x0000000000000000       0x43 D:/Installed Programs/STM32CubeIDE_1.13.2/STM32CubeIDE/plugins/com.st.stm32cube.ide.mcu.externaltools.gnu-tools-for-stm32.11.3.rel1.win32_1.1.1.202309131626/tools/bin/../lib/gcc/arm-none-eabi/11.3.1/thumb/v7e-m+fp/hard/crtbegin.o
                                         0x44 (size before relaxing)
 .comment       0x0000000000000043       0x44 ./APP/main.o
 .comment       0x0000000000000043       0x44 ./HAL/IR_Receiver/IR_Lcfg.o
 .comment       0x0000000000000043       0x44 ./HAL/IR_Receiver/IR_program.o
 .comment       0x0000000000000043       0x44 ./HAL/R2R_DAC/R2RDAC_Lcfg.o
 .comment       0x0000000000000043       0x44 ./HAL/R2R_DAC/R2RDAC_program.o
 .comment       0x0000000000000043       0x44 ./HAL/RGB_LED/RGB_Lcfg.o
 .comment       0x0000000000000043       0x44 ./HAL/RGB_LED/RGB_program.o
 .comment       0x0000000000000043       0x44 ./HAL/TFT/TFT_Lcfg.o
 .comment       0x0000000000000043       0x44 ./HAL/TFT/TFT_program.o
 .comment       0x0000000000000043       0x44 ./MCAL/DMA/DMA_program.o
 .comment       0x0000000000000043       0x44 ./MCAL/EXTI/EXTI_program.o
 .comment       0x0000000000000043       0x44 ./MCAL/GPIO/GPIO_program.o
 .comment       0x0000000000000043       0x44 ./MCAL/NVIC/NVIC_program.o
 .comment       0x0000000000000043       0x44 ./MCAL/RCC/RCC_program.o
 .comment       0x0000000000000043       0x44 ./MCAL/SCB/SCB_program.o
 .comment       0x0000000000000043       0x44 ./MCAL/SPI/SPI_program.o
 .comment       0x0000000000000043       0x44 ./MCAL/TIM/TIM_Lcfg.o
 .comment       0x0000000000000043       0x44 ./MCAL/TIM/TIM_program.o
 .comment       0x0000000000000043       0x44 ./SERVICES/FreeRTOS/Source/list.o
 .comment       0x0000000000000043       0x44 ./SERVICES/FreeRTOS/Source/queue.o
 .comment       0x0000000000000043       0x44 ./SERVICES/FreeRTOS/Source/tasks.o
 .comment       0x0000000000000043       0x44 ./SERVICES/FreeRTOS/Source/timers.o
 .comment       0x0000000000000043       0x44 ./SERVICES/FreeRTOS/Source/portable/GCC/ARM_CM4F/port.o
 .comment       0x0000000000000043       0x44 ./SERVICES/FreeRTOS/Source/portable/MemMang/heap_4.o
 .comment       0x0000000000000043       0x44 ./Startup/System_Init.o

.debug_info     0x0000000000000000     0xb28e
 .debug_info    0x0000000000000000      0xcfb ./APP/main.o
 .debug_info    0x0000000000000cfb      0x166 ./HAL/IR_Receiver/IR_Lcfg.o
 .debug_info    0x0000000000000e61      0x688 ./HAL/IR_Receiver/IR_program.o
 .debug_info    0x00000000000014e9      0x168 ./HAL/R2R_DAC/R2RDAC_Lcfg.o
 .debug_info    0x0000000000001651      0x373 ./HAL/R2R_DAC/R2RDAC_program.o
 .debug_info    0x00000000000019c4      0x1b8 ./HAL/RGB_LED/RGB_Lcfg.o
 .debug_info    0x0000000000001b7c      0x407 ./HAL/RGB_LED/RGB_program.o
 .debug_info    0x0000000000001f83      0x3a0 ./HAL/TFT/TFT_Lcfg.o
 .debug_info    0x0000000000002323      0xbcc ./HAL/TFT/TFT_program.o
 .debug_info    0x0000000000002eef      0x5aa ./MCAL/DMA/DMA_program.o
 .debug_info    0x0000000000003499      0x5a6 ./MCAL/EXTI/EXTI_program.o
 .debug_info    0x0000000000003a3f      0x54a ./MCAL/GPIO/GPIO_program.o
 .debug_info    0x0000000000003f89      0x4e1 ./MCAL/NVIC/NVIC_program.o
 .debug_info    0x000000000000446a      0x1f4 ./MCAL/RCC/RCC_program.o
 .debug_info    0x000000000000465e      0x171 ./MCAL/SCB/SCB_program.o
 .debug_info    0x00000000000047cf      0xad7 ./MCAL/SPI/SPI_program.o
 .debug_info    0x00000000000052a6      0x267 ./MCAL/TIM/TIM_Lcfg.o
 .debug_info    0x000000000000550d      0x90f ./MCAL/TIM/TIM_program.o
 .debug_info    0x0000000000005e1c      0x2af ./SERVICES/FreeRTOS/Source/list.o
 .debug_info    0x00000000000060cb     0x1751 ./SERVICES/FreeRTOS/Source/queue.o
 .debug_info    0x000000000000781c     0x1ebf ./SERVICES/FreeRTOS/Source/tasks.o
 .debug_info    0x00000000000096db      0xe4d ./SERVICES/FreeRTOS/Source/timers.o
 .debug_info    0x000000000000a528      0x4d5 ./SERVICES/FreeRTOS/Source/portable/GCC/ARM_CM4F/port.o
 .debug_info    0x000000000000a9fd      0x521 ./SERVICES/FreeRTOS/Source/portable/MemMang/heap_4.o
 .debug_info    0x000000000000af1e      0x34d ./Startup/System_Init.o
 .debug_info    0x000000000000b26b       0x23 ./Startup/startup_stm32f401ccux.o

.debug_abbrev   0x0000000000000000     0x27d3
 .debug_abbrev  0x0000000000000000      0x267 ./APP/main.o
 .debug_abbrev  0x0000000000000267       0xa9 ./HAL/IR_Receiver/IR_Lcfg.o
 .debug_abbrev  0x0000000000000310      0x194 ./HAL/IR_Receiver/IR_program.o
 .debug_abbrev  0x00000000000004a4       0xad ./HAL/R2R_DAC/R2RDAC_Lcfg.o
 .debug_abbrev  0x0000000000000551      0x12e ./HAL/R2R_DAC/R2RDAC_program.o
 .debug_abbrev  0x000000000000067f       0x9b ./HAL/RGB_LED/RGB_Lcfg.o
 .debug_abbrev  0x000000000000071a       0xf6 ./HAL/RGB_LED/RGB_program.o
 .debug_abbrev  0x0000000000000810       0xe7 ./HAL/TFT/TFT_Lcfg.o
 .debug_abbrev  0x00000000000008f7      0x223 ./HAL/TFT/TFT_program.o
 .debug_abbrev  0x0000000000000b1a      0x1ad ./MCAL/DMA/DMA_program.o
 .debug_abbrev  0x0000000000000cc7      0x17f ./MCAL/EXTI/EXTI_program.o
 .debug_abbrev  0x0000000000000e46      0x141 ./MCAL/GPIO/GPIO_program.o
 .debug_abbrev  0x0000000000000f87      0x16f ./MCAL/NVIC/NVIC_program.o
 .debug_abbrev  0x00000000000010f6       0xe8 ./MCAL/RCC/RCC_program.o
 .debug_abbrev  0x00000000000011de       0xe6 ./MCAL/SCB/SCB_program.o
 .debug_abbrev  0x00000000000012c4      0x21d ./MCAL/SPI/SPI_program.o
 .debug_abbrev  0x00000000000014e1       0xb5 ./MCAL/TIM/TIM_Lcfg.o
 .debug_abbrev  0x0000000000001596      0x1fa ./MCAL/TIM/TIM_program.o
 .debug_abbrev  0x0000000000001790       0xf5 ./SERVICES/FreeRTOS/Source/list.o
 .debug_abbrev  0x0000000000001885      0x352 ./SERVICES/FreeRTOS/Source/queue.o
 .debug_abbrev  0x0000000000001bd7      0x378 ./SERVICES/FreeRTOS/Source/tasks.o
 .debug_abbrev  0x0000000000001f4f      0x2de ./SERVICES/FreeRTOS/Source/timers.o
 .debug_abbrev  0x000000000000222d      0x247 ./SERVICES/FreeRTOS/Source/portable/GCC/ARM_CM4F/port.o
 .debug_abbrev  0x0000000000002474      0x256 ./SERVICES/FreeRTOS/Source/portable/MemMang/heap_4.o
 .debug_abbrev  0x00000000000026ca       0xf7 ./Startup/System_Init.o
 .debug_abbrev  0x00000000000027c1       0x12 ./Startup/startup_stm32f401ccux.o

.debug_aranges  0x0000000000000000      0xbd0
 .debug_aranges
                0x0000000000000000       0x48 ./APP/main.o
 .debug_aranges
                0x0000000000000048       0x18 ./HAL/IR_Receiver/IR_Lcfg.o
 .debug_aranges
                0x0000000000000060       0x38 ./HAL/IR_Receiver/IR_program.o
 .debug_aranges
                0x0000000000000098       0x18 ./HAL/R2R_DAC/R2RDAC_Lcfg.o
 .debug_aranges
                0x00000000000000b0       0x30 ./HAL/R2R_DAC/R2RDAC_program.o
 .debug_aranges
                0x00000000000000e0       0x18 ./HAL/RGB_LED/RGB_Lcfg.o
 .debug_aranges
                0x00000000000000f8       0x48 ./HAL/RGB_LED/RGB_program.o
 .debug_aranges
                0x0000000000000140       0x18 ./HAL/TFT/TFT_Lcfg.o
 .debug_aranges
                0x0000000000000158       0xb0 ./HAL/TFT/TFT_program.o
 .debug_aranges
                0x0000000000000208       0xb8 ./MCAL/DMA/DMA_program.o
 .debug_aranges
                0x00000000000002c0       0x88 ./MCAL/EXTI/EXTI_program.o
 .debug_aranges
                0x0000000000000348       0x90 ./MCAL/GPIO/GPIO_program.o
 .debug_aranges
                0x00000000000003d8       0x68 ./MCAL/NVIC/NVIC_program.o
 .debug_aranges
                0x0000000000000440       0x70 ./MCAL/RCC/RCC_program.o
 .debug_aranges
                0x00000000000004b0       0x30 ./MCAL/SCB/SCB_program.o
 .debug_aranges
                0x00000000000004e0       0x98 ./MCAL/SPI/SPI_program.o
 .debug_aranges
                0x0000000000000578       0x18 ./MCAL/TIM/TIM_Lcfg.o
 .debug_aranges
                0x0000000000000590       0xd8 ./MCAL/TIM/TIM_program.o
 .debug_aranges
                0x0000000000000668       0x40 ./SERVICES/FreeRTOS/Source/list.o
 .debug_aranges
                0x00000000000006a8      0x130 ./SERVICES/FreeRTOS/Source/queue.o
 .debug_aranges
                0x00000000000007d8      0x1f8 ./SERVICES/FreeRTOS/Source/tasks.o
 .debug_aranges
                0x00000000000009d0       0xd8 ./SERVICES/FreeRTOS/Source/timers.o
 .debug_aranges
                0x0000000000000aa8       0x80 ./SERVICES/FreeRTOS/Source/portable/GCC/ARM_CM4F/port.o
 .debug_aranges
                0x0000000000000b28       0x60 ./SERVICES/FreeRTOS/Source/portable/MemMang/heap_4.o
 .debug_aranges
                0x0000000000000b88       0x20 ./Startup/System_Init.o
 .debug_aranges
                0x0000000000000ba8       0x28 ./Startup/startup_stm32f401ccux.o

.debug_rnglists
                0x0000000000000000      0x88c
 .debug_rnglists
                0x0000000000000000       0x35 ./APP/main.o
 .debug_rnglists
                0x0000000000000035       0x27 ./HAL/IR_Receiver/IR_program.o
 .debug_rnglists
                0x000000000000005c       0x20 ./HAL/R2R_DAC/R2RDAC_program.o
 .debug_rnglists
                0x000000000000007c       0x33 ./HAL/RGB_LED/RGB_program.o
 .debug_rnglists
                0x00000000000000af       0x88 ./HAL/TFT/TFT_program.o
 .debug_rnglists
                0x0000000000000137       0x89 ./MCAL/DMA/DMA_program.o
 .debug_rnglists
                0x00000000000001c0       0x65 ./MCAL/EXTI/EXTI_program.o
 .debug_rnglists
                0x0000000000000225       0x71 ./MCAL/GPIO/GPIO_program.o
 .debug_rnglists
                0x0000000000000296       0x49 ./MCAL/NVIC/NVIC_program.o
 .debug_rnglists
                0x00000000000002df       0x52 ./MCAL/RCC/RCC_program.o
 .debug_rnglists
                0x0000000000000331       0x1f ./MCAL/SCB/SCB_program.o
 .debug_rnglists
                0x0000000000000350       0x73 ./MCAL/SPI/SPI_program.o
 .debug_rnglists
                0x00000000000003c3       0xad ./MCAL/TIM/TIM_program.o
 .debug_rnglists
                0x0000000000000470       0x2b ./SERVICES/FreeRTOS/Source/list.o
 .debug_rnglists
                0x000000000000049b       0xea ./SERVICES/FreeRTOS/Source/queue.o
 .debug_rnglists
                0x0000000000000585      0x193 ./SERVICES/FreeRTOS/Source/tasks.o
 .debug_rnglists
                0x0000000000000718       0xa3 ./SERVICES/FreeRTOS/Source/timers.o
 .debug_rnglists
                0x00000000000007bb       0x5d ./SERVICES/FreeRTOS/Source/portable/GCC/ARM_CM4F/port.o
 .debug_rnglists
                0x0000000000000818       0x48 ./SERVICES/FreeRTOS/Source/portable/MemMang/heap_4.o
 .debug_rnglists
                0x0000000000000860       0x13 ./Startup/System_Init.o
 .debug_rnglists
                0x0000000000000873       0x19 ./Startup/startup_stm32f401ccux.o

.debug_macro    0x0000000000000000     0x4c0d
 .debug_macro   0x0000000000000000      0x360 ./APP/main.o
 .debug_macro   0x0000000000000360      0xaae ./APP/main.o
 .debug_macro   0x0000000000000e0e      0x174 ./APP/main.o
 .debug_macro   0x0000000000000f82       0x22 ./APP/main.o
 .debug_macro   0x0000000000000fa4       0x8e ./APP/main.o
 .debug_macro   0x0000000000001032       0x51 ./APP/main.o
 .debug_macro   0x0000000000001083      0x103 ./APP/main.o
 .debug_macro   0x0000000000001186       0x6a ./APP/main.o
 .debug_macro   0x00000000000011f0      0x1df ./APP/main.o
 .debug_macro   0x00000000000013cf      0x117 ./APP/main.o
 .debug_macro   0x00000000000014e6      0x15a ./APP/main.o
 .debug_macro   0x0000000000001640       0xcf ./APP/main.o
 .debug_macro   0x000000000000170f       0x1c ./APP/main.o
 .debug_macro   0x000000000000172b       0x26 ./APP/main.o
 .debug_macro   0x0000000000001751      0x4f6 ./APP/main.o
 .debug_macro   0x0000000000001c47       0xb5 ./APP/main.o
 .debug_macro   0x0000000000001cfc       0xaa ./APP/main.o
 .debug_macro   0x0000000000001da6       0x91 ./APP/main.o
 .debug_macro   0x0000000000001e37       0x86 ./APP/main.o
 .debug_macro   0x0000000000001ebd       0x7e ./APP/main.o
 .debug_macro   0x0000000000001f3b       0x40 ./APP/main.o
 .debug_macro   0x0000000000001f7b       0x34 ./APP/main.o
 .debug_macro   0x0000000000001faf       0xe8 ./APP/main.o
 .debug_macro   0x0000000000002097       0x52 ./APP/main.o
 .debug_macro   0x00000000000020e9       0xdc ./APP/main.o
 .debug_macro   0x00000000000021c5       0x34 ./APP/main.o
 .debug_macro   0x00000000000021f9       0x46 ./APP/main.o
 .debug_macro   0x000000000000223f       0x16 ./APP/main.o
 .debug_macro   0x0000000000002255       0x16 ./APP/main.o
 .debug_macro   0x000000000000226b      0x166 ./APP/main.o
 .debug_macro   0x00000000000023d1       0x52 ./APP/main.o
 .debug_macro   0x0000000000002423       0xb2 ./APP/main.o
 .debug_macro   0x00000000000024d5       0x7c ./APP/main.o
 .debug_macro   0x0000000000002551       0x3a ./APP/main.o
 .debug_macro   0x000000000000258b       0x40 ./APP/main.o
 .debug_macro   0x00000000000025cb       0x10 ./APP/main.o
 .debug_macro   0x00000000000025db       0x61 ./APP/main.o
 .debug_macro   0x000000000000263c       0x2a ./APP/main.o
 .debug_macro   0x0000000000002666       0x43 ./APP/main.o
 .debug_macro   0x00000000000026a9       0x34 ./APP/main.o
 .debug_macro   0x00000000000026dd       0x16 ./APP/main.o
 .debug_macro   0x00000000000026f3       0x43 ./APP/main.o
 .debug_macro   0x0000000000002736       0x34 ./APP/main.o
 .debug_macro   0x000000000000276a       0x10 ./APP/main.o
 .debug_macro   0x000000000000277a       0x58 ./APP/main.o
 .debug_macro   0x00000000000027d2       0x8e ./APP/main.o
 .debug_macro   0x0000000000002860       0x1c ./APP/main.o
 .debug_macro   0x000000000000287c      0x177 ./APP/main.o
 .debug_macro   0x00000000000029f3      0x369 ./APP/main.o
 .debug_macro   0x0000000000002d5c       0x10 ./APP/main.o
 .debug_macro   0x0000000000002d6c       0x35 ./APP/main.o
 .debug_macro   0x0000000000002da1       0x20 ./APP/main.o
 .debug_macro   0x0000000000002dc1       0x16 ./APP/main.o
 .debug_macro   0x0000000000002dd7       0x76 ./APP/main.o
 .debug_macro   0x0000000000002e4d       0x10 ./APP/main.o
 .debug_macro   0x0000000000002e5d       0x1c ./APP/main.o
 .debug_macro   0x0000000000002e79       0x28 ./APP/main.o
 .debug_macro   0x0000000000002ea1       0xa0 ./HAL/IR_Receiver/IR_Lcfg.o
 .debug_macro   0x0000000000002f41       0x9f ./HAL/IR_Receiver/IR_program.o
 .debug_macro   0x0000000000002fe0       0x5e ./HAL/IR_Receiver/IR_program.o
 .debug_macro   0x000000000000303e       0x7f ./HAL/R2R_DAC/R2RDAC_Lcfg.o
 .debug_macro   0x00000000000030bd       0xe2 ./HAL/R2R_DAC/R2RDAC_Lcfg.o
 .debug_macro   0x000000000000319f       0x7f ./HAL/R2R_DAC/R2RDAC_program.o
 .debug_macro   0x000000000000321e       0x62 ./HAL/RGB_LED/RGB_Lcfg.o
 .debug_macro   0x0000000000003280       0x40 ./HAL/RGB_LED/RGB_Lcfg.o
 .debug_macro   0x00000000000032c0       0x62 ./HAL/RGB_LED/RGB_program.o
 .debug_macro   0x0000000000003322       0xc2 ./HAL/TFT/TFT_Lcfg.o
 .debug_macro   0x00000000000033e4       0x4c ./HAL/TFT/TFT_Lcfg.o
 .debug_macro   0x0000000000003430       0xc1 ./HAL/TFT/TFT_program.o
 .debug_macro   0x00000000000034f1       0x46 ./HAL/TFT/TFT_program.o
 .debug_macro   0x0000000000003537       0x6c ./MCAL/DMA/DMA_program.o
 .debug_macro   0x00000000000035a3       0x57 ./MCAL/EXTI/EXTI_program.o
 .debug_macro   0x00000000000035fa       0x28 ./MCAL/EXTI/EXTI_program.o
 .debug_macro   0x0000000000003622       0x45 ./MCAL/GPIO/GPIO_program.o
 .debug_macro   0x0000000000003667      0x12a ./MCAL/GPIO/GPIO_program.o
 .debug_macro   0x0000000000003791       0x45 ./MCAL/NVIC/NVIC_program.o
 .debug_macro   0x00000000000037d6       0x16 ./MCAL/NVIC/NVIC_program.o
 .debug_macro   0x00000000000037ec       0x4d ./MCAL/RCC/RCC_program.o
 .debug_macro   0x0000000000003839       0x4c ./MCAL/RCC/RCC_program.o
 .debug_macro   0x0000000000003885      0x1f6 ./MCAL/RCC/RCC_program.o
 .debug_macro   0x0000000000003a7b       0x64 ./MCAL/RCC/RCC_program.o
 .debug_macro   0x0000000000003adf       0x44 ./MCAL/SCB/SCB_program.o
 .debug_macro   0x0000000000003b23       0x4c ./MCAL/SCB/SCB_program.o
 .debug_macro   0x0000000000003b6f       0x10 ./MCAL/SCB/SCB_program.o
 .debug_macro   0x0000000000003b7f       0xe9 ./MCAL/SPI/SPI_program.o
 .debug_macro   0x0000000000003c68       0x2e ./MCAL/SPI/SPI_program.o
 .debug_macro   0x0000000000003c96       0xd6 ./MCAL/SPI/SPI_program.o
 .debug_macro   0x0000000000003d6c       0x75 ./MCAL/TIM/TIM_Lcfg.o
 .debug_macro   0x0000000000003de1       0x6b ./MCAL/TIM/TIM_program.o
 .debug_macro   0x0000000000003e4c      0x187 ./SERVICES/FreeRTOS/Source/list.o
 .debug_macro   0x0000000000003fd3      0x216 ./SERVICES/FreeRTOS/Source/queue.o
 .debug_macro   0x00000000000041e9       0x16 ./SERVICES/FreeRTOS/Source/queue.o
 .debug_macro   0x00000000000041ff       0x80 ./SERVICES/FreeRTOS/Source/queue.o
 .debug_macro   0x000000000000427f      0x27f ./SERVICES/FreeRTOS/Source/tasks.o
 .debug_macro   0x00000000000044fe       0x10 ./SERVICES/FreeRTOS/Source/tasks.o
 .debug_macro   0x000000000000450e      0x1dc ./SERVICES/FreeRTOS/Source/timers.o
 .debug_macro   0x00000000000046ea       0x97 ./SERVICES/FreeRTOS/Source/timers.o
 .debug_macro   0x0000000000004781      0x1a2 ./SERVICES/FreeRTOS/Source/portable/GCC/ARM_CM4F/port.o
 .debug_macro   0x0000000000004923      0x214 ./SERVICES/FreeRTOS/Source/portable/MemMang/heap_4.o
 .debug_macro   0x0000000000004b37       0x84 ./Startup/System_Init.o
 .debug_macro   0x0000000000004bbb       0x52 ./Startup/System_Init.o

.debug_line     0x0000000000000000     0xc40b
 .debug_line    0x0000000000000000     0x121a ./APP/main.o
 .debug_line    0x000000000000121a      0x400 ./HAL/IR_Receiver/IR_Lcfg.o
 .debug_line    0x000000000000161a      0x547 ./HAL/IR_Receiver/IR_program.o
 .debug_line    0x0000000000001b61      0x29c ./HAL/R2R_DAC/R2RDAC_Lcfg.o
 .debug_line    0x0000000000001dfd      0x36a ./HAL/R2R_DAC/R2RDAC_program.o
 .debug_line    0x0000000000002167      0x21f ./HAL/RGB_LED/RGB_Lcfg.o
 .debug_line    0x0000000000002386      0x3a8 ./HAL/RGB_LED/RGB_program.o
 .debug_line    0x000000000000272e      0x3a1 ./HAL/TFT/TFT_Lcfg.o
 .debug_line    0x0000000000002acf      0x926 ./HAL/TFT/TFT_program.o
 .debug_line    0x00000000000033f5      0x5f1 ./MCAL/DMA/DMA_program.o
 .debug_line    0x00000000000039e6      0x596 ./MCAL/EXTI/EXTI_program.o
 .debug_line    0x0000000000003f7c      0x3ea ./MCAL/GPIO/GPIO_program.o
 .debug_line    0x0000000000004366      0x2d0 ./MCAL/NVIC/NVIC_program.o
 .debug_line    0x0000000000004636      0x2f8 ./MCAL/RCC/RCC_program.o
 .debug_line    0x000000000000492e      0x153 ./MCAL/SCB/SCB_program.o
 .debug_line    0x0000000000004a81      0x765 ./MCAL/SPI/SPI_program.o
 .debug_line    0x00000000000051e6      0x299 ./MCAL/TIM/TIM_Lcfg.o
 .debug_line    0x000000000000547f      0xa9e ./MCAL/TIM/TIM_program.o
 .debug_line    0x0000000000005f1d      0x8c2 ./SERVICES/FreeRTOS/Source/list.o
 .debug_line    0x00000000000067df     0x170f ./SERVICES/FreeRTOS/Source/queue.o
 .debug_line    0x0000000000007eee     0x1e4a ./SERVICES/FreeRTOS/Source/tasks.o
 .debug_line    0x0000000000009d38      0xe38 ./SERVICES/FreeRTOS/Source/timers.o
 .debug_line    0x000000000000ab70      0x95f ./SERVICES/FreeRTOS/Source/portable/GCC/ARM_CM4F/port.o
 .debug_line    0x000000000000b4cf      0xb49 ./SERVICES/FreeRTOS/Source/portable/MemMang/heap_4.o
 .debug_line    0x000000000000c018      0x378 ./Startup/System_Init.o
 .debug_line    0x000000000000c390       0x7b ./Startup/startup_stm32f401ccux.o

.debug_str      0x0000000000000000    0x15aef
 .debug_str     0x0000000000000000     0xf020 ./APP/main.o
                                       0xf2dd (size before relaxing)
 .debug_str     0x000000000000f020       0x51 ./HAL/IR_Receiver/IR_Lcfg.o
                                       0x419c (size before relaxing)
 .debug_str     0x000000000000f071      0x688 ./HAL/IR_Receiver/IR_program.o
                                       0x4842 (size before relaxing)
 .debug_str     0x000000000000f6f9       0x1d ./HAL/R2R_DAC/R2RDAC_Lcfg.o
                                       0x37ee (size before relaxing)
 .debug_str     0x000000000000f716      0x193 ./HAL/R2R_DAC/R2RDAC_program.o
                                       0x3a79 (size before relaxing)
 .debug_str     0x000000000000f8a9       0x1a ./HAL/RGB_LED/RGB_Lcfg.o
                                       0x3724 (size before relaxing)
 .debug_str     0x000000000000f8c3       0xdb ./HAL/RGB_LED/RGB_program.o
                                       0x399d (size before relaxing)
 .debug_str     0x000000000000f99e       0x16 ./HAL/TFT/TFT_Lcfg.o
                                       0x4233 (size before relaxing)
 .debug_str     0x000000000000f9b4      0x322 ./HAL/TFT/TFT_program.o
                                       0x467a (size before relaxing)
 .debug_str     0x000000000000fcd6      0x239 ./MCAL/DMA/DMA_program.o
                                       0x3e12 (size before relaxing)
 .debug_str     0x000000000000ff0f      0x2d8 ./MCAL/EXTI/EXTI_program.o
                                       0x3b6b (size before relaxing)
 .debug_str     0x00000000000101e7      0xb51 ./MCAL/GPIO/GPIO_program.o
                                       0x4042 (size before relaxing)
 .debug_str     0x0000000000010d38      0x1fa ./MCAL/NVIC/NVIC_program.o
                                       0x36b3 (size before relaxing)
 .debug_str     0x0000000000010f32      0xedc ./MCAL/RCC/RCC_program.o
                                       0x4192 (size before relaxing)
 .debug_str     0x0000000000011e0e      0x2af ./MCAL/SCB/SCB_program.o
                                       0x338d (size before relaxing)
 .debug_str     0x00000000000120bd      0x6a8 ./MCAL/SPI/SPI_program.o
                                       0x56f8 (size before relaxing)
 .debug_str     0x0000000000012765       0x17 ./MCAL/TIM/TIM_Lcfg.o
                                       0x3aa8 (size before relaxing)
 .debug_str     0x000000000001277c      0x250 ./MCAL/TIM/TIM_program.o
                                       0x42a1 (size before relaxing)
 .debug_str     0x00000000000129cc      0x20f ./SERVICES/FreeRTOS/Source/list.o
                                       0xaa35 (size before relaxing)
 .debug_str     0x0000000000012bdb      0xa32 ./SERVICES/FreeRTOS/Source/queue.o
                                       0xc318 (size before relaxing)
 .debug_str     0x000000000001360d     0x11fe ./SERVICES/FreeRTOS/Source/tasks.o
                                       0xcec4 (size before relaxing)
 .debug_str     0x000000000001480b      0x4da ./SERVICES/FreeRTOS/Source/timers.o
                                       0xc6cd (size before relaxing)
 .debug_str     0x0000000000014ce5      0x7db ./SERVICES/FreeRTOS/Source/portable/GCC/ARM_CM4F/port.o
                                       0x86d1 (size before relaxing)
 .debug_str     0x00000000000154c0      0x5dc ./SERVICES/FreeRTOS/Source/portable/MemMang/heap_4.o
                                       0xb6c4 (size before relaxing)
 .debug_str     0x0000000000015a9c       0x24 ./Startup/System_Init.o
                                       0x3ced (size before relaxing)
 .debug_str     0x0000000000015ac0       0x2f ./Startup/startup_stm32f401ccux.o
                                         0x83 (size before relaxing)

.debug_frame    0x0000000000000000     0x2c7c
 .debug_frame   0x0000000000000000       0xe4 ./APP/main.o
 .debug_frame   0x00000000000000e4       0xa0 ./HAL/IR_Receiver/IR_program.o
 .debug_frame   0x0000000000000184       0x7c ./HAL/R2R_DAC/R2RDAC_program.o
 .debug_frame   0x0000000000000200       0xe8 ./HAL/RGB_LED/RGB_program.o
 .debug_frame   0x00000000000002e8      0x2d0 ./HAL/TFT/TFT_program.o
 .debug_frame   0x00000000000005b8      0x268 ./MCAL/DMA/DMA_program.o
 .debug_frame   0x0000000000000820      0x1e8 ./MCAL/EXTI/EXTI_program.o
 .debug_frame   0x0000000000000a08      0x268 ./MCAL/GPIO/GPIO_program.o
 .debug_frame   0x0000000000000c70      0x190 ./MCAL/NVIC/NVIC_program.o
 .debug_frame   0x0000000000000e00      0x18c ./MCAL/RCC/RCC_program.o
 .debug_frame   0x0000000000000f8c       0x78 ./MCAL/SCB/SCB_program.o
 .debug_frame   0x0000000000001004      0x240 ./MCAL/SPI/SPI_program.o
 .debug_frame   0x0000000000001244      0x350 ./MCAL/TIM/TIM_program.o
 .debug_frame   0x0000000000001594       0xd8 ./SERVICES/FreeRTOS/Source/list.o
 .debug_frame   0x000000000000166c      0x530 ./SERVICES/FreeRTOS/Source/queue.o
 .debug_frame   0x0000000000001b9c      0x89c ./SERVICES/FreeRTOS/Source/tasks.o
 .debug_frame   0x0000000000002438      0x38c ./SERVICES/FreeRTOS/Source/timers.o
 .debug_frame   0x00000000000027c4      0x1a8 ./SERVICES/FreeRTOS/Source/portable/GCC/ARM_CM4F/port.o
 .debug_frame   0x000000000000296c      0x150 ./SERVICES/FreeRTOS/Source/portable/MemMang/heap_4.o
 .debug_frame   0x0000000000002abc       0x2c ./Startup/System_Init.o
 .debug_frame   0x0000000000002ae8       0x20 D:/Installed Programs/STM32CubeIDE_1.13.2/STM32CubeIDE/plugins/com.st.stm32cube.ide.mcu.externaltools.gnu-tools-for-stm32.11.3.rel1.win32_1.1.1.202309131626/tools/bin/../lib/gcc/arm-none-eabi/11.3.1/../../../../arm-none-eabi/lib/thumb/v7e-m+fp/hard\libc_nano.a(libc_a-memset.o)
 .debug_frame   0x0000000000002b08       0x2c D:/Installed Programs/STM32CubeIDE_1.13.2/STM32CubeIDE/plugins/com.st.stm32cube.ide.mcu.externaltools.gnu-tools-for-stm32.11.3.rel1.win32_1.1.1.202309131626/tools/bin/../lib/gcc/arm-none-eabi/11.3.1/../../../../arm-none-eabi/lib/thumb/v7e-m+fp/hard\libc_nano.a(libc_a-init.o)
 .debug_frame   0x0000000000002b34       0x28 D:/Installed Programs/STM32CubeIDE_1.13.2/STM32CubeIDE/plugins/com.st.stm32cube.ide.mcu.externaltools.gnu-tools-for-stm32.11.3.rel1.win32_1.1.1.202309131626/tools/bin/../lib/gcc/arm-none-eabi/11.3.1/../../../../arm-none-eabi/lib/thumb/v7e-m+fp/hard\libc_nano.a(libc_a-memcpy-stub.o)
 .debug_frame   0x0000000000002b5c       0xac D:/Installed Programs/STM32CubeIDE_1.13.2/STM32CubeIDE/plugins/com.st.stm32cube.ide.mcu.externaltools.gnu-tools-for-stm32.11.3.rel1.win32_1.1.1.202309131626/tools/bin/../lib/gcc/arm-none-eabi/11.3.1/thumb/v7e-m+fp/hard\libgcc.a(_arm_addsubdf3.o)
 .debug_frame   0x0000000000002c08       0x50 D:/Installed Programs/STM32CubeIDE_1.13.2/STM32CubeIDE/plugins/com.st.stm32cube.ide.mcu.externaltools.gnu-tools-for-stm32.11.3.rel1.win32_1.1.1.202309131626/tools/bin/../lib/gcc/arm-none-eabi/11.3.1/thumb/v7e-m+fp/hard\libgcc.a(_arm_muldivdf3.o)
 .debug_frame   0x0000000000002c58       0x24 D:/Installed Programs/STM32CubeIDE_1.13.2/STM32CubeIDE/plugins/com.st.stm32cube.ide.mcu.externaltools.gnu-tools-for-stm32.11.3.rel1.win32_1.1.1.202309131626/tools/bin/../lib/gcc/arm-none-eabi/11.3.1/thumb/v7e-m+fp/hard\libgcc.a(_arm_fixunsdfsi.o)

.debug_line_str
                0x0000000000000000       0x77
 .debug_line_str
                0x0000000000000000       0x77 ./Startup/startup_stm32f401ccux.o
                                         0x8f (size before relaxing)
