Archive member included to satisfy reference by file (symbol)

D:/Installed Programs/STM32CubeIDE_1.13.2/STM32CubeIDE/plugins/com.st.stm32cube.ide.mcu.externaltools.gnu-tools-for-stm32.11.3.rel1.win32_1.1.1.202309131626/tools/bin/../lib/gcc/arm-none-eabi/11.3.1/../../../../arm-none-eabi/lib/thumb/v7e-m+fp/hard\libc_nano.a(libc_a-exit.o)
                              D:/Installed Programs/STM32CubeIDE_1.13.2/STM32CubeIDE/plugins/com.st.stm32cube.ide.mcu.externaltools.gnu-tools-for-stm32.11.3.rel1.win32_1.1.1.202309131626/tools/bin/../lib/gcc/arm-none-eabi/11.3.1/../../../../arm-none-eabi/lib/thumb/v7e-m+fp/hard/crt0.o (exit)
D:/Installed Programs/STM32CubeIDE_1.13.2/STM32CubeIDE/plugins/com.st.stm32cube.ide.mcu.externaltools.gnu-tools-for-stm32.11.3.rel1.win32_1.1.1.202309131626/tools/bin/../lib/gcc/arm-none-eabi/11.3.1/../../../../arm-none-eabi/lib/thumb/v7e-m+fp/hard\libc_nano.a(libc_a-findfp.o)
                              D:/Installed Programs/STM32CubeIDE_1.13.2/STM32CubeIDE/plugins/com.st.stm32cube.ide.mcu.externaltools.gnu-tools-for-stm32.11.3.rel1.win32_1.1.1.202309131626/tools/bin/../lib/gcc/arm-none-eabi/11.3.1/../../../../arm-none-eabi/lib/thumb/v7e-m+fp/hard\libc_nano.a(libc_a-exit.o) (__stdio_exit_handler)
D:/Installed Programs/STM32CubeIDE_1.13.2/STM32CubeIDE/plugins/com.st.stm32cube.ide.mcu.externaltools.gnu-tools-for-stm32.11.3.rel1.win32_1.1.1.202309131626/tools/bin/../lib/gcc/arm-none-eabi/11.3.1/../../../../arm-none-eabi/lib/thumb/v7e-m+fp/hard\libc_nano.a(libc_a-fwalk.o)
                              D:/Installed Programs/STM32CubeIDE_1.13.2/STM32CubeIDE/plugins/com.st.stm32cube.ide.mcu.externaltools.gnu-tools-for-stm32.11.3.rel1.win32_1.1.1.202309131626/tools/bin/../lib/gcc/arm-none-eabi/11.3.1/../../../../arm-none-eabi/lib/thumb/v7e-m+fp/hard\libc_nano.a(libc_a-findfp.o) (_fwalk_sglue)
D:/Installed Programs/STM32CubeIDE_1.13.2/STM32CubeIDE/plugins/com.st.stm32cube.ide.mcu.externaltools.gnu-tools-for-stm32.11.3.rel1.win32_1.1.1.202309131626/tools/bin/../lib/gcc/arm-none-eabi/11.3.1/../../../../arm-none-eabi/lib/thumb/v7e-m+fp/hard\libc_nano.a(libc_a-stdio.o)
                              D:/Installed Programs/STM32CubeIDE_1.13.2/STM32CubeIDE/plugins/com.st.stm32cube.ide.mcu.externaltools.gnu-tools-for-stm32.11.3.rel1.win32_1.1.1.202309131626/tools/bin/../lib/gcc/arm-none-eabi/11.3.1/../../../../arm-none-eabi/lib/thumb/v7e-m+fp/hard\libc_nano.a(libc_a-findfp.o) (__sread)
D:/Installed Programs/STM32CubeIDE_1.13.2/STM32CubeIDE/plugins/com.st.stm32cube.ide.mcu.externaltools.gnu-tools-for-stm32.11.3.rel1.win32_1.1.1.202309131626/tools/bin/../lib/gcc/arm-none-eabi/11.3.1/../../../../arm-none-eabi/lib/thumb/v7e-m+fp/hard\libc_nano.a(libc_a-memset.o)
                              D:/Installed Programs/STM32CubeIDE_1.13.2/STM32CubeIDE/plugins/com.st.stm32cube.ide.mcu.externaltools.gnu-tools-for-stm32.11.3.rel1.win32_1.1.1.202309131626/tools/bin/../lib/gcc/arm-none-eabi/11.3.1/../../../../arm-none-eabi/lib/thumb/v7e-m+fp/hard/crt0.o (memset)
D:/Installed Programs/STM32CubeIDE_1.13.2/STM32CubeIDE/plugins/com.st.stm32cube.ide.mcu.externaltools.gnu-tools-for-stm32.11.3.rel1.win32_1.1.1.202309131626/tools/bin/../lib/gcc/arm-none-eabi/11.3.1/../../../../arm-none-eabi/lib/thumb/v7e-m+fp/hard\libc_nano.a(libc_a-closer.o)
                              D:/Installed Programs/STM32CubeIDE_1.13.2/STM32CubeIDE/plugins/com.st.stm32cube.ide.mcu.externaltools.gnu-tools-for-stm32.11.3.rel1.win32_1.1.1.202309131626/tools/bin/../lib/gcc/arm-none-eabi/11.3.1/../../../../arm-none-eabi/lib/thumb/v7e-m+fp/hard\libc_nano.a(libc_a-stdio.o) (_close_r)
D:/Installed Programs/STM32CubeIDE_1.13.2/STM32CubeIDE/plugins/com.st.stm32cube.ide.mcu.externaltools.gnu-tools-for-stm32.11.3.rel1.win32_1.1.1.202309131626/tools/bin/../lib/gcc/arm-none-eabi/11.3.1/../../../../arm-none-eabi/lib/thumb/v7e-m+fp/hard\libc_nano.a(libc_a-reent.o)
                              D:/Installed Programs/STM32CubeIDE_1.13.2/STM32CubeIDE/plugins/com.st.stm32cube.ide.mcu.externaltools.gnu-tools-for-stm32.11.3.rel1.win32_1.1.1.202309131626/tools/bin/../lib/gcc/arm-none-eabi/11.3.1/../../../../arm-none-eabi/lib/thumb/v7e-m+fp/hard\libc_nano.a(libc_a-closer.o) (errno)
D:/Installed Programs/STM32CubeIDE_1.13.2/STM32CubeIDE/plugins/com.st.stm32cube.ide.mcu.externaltools.gnu-tools-for-stm32.11.3.rel1.win32_1.1.1.202309131626/tools/bin/../lib/gcc/arm-none-eabi/11.3.1/../../../../arm-none-eabi/lib/thumb/v7e-m+fp/hard\libc_nano.a(libc_a-impure.o)
                              D:/Installed Programs/STM32CubeIDE_1.13.2/STM32CubeIDE/plugins/com.st.stm32cube.ide.mcu.externaltools.gnu-tools-for-stm32.11.3.rel1.win32_1.1.1.202309131626/tools/bin/../lib/gcc/arm-none-eabi/11.3.1/../../../../arm-none-eabi/lib/thumb/v7e-m+fp/hard\libc_nano.a(libc_a-reent.o) (_impure_ptr)
[...]
Memory Configuration

Name             Origin             Length             Attributes
RAM              0x0000000020000000 0x0000000000010000 xrw
FLASH            0x0000000008000000 0x0000000000040000 xr
*default*        0x0000000000000000 0xffffffffffffffff

Linker script and memory map

LOAD D:/Installed Programs/STM32CubeIDE_1.13.2/STM32CubeIDE/plugins/com.st.stm32cube.ide.mcu.externaltools.gnu-tools-for-stm32.11.3.rel1.win32_1.1.1.202309131626/tools/bin/../lib/gcc/arm-none-eabi/11.3.1/thumb/v7e-m+fp/hard/crti.o
LOAD D:/Installed Programs/STM32CubeIDE_1.13.2/STM32CubeIDE/plugins/com.st.stm32cube.ide.mcu.externaltools.gnu-tools-for-stm32.11.3.rel1.win32_1.1.1.202309131626/tools/bin/../lib/gcc/arm-none-eabi/11.3.1/thumb/v7e-m+fp/hard/crtbegin.o
LOAD D:/Installed Programs/STM32CubeIDE_1.13.2/STM32CubeIDE/plugins/com.st.stm32cube.ide.mcu.externaltools.gnu-tools-for-stm32.11.3.rel1.win32_1.1.1.202309131626/tools/bin/../lib/gcc/arm-none-eabi/11.3.1/../../../../arm-none-eabi/lib/thumb/v7e-m+fp/hard/crt0.o
LOAD ./APP/main.o
LOAD ./HAL/IR_Receiver/IR_Lcfg.o
LOAD ./HAL/IR_Receiver/IR_program.o
LOAD ./HAL/LEDMAT/LEDMAT_LCFG.o
LOAD ./HAL/LEDMAT/LEDMAT_font.o
LOAD ./HAL/LEDMAT/LEDMAT_program.o
LOAD ./HAL/R2R_DAC/R2RDAC_Lcfg.o
LOAD ./HAL/R2R_DAC/R2RDAC_program.o
LOAD ./HAL/RGB_LED/RGB_Lcfg.o
LOAD ./HAL/RGB_LED/RGB_program.o
LOAD ./HAL/SHIFT_REG_16BIT/SHIFTREG_Lcfg.o
LOAD ./HAL/SHIFT_REG_16BIT/SHIFTREG_program.o
LOAD ./HAL/TFT/TFT_Font.o
LOAD ./HAL/TFT/TFT_Lcfg.o
LOAD ./HAL/TFT/TFT_program.o
LOAD ./LIB/syscalls.o
LOAD ./LIB/sysmem.o
LOAD ./MCAL/DMA/DMA_Lcfg.o
LOAD ./MCAL/DMA/DMA_program.o
LOAD ./MCAL/EXTI/EXTI_Lcfg.o
LOAD ./MCAL/EXTI/EXTI_program.o
LOAD ./MCAL/FPEC/FPEC_program.o
LOAD ./MCAL/GPIO/GPIO_program.o
LOAD ./MCAL/NVIC/NVIC_program.o
LOAD ./MCAL/RCC/RCC_program.o
LOAD ./MCAL/SCB/SCB_program.o
LOAD ./MCAL/SPI/SPI_Lcfg.o
LOAD ./MCAL/SPI/SPI_program.o
LOAD ./MCAL/TIM/TIM_Lcfg.o
LOAD ./MCAL/TIM/TIM_program.o
LOAD ./SERVICES/FreeRTOS/Source/croutine.o
LOAD ./SERVICES/FreeRTOS/Source/event_groups.o
LOAD ./SERVICES/FreeRTOS/Source/list.o
LOAD ./SERVICES/FreeRTOS/Source/queue.o
LOAD ./SERVICES/FreeRTOS/Source/stream_buffer.o
LOAD ./SERVICES/FreeRTOS/Source/tasks.o
LOAD ./SERVICES/FreeRTOS/Source/timers.o
LOAD ./SERVICES/FreeRTOS/Source/portable/GCC/ARM_CM4F/port.o
LOAD ./SERVICES/FreeRTOS/Source/portable/MemMang/heap_4.o
LOAD ./Startup/System_Init.o
LOAD ./Startup/startup_stm32f401ccux.o
START GROUP
LOAD D:/Installed Programs/STM32CubeIDE_1.13.2/STM32CubeIDE/plugins/com.st.stm32cube.ide.mcu.externaltools.gnu-tools-for-stm32.11.3.rel1.win32_1.1.1.202309131626/tools/bin/../lib/gcc/arm-none-eabi/11.3.1/../../../../arm-none-eabi/lib/thumb/v7e-m+fp/hard\libc_nano.a
LOAD D:/Installed Programs/STM32CubeIDE_1.13.2/STM32CubeIDE/plugins/com.st.stm32cube.ide.mcu.externaltools.gnu-tools-for-stm32.11.3.rel1.win32_1.1.1.202309131626/tools/bin/../lib/gcc/arm-none-eabi/11.3.1/../../../../arm-none-eabi/lib/thumb/v7e-m+fp/hard\libm.a
END GROUP
START GROUP
LOAD D:/Installed Programs/STM32CubeIDE_1.13.2/STM32CubeIDE/plugins/com.st.stm32cube.ide.mcu.externaltools.gnu-tools-for-stm32.11.3.rel1.win32_1.1.1.202309131626/tools/bin/../lib/gcc/arm-none-eabi/11.3.1/thumb/v7e-m+fp/hard\libgcc.a
LOAD D:/Installed Programs/STM32CubeIDE_1.13.2/STM32CubeIDE/plugins/com.st.stm32cube.ide.mcu.externaltools.gnu-tools-for-stm32.11.3.rel1.win32_1.1.1.202309131626/tools/bin/../lib/gcc/arm-none-eabi/11.3.1/../../../../arm-none-eabi/lib/thumb/v7e-m+fp/hard\libc_nano.a
END GROUP
START GROUP
LOAD D:/Installed Programs/STM32CubeIDE_1.13.2/STM32CubeIDE/plugins/com.st.stm32cube.ide.mcu.externaltools.gnu-tools-for-stm32.11.3.rel1.win32_1.1.1.202309131626/tools/bin/../lib/gcc/arm-none-eabi/11.3.1/thumb/v7e-m+fp/hard\libgcc.a
LOAD D:/Installed Programs/STM32CubeIDE_1.13.2/STM32CubeIDE/plugins/com.st.stm32cube.ide.mcu.externaltools.gnu-tools-for-stm32.11.3.rel1.win32_1.1.1.202309131626/tools/bin/../lib/gcc/arm-none-eabi/11.3.1/../../../../arm-none-eabi/lib/thumb/v7e-m+fp/hard\libc_nano.a
LOAD D:/Installed Programs/STM32CubeIDE_1.13.2/STM32CubeIDE/plugins/com.st.stm32cube.ide.mcu.externaltools.gnu-tools-for-stm32.11.3.rel1.win32_1.1.1.202309131626/tools/bin/../lib/gcc/arm-none-eabi/11.3.1/../../../../arm-none-eabi/lib/thumb/v7e-m+fp/hard\libnosys.a
END GROUP
START GROUP
LOAD D:/Installed Programs/STM32CubeIDE_1.13.2/STM32CubeIDE/plugins/com.st.stm32cube.ide.mcu.externaltools.gnu-tools-for-stm32.11.3.rel1.win32_1.1.1.202309131626/tools/bin/../lib/gcc/arm-none-eabi/11.3.1/thumb/v7e-m+fp/hard\libgcc.a
LOAD D:/Installed Programs/STM32CubeIDE_1.13.2/STM32CubeIDE/plugins/com.st.stm32cube.ide.mcu.externaltools.gnu-tools-for-stm32.11.3.rel1.win32_1.1.1.202309131626/tools/bin/../lib/gcc/arm-none-eabi/11.3.1/../../../../arm-none-eabi/lib/thumb/v7e-m+fp/hard\libc_nano.a
LOAD D:/Installed Programs/STM32CubeIDE_1.13.2/STM32CubeIDE/plugins/com.st.stm32cube.ide.mcu.externaltools.gnu-tools-for-stm32.11.3.rel1.win32_1.1.1.202309131626/tools/bin/../lib/gcc/arm-none-eabi/11.3.1/../../../../arm-none-eabi/lib/thumb/v7e-m+fp/hard\libnosys.a
END GROUP
LOAD D:/Installed Programs/STM32CubeIDE_1.13.2/STM32CubeIDE/plugins/com.st.stm32cube.ide.mcu.externaltools.gnu-tools-for-stm32.11.3.rel1.win32_1.1.1.202309131626/tools/bin/../lib/gcc/arm-none-eabi/11.3.1/thumb/v7e-m+fp/hard/crtend.o
LOAD D:/Installed Programs/STM32CubeIDE_1.13.2/STM32CubeIDE/plugins/com.st.stm32cube.ide.mcu.externaltools.gnu-tools-for-stm32.11.3.rel1.win32_1.1.1.202309131626/tools/bin/../lib/gcc/arm-none-eabi/11.3.1/thumb/v7e-m+fp/hard/crtn.o
                0x0000000020010000                _estack = (ORIGIN (RAM) + LENGTH (RAM))
                0x0000000000000200                _Min_Heap_Size = 0x200
                0x0000000000000400                _Min_Stack_Size = 0x400

.isr_vector     0x0000000008000000      0x194
                0x0000000008000000                . = ALIGN (0x4)
 *(.isr_vector)
 .isr_vector    0x0000000008000000      0x194 ./Startup/startup_stm32f401ccux.o
                0x0000000008000000                g_pfnVectors
                0x0000000008000194                . = ALIGN (0x4)

.text           0x00000000080001a0     0x69f8
                0x00000000080001a0                . = ALIGN (0x4)
 *(.text)
 .text          0x00000000080001a0       0x40 D:/Installed Programs/STM32CubeIDE_1.13.2/STM32CubeIDE/plugins/com.st.stm32cube.ide.mcu.externaltools.gnu-tools-for-stm32.11.3.rel1.win32_1.1.1.202309131626/tools/bin/../lib/gcc/arm-none-eabi/11.3.1/thumb/v7e-m+fp/hard/crtbegin.o
 .text          0x00000000080001e0      0x378 D:/Installed Programs/STM32CubeIDE_1.13.2/STM32CubeIDE/plugins/com.st.stm32cube.ide.mcu.externaltools.gnu-tools-for-stm32.11.3.rel1.win32_1.1.1.202309131626/tools/bin/../lib/gcc/arm-none-eabi/11.3.1/thumb/v7e-m+fp/hard\libgcc.a(_arm_addsubdf3.o)
                0x00000000080001e0                __aeabi_drsub
                0x00000000080001e8                __aeabi_dsub
                0x00000000080001e8                __subdf3
                0x00000000080001ec                __aeabi_dadd
                0x00000000080001ec                __adddf3
                0x0000000008000464                __floatunsidf
                0x0000000008000464                __aeabi_ui2d
                0x0000000008000484                __floatsidf
                0x0000000008000484                __aeabi_i2d
                0x00000000080004a8                __aeabi_f2d
                0x00000000080004a8                __extendsfdf2
                0x00000000080004ec                __floatundidf
                0x00000000080004ec                __aeabi_ul2d
                0x00000000080004fc                __floatdidf
                0x00000000080004fc                __aeabi_l2d
 .text          0x0000000008000558      0x424 D:/Installed Programs/STM32CubeIDE_1.13.2/STM32CubeIDE/plugins/com.st.stm32cube.ide.mcu.externaltools.gnu-tools-for-stm32.11.3.rel1.win32_1.1.1.202309131626/tools/bin/../lib/gcc/arm-none-eabi/11.3.1/thumb/v7e-m+fp/hard\libgcc.a(_arm_muldivdf3.o)
                0x0000000008000558                __aeabi_dmul
                0x0000000008000558                __muldf3
                0x00000000080007ac                __divdf3
                0x00000000080007ac                __aeabi_ddiv
 .text          0x000000000800097c       0x40 D:/Installed Programs/STM32CubeIDE_1.13.2/STM32CubeIDE/plugins/com.st.stm32cube.ide.mcu.externaltools.gnu-tools-for-stm32.11.3.rel1.win32_1.1.1.202309131626/tools/bin/../lib/gcc/arm-none-eabi/11.3.1/thumb/v7e-m+fp/hard\libgcc.a(_arm_fixunsdfsi.o)
                0x000000000800097c                __aeabi_d2uiz
                0x000000000800097c                __fixunsdfsi
 *(.text*)
 .text.IR_CALLBACK
                0x00000000080009bc       0x9c ./APP/main.o
                0x00000000080009bc                IR_CALLBACK
 .text.InitTask
                0x0000000008000a58      0x178 ./APP/main.o
                0x0000000008000a58                InitTask
 .text.TFT_Task
                0x0000000008000bd0      0x264 ./APP/main.o
                0x0000000008000bd0                TFT_Task
 .text.DAC_Task
                0x0000000008000e34       0xac ./APP/main.o
                0x0000000008000e34                DAC_Task
 .text.LEDMAT_Task
                0x0000000008000ee0       0x78 ./APP/main.o
                0x0000000008000ee0                LEDMAT_Task
 .text.RGBTimerCallback
                0x0000000008000f58       0x58 ./APP/main.o
                0x0000000008000f58                RGBTimerCallback
 .text.main     0x0000000008000fb0       0x2c ./APP/main.o
                0x0000000008000fb0                main
 .text.IR_voidInit
                0x0000000008000fdc       0x98 ./HAL/IR_Receiver/IR_program.o
                0x0000000008000fdc                IR_voidInit
 .text.IR_u32GetReceivedData
                0x0000000008001074       0x18 ./HAL/IR_Receiver/IR_program.o
                0x0000000008001074                IR_u32GetReceivedData
 .text.IR_EXTI_Handler
                0x000000000800108c      0x158 ./HAL/IR_Receiver/IR_program.o
 .text.LEDMAT_Timer_CallBack_Handler
                0x00000000080011e4       0x18 ./HAL/LEDMAT/LEDMAT_program.o
 .text.voidDisableAllRows
                0x00000000080011fc       0x56 ./HAL/LEDMAT/LEDMAT_program.o
 .text.voidDisableAllColumns
                0x0000000008001252       0x54 ./HAL/LEDMAT/LEDMAT_program.o
 *fill*         0x00000000080012a6        0x2 
 .text.voidUpdateScreen_WithDelay_WithStopFlag
                0x00000000080012a8      0x17c ./HAL/LEDMAT/LEDMAT_program.o
 .text.voidClearLEDMATBuffer
                0x0000000008001424       0x1e ./HAL/LEDMAT/LEDMAT_program.o
 .text.voidScrollLeft
                0x0000000008001442       0x42 ./HAL/LEDMAT/LEDMAT_program.o
 .text.HLEDMAT_voidInit
                0x0000000008001484       0x1a ./HAL/LEDMAT/LEDMAT_program.o
                0x0000000008001484                HLEDMAT_voidInit
 *fill*         0x000000000800149e        0x2 
 .text.HLEDMAT_voidDisplayScrollingString_WithStopFlag
                0x00000000080014a0       0xe0 ./HAL/LEDMAT/LEDMAT_program.o
                0x00000000080014a0                HLEDMAT_voidDisplayScrollingString_WithStopFlag
 .text.R2RDAC_Bit_init
                0x0000000008001580       0x7c ./HAL/R2R_DAC/R2RDAC_program.o
 .text.R2RDAC_voidInit
                0x00000000080015fc       0x3c ./HAL/R2R_DAC/R2RDAC_program.o
                0x00000000080015fc                R2RDAC_voidInit
 .text.RGB_init_led
                0x0000000008001638       0x7c ./HAL/RGB_LED/RGB_program.o
 .text.RGB_voidInit
                0x00000000080016b4       0x40 ./HAL/RGB_LED/RGB_program.o
                0x00000000080016b4                RGB_voidInit
 .text.RGB_voidSetColor
                0x00000000080016f4       0xc0 ./HAL/RGB_LED/RGB_program.o
                0x00000000080016f4                RGB_voidSetColor
 .text.SHIFTREG_voidPinInit
                0x00000000080017b4       0x70 ./HAL/SHIFT_REG_16BIT/SHIFTREG_program.o
 .text.SHIFTREG_voidInit
                0x0000000008001824       0x40 ./HAL/SHIFT_REG_16BIT/SHIFTREG_program.o
                0x0000000008001824                SHIFTREG_voidInit
 .text.SHIFTREG_voidLatchData
                0x0000000008001864       0x8c ./HAL/SHIFT_REG_16BIT/SHIFTREG_program.o
                0x0000000008001864                SHIFTREG_voidLatchData
 .text.TFT_GPIO_PinsInit
                0x00000000080018f0       0x58 ./HAL/TFT/TFT_program.o
 .text.TFT_ResetSequence
                0x0000000008001948       0xdc ./HAL/TFT/TFT_program.o
 .text.TFT_voidSendCommand
                0x0000000008001a24       0x36 ./HAL/TFT/TFT_program.o
 .text.TFT_voidSendData
                0x0000000008001a5a       0x36 ./HAL/TFT/TFT_program.o
 .text.TFT_voidInit
                0x0000000008001a90       0xb4 ./HAL/TFT/TFT_program.o
                0x0000000008001a90                TFT_voidInit
 .text.TFT_voidSetWindow
                0x0000000008001b44       0x82 ./HAL/TFT/TFT_program.o
                0x0000000008001b44                TFT_voidSetWindow
 .text.TFT_voidDisplayFullImage
                0x0000000008001bc6       0x44 ./HAL/TFT/TFT_program.o
                0x0000000008001bc6                TFT_voidDisplayFullImage
 .text.TFT_FillScreen
                0x0000000008001c0a       0x84 ./HAL/TFT/TFT_program.o
                0x0000000008001c0a                TFT_FillScreen
 .text.TFT_ClearScreen
                0x0000000008001c8e       0x30 ./HAL/TFT/TFT_program.o
                0x0000000008001c8e                TFT_ClearScreen
 .text.DMA_ClearTCInterruptFlag
                0x0000000008001cbe       0xe2 ./MCAL/DMA/DMA_program.o
 .text.DMA_Interrupt_Init
                0x0000000008001da0       0xec ./MCAL/DMA/DMA_program.o
 .text.MDMA_voidInit
                0x0000000008001e8c       0xa8 ./MCAL/DMA/DMA_program.o
                0x0000000008001e8c                MDMA_voidInit
 .text.MDMA_voidStart
                0x0000000008001f34       0xc4 ./MCAL/DMA/DMA_program.o
                0x0000000008001f34                MDMA_voidStart
 .text.DMA1_Stream0_IRQHandler
                0x0000000008001ff8       0x2c ./MCAL/DMA/DMA_program.o
                0x0000000008001ff8                DMA1_Stream0_IRQHandler
 .text.DMA1_Stream1_IRQHandler
                0x0000000008002024       0x2c ./MCAL/DMA/DMA_program.o
                0x0000000008002024                DMA1_Stream1_IRQHandler
 .text.DMA1_Stream2_IRQHandler
                0x0000000008002050       0x2c ./MCAL/DMA/DMA_program.o
                0x0000000008002050                DMA1_Stream2_IRQHandler
 .text.DMA1_Stream3_IRQHandler
                0x000000000800207c       0x2c ./MCAL/DMA/DMA_program.o
                0x000000000800207c                DMA1_Stream3_IRQHandler
 .text.DMA1_Stream4_IRQHandler
                0x00000000080020a8       0x2c ./MCAL/DMA/DMA_program.o
                0x00000000080020a8                DMA1_Stream4_IRQHandler
 .text.DMA1_Stream5_IRQHandler
                0x00000000080020d4       0x2c ./MCAL/DMA/DMA_program.o
                0x00000000080020d4                DMA1_Stream5_IRQHandler
 .text.DMA1_Stream6_IRQHandler
                0x0000000008002100       0x2c ./MCAL/DMA/DMA_program.o
                0x0000000008002100                DMA1_Stream6_IRQHandler
 .text.DMA1_Stream7_IRQHandler
                0x000000000800212c       0x2c ./MCAL/DMA/DMA_program.o
                0x000000000800212c                DMA1_Stream7_IRQHandler
 .text.DMA2_Stream0_IRQHandler
                0x0000000008002158       0x2c ./MCAL/DMA/DMA_program.o
                0x0000000008002158                DMA2_Stream0_IRQHandler
 .text.DMA2_Stream1_IRQHandler
                0x0000000008002184       0x2c ./MCAL/DMA/DMA_program.o
                0x0000000008002184                DMA2_Stream1_IRQHandler
 .text.DMA2_Stream2_IRQHandler
                0x00000000080021b0       0x2c ./MCAL/DMA/DMA_program.o
                0x00000000080021b0                DMA2_Stream2_IRQHandler
 .text.DMA2_Stream3_IRQHandler
                0x00000000080021dc       0x2c ./MCAL/DMA/DMA_program.o
                0x00000000080021dc                DMA2_Stream3_IRQHandler
 .text.DMA2_Stream4_IRQHandler
                0x0000000008002208       0x2c ./MCAL/DMA/DMA_program.o
                0x0000000008002208                DMA2_Stream4_IRQHandler
 .text.DMA2_Stream5_IRQHandler
                0x0000000008002234       0x2c ./MCAL/DMA/DMA_program.o
                0x0000000008002234                DMA2_Stream5_IRQHandler
 .text.DMA2_Stream6_IRQHandler
                0x0000000008002260       0x2c ./MCAL/DMA/DMA_program.o
                0x0000000008002260                DMA2_Stream6_IRQHandler
 .text.DMA2_Stream7_IRQHandler
                0x000000000800228c       0x2c ./MCAL/DMA/DMA_program.o
                0x000000000800228c                DMA2_Stream7_IRQHandler
 .text.MEXTI_voidInit
                0x00000000080022b8      0x21c ./MCAL/EXTI/EXTI_program.o
                0x00000000080022b8                MEXTI_voidInit
 .text.MEXTI_voidClearPendingFlag
                0x00000000080024d4       0x30 ./MCAL/EXTI/EXTI_program.o
                0x00000000080024d4                MEXTI_voidClearPendingFlag
 .text.MEXTI_u8GetPendingFlag
                0x0000000008002504       0x2c ./MCAL/EXTI/EXTI_program.o
                0x0000000008002504                MEXTI_u8GetPendingFlag
 .text.EXTI0_IRQHandler
                0x0000000008002530       0x20 ./MCAL/EXTI/EXTI_program.o
                0x0000000008002530                EXTI0_IRQHandler
 .text.EXTI1_IRQHandler
                0x0000000008002550       0x20 ./MCAL/EXTI/EXTI_program.o
                0x0000000008002550                EXTI1_IRQHandler
 .text.EXTI2_IRQHandler
                0x0000000008002570       0x20 ./MCAL/EXTI/EXTI_program.o
                0x0000000008002570                EXTI2_IRQHandler
 .text.EXTI3_IRQHandler
                0x0000000008002590       0x20 ./MCAL/EXTI/EXTI_program.o
                0x0000000008002590                EXTI3_IRQHandler
 .text.EXTI4_IRQHandler
                0x00000000080025b0       0x20 ./MCAL/EXTI/EXTI_program.o
                0x00000000080025b0                EXTI4_IRQHandler
 .text.EXTI9_5_IRQHandler
                0x00000000080025d0       0xb4 ./MCAL/EXTI/EXTI_program.o
                0x00000000080025d0                EXTI9_5_IRQHandler
 .text.EXTI15_10_IRQHandler
                0x0000000008002684       0xd8 ./MCAL/EXTI/EXTI_program.o
                0x0000000008002684                EXTI15_10_IRQHandler
 .text.GPIO_voidSetPinMode
                0x000000000800275c       0xb4 ./MCAL/GPIO/GPIO_program.o
                0x000000000800275c                GPIO_voidSetPinMode
 .text.GPIO_voidSetPinOutputMode
                0x0000000008002810       0xa4 ./MCAL/GPIO/GPIO_program.o
                0x0000000008002810                GPIO_voidSetPinOutputMode
 .text.GPIO_voidSetPinAlternateFunction
                0x00000000080028b4      0x150 ./MCAL/GPIO/GPIO_program.o
                0x00000000080028b4                GPIO_voidSetPinAlternateFunction
 .text.GPIO_voidSetPinOutputSpeed
                0x0000000008002a04       0xb4 ./MCAL/GPIO/GPIO_program.o
                0x0000000008002a04                GPIO_voidSetPinOutputSpeed
 .text.GPIO_voidSetPinValue
                0x0000000008002ab8       0xc0 ./MCAL/GPIO/GPIO_program.o
                0x0000000008002ab8                GPIO_voidSetPinValue
 .text.GPIO_voidSetPinPullUpDownResistor
                0x0000000008002b78       0xb4 ./MCAL/GPIO/GPIO_program.o
                0x0000000008002b78                GPIO_voidSetPinPullUpDownResistor
 .text.MNVIC_voidEnableIRQ
                0x0000000008002c2c       0x3c ./MCAL/NVIC/NVIC_program.o
                0x0000000008002c2c                MNVIC_voidEnableIRQ
 .text.MNVIC_voidSetPriority
                0x0000000008002c68       0x38 ./MCAL/NVIC/NVIC_program.o
                0x0000000008002c68                MNVIC_voidSetPriority
 .text.RCC_void_PLL_Init
                0x0000000008002ca0       0xc0 ./MCAL/RCC/RCC_program.o
 .text.RCC_void_AHB1Prescaler_Init
                0x0000000008002d60       0x28 ./MCAL/RCC/RCC_program.o
 .text.RCC_void_APB1Prescaler_Init
                0x0000000008002d88       0x2c ./MCAL/RCC/RCC_program.o
 .text.RCC_void_APB2Prescaler_Init
                0x0000000008002db4       0x28 ./MCAL/RCC/RCC_program.o
 .text.RCC_voidInit
                0x0000000008002ddc       0x18 ./MCAL/RCC/RCC_program.o
                0x0000000008002ddc                RCC_voidInit
 .text.RCC_voidEnablePeripheralClock
                0x0000000008002df4       0x80 ./MCAL/RCC/RCC_program.o
                0x0000000008002df4                RCC_voidEnablePeripheralClock
 .text.MSPI_GPIOInit
                0x0000000008002e74       0xd8 ./MCAL/SPI/SPI_program.o
 .text.SPI_Timeout_Handler
                0x0000000008002f4c       0x18 ./MCAL/SPI/SPI_program.o
 .text.MSPIx_voidClockEnable
                0x0000000008002f64       0x44 ./MCAL/SPI/SPI_program.o
 .text.MSPI_voidInit
                0x0000000008002fa8       0x94 ./MCAL/SPI/SPI_program.o
                0x0000000008002fa8                MSPI_voidInit
 .text.MSPI_TransmitByte
                0x000000000800303c       0xa0 ./MCAL/SPI/SPI_program.o
                0x000000000800303c                MSPI_TransmitByte
 .text.MSPI_DMA_Transmit
                0x00000000080030dc       0x64 ./MCAL/SPI/SPI_program.o
                0x00000000080030dc                MSPI_DMA_Transmit
 .text.SPI1_IRQHandler
                0x0000000008003140        0xe ./MCAL/SPI/SPI_program.o
                0x0000000008003140                SPI1_IRQHandler
 .text.SPI2_IRQHandler
                0x000000000800314e        0xe ./MCAL/SPI/SPI_program.o
                0x000000000800314e                SPI2_IRQHandler
 .text.SPI3_IRQHandler
                0x000000000800315c        0xe ./MCAL/SPI/SPI_program.o
                0x000000000800315c                SPI3_IRQHandler
 *fill*         0x000000000800316a        0x2 
 .text.TIM_RCC_ENABLE
                0x000000000800316c       0xbc ./MCAL/TIM/TIM_program.o
 .text.TIM_GPIO_INIT
                0x0000000008003228      0x12c ./MCAL/TIM/TIM_program.o
 .text.TIM_Update_INT_Init
                0x0000000008003354      0x164 ./MCAL/TIM/TIM_program.o
 .text.TIM_Capture_Compare_INT_Init
                0x00000000080034b8      0x164 ./MCAL/TIM/TIM_program.o
 .text.TIM_PWM_INIT
                0x000000000800361c       0x84 ./MCAL/TIM/TIM_program.o
 .text.TIM_IC_INIT
                0x00000000080036a0       0x50 ./MCAL/TIM/TIM_program.o
 .text.TIM_Init
                0x00000000080036f0       0xf0 ./MCAL/TIM/TIM_program.o
                0x00000000080036f0                TIM_Init
 .text.TIM_DeInit
                0x00000000080037e0       0x44 ./MCAL/TIM/TIM_program.o
                0x00000000080037e0                TIM_DeInit
 .text.TIM_GetElapsedTime
                0x0000000008003824       0x42 ./MCAL/TIM/TIM_program.o
                0x0000000008003824                TIM_GetElapsedTime
 *fill*         0x0000000008003866        0x2 
 .text.TIM_SingleInterval
                0x0000000008003868      0x108 ./MCAL/TIM/TIM_program.o
                0x0000000008003868                TIM_SingleInterval
 .text.TIM_SetPreload
                0x0000000008003970       0x54 ./MCAL/TIM/TIM_program.o
                0x0000000008003970                TIM_SetPreload
 .text.TIM1_UP_TIM10_IRQHandler
                0x00000000080039c4       0xe8 ./MCAL/TIM/TIM_program.o
                0x00000000080039c4                TIM1_UP_TIM10_IRQHandler
 .text.TIM1_TRG_COM_TIM11_IRQHandler
                0x0000000008003aac       0x94 ./MCAL/TIM/TIM_program.o
                0x0000000008003aac                TIM1_TRG_COM_TIM11_IRQHandler
 .text.TIM1_BRK_TIM9_IRQHandler
                0x0000000008003b40       0x94 ./MCAL/TIM/TIM_program.o
                0x0000000008003b40                TIM1_BRK_TIM9_IRQHandler
 .text.TIM1_CC_IRQHandler
                0x0000000008003bd4       0x2c ./MCAL/TIM/TIM_program.o
                0x0000000008003bd4                TIM1_CC_IRQHandler
 .text.TIM2_IRQHandler
                0x0000000008003c00       0xa8 ./MCAL/TIM/TIM_program.o
                0x0000000008003c00                TIM2_IRQHandler
 .text.TIM3_IRQHandler
                0x0000000008003ca8       0x94 ./MCAL/TIM/TIM_program.o
                0x0000000008003ca8                TIM3_IRQHandler
 .text.TIM4_IRQHandler
                0x0000000008003d3c       0x94 ./MCAL/TIM/TIM_program.o
                0x0000000008003d3c                TIM4_IRQHandler
 .text.TIM5_IRQHandler
                0x0000000008003dd0       0x94 ./MCAL/TIM/TIM_program.o
                0x0000000008003dd0                TIM5_IRQHandler
 .text.vListInitialise
                0x0000000008003e64       0x40 ./SERVICES/FreeRTOS/Source/list.o
                0x0000000008003e64                vListInitialise
 .text.vListInitialiseItem
                0x0000000008003ea4       0x1a ./SERVICES/FreeRTOS/Source/list.o
                0x0000000008003ea4                vListInitialiseItem
 .text.vListInsertEnd
                0x0000000008003ebe       0x48 ./SERVICES/FreeRTOS/Source/list.o
                0x0000000008003ebe                vListInsertEnd
 .text.vListInsert
                0x0000000008003f06       0x72 ./SERVICES/FreeRTOS/Source/list.o
                0x0000000008003f06                vListInsert
 .text.uxListRemove
                0x0000000008003f78       0x54 ./SERVICES/FreeRTOS/Source/list.o
                0x0000000008003f78                uxListRemove
 .text.xQueueGenericReset
                0x0000000008003fcc       0xd0 ./SERVICES/FreeRTOS/Source/queue.o
                0x0000000008003fcc                xQueueGenericReset
 .text.xQueueGenericCreate
                0x000000000800409c       0x6c ./SERVICES/FreeRTOS/Source/queue.o
                0x000000000800409c                xQueueGenericCreate
 .text.prvInitialiseNewQueue
                0x0000000008004108       0x46 ./SERVICES/FreeRTOS/Source/queue.o
 .text.prvInitialiseMutex
                0x000000000800414e       0x34 ./SERVICES/FreeRTOS/Source/queue.o
 .text.xQueueCreateMutex
                0x0000000008004182       0x30 ./SERVICES/FreeRTOS/Source/queue.o
                0x0000000008004182                xQueueCreateMutex
 *fill*         0x00000000080041b2        0x2 
 .text.xQueueGenericSend
                0x00000000080041b4      0x1fc ./SERVICES/FreeRTOS/Source/queue.o
                0x00000000080041b4                xQueueGenericSend
 .text.xQueueGenericSendFromISR
                0x00000000080043b0      0x136 ./SERVICES/FreeRTOS/Source/queue.o
                0x00000000080043b0                xQueueGenericSendFromISR
 *fill*         0x00000000080044e6        0x2 
 .text.xQueueReceive
                0x00000000080044e8      0x1c0 ./SERVICES/FreeRTOS/Source/queue.o
                0x00000000080044e8                xQueueReceive
 .text.xQueueSemaphoreTake
                0x00000000080046a8      0x218 ./SERVICES/FreeRTOS/Source/queue.o
                0x00000000080046a8                xQueueSemaphoreTake
 .text.prvGetDisinheritPriorityAfterTimeout
                0x00000000080048c0       0x30 ./SERVICES/FreeRTOS/Source/queue.o
 .text.prvCopyDataToQueue
                0x00000000080048f0       0xd4 ./SERVICES/FreeRTOS/Source/queue.o
 .text.prvCopyDataFromQueue
                0x00000000080049c4       0x4c ./SERVICES/FreeRTOS/Source/queue.o
 .text.prvUnlockQueue
                0x0000000008004a10       0xa4 ./SERVICES/FreeRTOS/Source/queue.o
 .text.prvIsQueueEmpty
                0x0000000008004ab4       0x2c ./SERVICES/FreeRTOS/Source/queue.o
 .text.prvIsQueueFull
                0x0000000008004ae0       0x30 ./SERVICES/FreeRTOS/Source/queue.o
 .text.vQueueAddToRegistry
                0x0000000008004b10       0x54 ./SERVICES/FreeRTOS/Source/queue.o
                0x0000000008004b10                vQueueAddToRegistry
 .text.vQueueWaitForMessageRestricted
                0x0000000008004b64       0x68 ./SERVICES/FreeRTOS/Source/queue.o
                0x0000000008004b64                vQueueWaitForMessageRestricted
 .text.xTaskCreate
                0x0000000008004bcc       0x82 ./SERVICES/FreeRTOS/Source/tasks.o
                0x0000000008004bcc                xTaskCreate
 .text.prvInitialiseNewTask
                0x0000000008004c4e      0x124 ./SERVICES/FreeRTOS/Source/tasks.o
 *fill*         0x0000000008004d72        0x2 
 .text.prvAddNewTaskToReadyList
                0x0000000008004d74       0xe0 ./SERVICES/FreeRTOS/Source/tasks.o
 .text.vTaskDelete
                0x0000000008004e54       0xe4 ./SERVICES/FreeRTOS/Source/tasks.o
                0x0000000008004e54                vTaskDelete
 .text.vTaskDelay
                0x0000000008004f38       0x68 ./SERVICES/FreeRTOS/Source/tasks.o
                0x0000000008004f38                vTaskDelay
 .text.vTaskStartScheduler
                0x0000000008004fa0       0x9c ./SERVICES/FreeRTOS/Source/tasks.o
                0x0000000008004fa0                vTaskStartScheduler
 .text.vTaskSuspendAll
                0x000000000800503c       0x1c ./SERVICES/FreeRTOS/Source/tasks.o
                0x000000000800503c                vTaskSuspendAll
 .text.xTaskResumeAll
                0x0000000008005058      0x13c ./SERVICES/FreeRTOS/Source/tasks.o
                0x0000000008005058                xTaskResumeAll
 .text.xTaskGetTickCount
                0x0000000008005194       0x20 ./SERVICES/FreeRTOS/Source/tasks.o
                0x0000000008005194                xTaskGetTickCount
 .text.xTaskGetTickCountFromISR
                0x00000000080051b4       0x24 ./SERVICES/FreeRTOS/Source/tasks.o
                0x00000000080051b4                xTaskGetTickCountFromISR
 .text.xTaskIncrementTick
                0x00000000080051d8      0x174 ./SERVICES/FreeRTOS/Source/tasks.o
                0x00000000080051d8                xTaskIncrementTick
 .text.vTaskSwitchContext
                0x000000000800534c       0xbc ./SERVICES/FreeRTOS/Source/tasks.o
                0x000000000800534c                vTaskSwitchContext
 .text.vTaskPlaceOnEventList
                0x0000000008005408       0x48 ./SERVICES/FreeRTOS/Source/tasks.o
                0x0000000008005408                vTaskPlaceOnEventList
 .text.vTaskPlaceOnEventListRestricted
                0x0000000008005450       0x58 ./SERVICES/FreeRTOS/Source/tasks.o
                0x0000000008005450                vTaskPlaceOnEventListRestricted
 .text.xTaskRemoveFromEventList
                0x00000000080054a8       0xc8 ./SERVICES/FreeRTOS/Source/tasks.o
                0x00000000080054a8                xTaskRemoveFromEventList
 .text.vTaskInternalSetTimeOutState
                0x0000000008005570       0x2c ./SERVICES/FreeRTOS/Source/tasks.o
                0x0000000008005570                vTaskInternalSetTimeOutState
 .text.xTaskCheckForTimeOut
                0x000000000800559c       0xc4 ./SERVICES/FreeRTOS/Source/tasks.o
                0x000000000800559c                xTaskCheckForTimeOut
 .text.vTaskMissedYield
                0x0000000008005660       0x18 ./SERVICES/FreeRTOS/Source/tasks.o
                0x0000000008005660                vTaskMissedYield
 .text.prvIdleTask
                0x0000000008005678       0x30 ./SERVICES/FreeRTOS/Source/tasks.o
 .text.prvInitialiseTaskLists
                0x00000000080056a8       0x80 ./SERVICES/FreeRTOS/Source/tasks.o
 .text.prvCheckTasksWaitingTermination
                0x0000000008005728       0x5c ./SERVICES/FreeRTOS/Source/tasks.o
 .text.prvDeleteTCB
                0x0000000008005784       0x20 ./SERVICES/FreeRTOS/Source/tasks.o
 .text.prvResetNextTaskUnblockTime
                0x00000000080057a4       0x40 ./SERVICES/FreeRTOS/Source/tasks.o
 .text.xTaskGetSchedulerState
                0x00000000080057e4       0x3c ./SERVICES/FreeRTOS/Source/tasks.o
                0x00000000080057e4                xTaskGetSchedulerState
 .text.xTaskPriorityInherit
                0x0000000008005820       0xd0 ./SERVICES/FreeRTOS/Source/tasks.o
                0x0000000008005820                xTaskPriorityInherit
 .text.xTaskPriorityDisinherit
                0x00000000080058f0       0xdc ./SERVICES/FreeRTOS/Source/tasks.o
                0x00000000080058f0                xTaskPriorityDisinherit
 .text.vTaskPriorityDisinheritAfterTimeout
                0x00000000080059cc      0x104 ./SERVICES/FreeRTOS/Source/tasks.o
                0x00000000080059cc                vTaskPriorityDisinheritAfterTimeout
 .text.pvTaskIncrementMutexHeldCount
                0x0000000008005ad0       0x28 ./SERVICES/FreeRTOS/Source/tasks.o
                0x0000000008005ad0                pvTaskIncrementMutexHeldCount
 .text.prvAddCurrentTaskToDelayedList
                0x0000000008005af8       0xa8 ./SERVICES/FreeRTOS/Source/tasks.o
 .text.xTimerCreateTimerTask
                0x0000000008005ba0       0x64 ./SERVICES/FreeRTOS/Source/timers.o
                0x0000000008005ba0                xTimerCreateTimerTask
 .text.xTimerCreate
                0x0000000008005c04       0x42 ./SERVICES/FreeRTOS/Source/timers.o
                0x0000000008005c04                xTimerCreate
 .text.prvInitialiseNewTimer
                0x0000000008005c46       0x76 ./SERVICES/FreeRTOS/Source/timers.o
 .text.xTimerGenericCommand
                0x0000000008005cbc       0x9c ./SERVICES/FreeRTOS/Source/timers.o
                0x0000000008005cbc                xTimerGenericCommand
 .text.prvProcessExpiredTimer
                0x0000000008005d58       0x98 ./SERVICES/FreeRTOS/Source/timers.o
 .text.prvTimerTask
                0x0000000008005df0       0x24 ./SERVICES/FreeRTOS/Source/timers.o
 .text.prvProcessTimerOrBlockTask
                0x0000000008005e14       0x9c ./SERVICES/FreeRTOS/Source/timers.o
 .text.prvGetNextExpireTime
                0x0000000008005eb0       0x48 ./SERVICES/FreeRTOS/Source/timers.o
 .text.prvSampleTimeNow
                0x0000000008005ef8       0x40 ./SERVICES/FreeRTOS/Source/timers.o
 .text.prvInsertTimerInActiveList
                0x0000000008005f38       0x84 ./SERVICES/FreeRTOS/Source/timers.o
 .text.prvProcessReceivedCommands
                0x0000000008005fbc      0x18c ./SERVICES/FreeRTOS/Source/timers.o
 .text.prvSwitchTimerLists
                0x0000000008006148       0xc8 ./SERVICES/FreeRTOS/Source/timers.o
 .text.prvCheckForValidListAndQueue
                0x0000000008006210       0x6c ./SERVICES/FreeRTOS/Source/timers.o
 .text.pxPortInitialiseStack
                0x000000000800627c       0x68 ./SERVICES/FreeRTOS/Source/portable/GCC/ARM_CM4F/port.o
                0x000000000800627c                pxPortInitialiseStack
 .text.prvTaskExitError
                0x00000000080062e4       0x58 ./SERVICES/FreeRTOS/Source/portable/GCC/ARM_CM4F/port.o
 *fill*         0x000000000800633c        0x4 
 .text.SVC_Handler
                0x0000000008006340       0x28 ./SERVICES/FreeRTOS/Source/portable/GCC/ARM_CM4F/port.o
                0x0000000008006340                SVC_Handler
 .text.prvPortStartFirstTask
                0x0000000008006368       0x2c ./SERVICES/FreeRTOS/Source/portable/GCC/ARM_CM4F/port.o
 .text.xPortStartScheduler
                0x0000000008006394      0x144 ./SERVICES/FreeRTOS/Source/portable/GCC/ARM_CM4F/port.o
                0x0000000008006394                xPortStartScheduler
 .text.vPortEnterCritical
                0x00000000080064d8       0x60 ./SERVICES/FreeRTOS/Source/portable/GCC/ARM_CM4F/port.o
                0x00000000080064d8                vPortEnterCritical
 .text.vPortExitCritical
                0x0000000008006538       0x54 ./SERVICES/FreeRTOS/Source/portable/GCC/ARM_CM4F/port.o
                0x0000000008006538                vPortExitCritical
 *fill*         0x000000000800658c        0x4 
 .text.PendSV_Handler
                0x0000000008006590       0x68 ./SERVICES/FreeRTOS/Source/portable/GCC/ARM_CM4F/port.o
                0x0000000008006590                PendSV_Handler
 .text.SysTick_Handler
                0x00000000080065f8       0x44 ./SERVICES/FreeRTOS/Source/portable/GCC/ARM_CM4F/port.o
                0x00000000080065f8                SysTick_Handler
 .text.vPortSetupTimerInterrupt
                0x000000000800663c       0x34 ./SERVICES/FreeRTOS/Source/portable/GCC/ARM_CM4F/port.o
                0x000000000800663c                vPortSetupTimerInterrupt
 .text.vPortEnableVFP
                0x0000000008006670       0x18 ./SERVICES/FreeRTOS/Source/portable/GCC/ARM_CM4F/port.o
 .text.vPortValidateInterruptPriority
                0x0000000008006688       0x80 ./SERVICES/FreeRTOS/Source/portable/GCC/ARM_CM4F/port.o
                0x0000000008006688                vPortValidateInterruptPriority
 .text.pvPortMalloc
                0x0000000008006708      0x174 ./SERVICES/FreeRTOS/Source/portable/MemMang/heap_4.o
                0x0000000008006708                pvPortMalloc
 .text.vPortFree
                0x000000000800687c       0xb8 ./SERVICES/FreeRTOS/Source/portable/MemMang/heap_4.o
                0x000000000800687c                vPortFree
 .text.prvHeapInit
                0x0000000008006934       0xb8 ./SERVICES/FreeRTOS/Source/portable/MemMang/heap_4.o
 .text.prvInsertBlockIntoFreeList
                0x00000000080069ec       0xb4 ./SERVICES/FreeRTOS/Source/portable/MemMang/heap_4.o
 .text.SystemInit
                0x0000000008006aa0       0x18 ./Startup/System_Init.o
                0x0000000008006aa0                SystemInit
 .text.Reset_Handler
                0x0000000008006ab8       0x50 ./Startup/startup_stm32f401ccux.o
                0x0000000008006ab8                Reset_Handler
 .text.Default_Handler
                0x0000000008006b08        0x2 ./Startup/startup_stm32f401ccux.o
                0x0000000008006b08                DebugMon_Handler
                0x0000000008006b08                SPI4_IRQHandler
                0x0000000008006b08                HardFault_Handler
                0x0000000008006b08                SDIO_IRQHandler
                0x0000000008006b08                TAMP_STAMP_IRQHandler
                0x0000000008006b08                NMI_Handler
                0x0000000008006b08                I2C3_ER_IRQHandler
                0x0000000008006b08                EXTI18_OTG_FS_WKUP_IRQHandler
                0x0000000008006b08                I2C2_EV_IRQHandler
                0x0000000008006b08                UsageFault_Handler
                0x0000000008006b08                USART6_IRQHandler
                0x0000000008006b08                I2C1_EV_IRQHandler
                0x0000000008006b08                RCC_IRQHandler
                0x0000000008006b08                Default_Handler
                0x0000000008006b08                ADC_IRQHandler
                0x0000000008006b08                I2C3_EV_IRQHandler
                0x0000000008006b08                MemManage_Handler
                0x0000000008006b08                EXTI22_RTC_WKUP_IRQHandler
                0x0000000008006b08                EXTI16_PVD_IRQHandler
                0x0000000008006b08                EXTI17_RTC_Alarm_IRQHandler
                0x0000000008006b08                USART2_IRQHandler
                0x0000000008006b08                I2C2_ER_IRQHandler
                0x0000000008006b08                FLASH_IRQHandler
                0x0000000008006b08                BusFault_Handler
                0x0000000008006b08                USART1_IRQHandler
                0x0000000008006b08                OTG_FS_IRQHandler
                0x0000000008006b08                I2C1_ER_IRQHandler
 .text.memset   0x0000000008006b0a       0x10 D:/Installed Programs/STM32CubeIDE_1.13.2/STM32CubeIDE/plugins/com.st.stm32cube.ide.mcu.externaltools.gnu-tools-for-stm32.11.3.rel1.win32_1.1.1.202309131626/tools/bin/../lib/gcc/arm-none-eabi/11.3.1/../../../../arm-none-eabi/lib/thumb/v7e-m+fp/hard\libc_nano.a(libc_a-memset.o)
                0x0000000008006b0a                memset
 *fill*         0x0000000008006b1a        0x2 
 .text.__libc_init_array
                0x0000000008006b1c       0x48 D:/Installed Programs/STM32CubeIDE_1.13.2/STM32CubeIDE/plugins/com.st.stm32cube.ide.mcu.externaltools.gnu-tools-for-stm32.11.3.rel1.win32_1.1.1.202309131626/tools/bin/../lib/gcc/arm-none-eabi/11.3.1/../../../../arm-none-eabi/lib/thumb/v7e-m+fp/hard\libc_nano.a(libc_a-init.o)
                0x0000000008006b1c                __libc_init_array
 .text.memcpy   0x0000000008006b64       0x1c D:/Installed Programs/STM32CubeIDE_1.13.2/STM32CubeIDE/plugins/com.st.stm32cube.ide.mcu.externaltools.gnu-tools-for-stm32.11.3.rel1.win32_1.1.1.202309131626/tools/bin/../lib/gcc/arm-none-eabi/11.3.1/../../../../arm-none-eabi/lib/thumb/v7e-m+fp/hard\libc_nano.a(libc_a-memcpy-stub.o)
                0x0000000008006b64                memcpy
 *(.glue_7)
 .glue_7        0x0000000008006b80        0x0 linker stubs
 *(.glue_7t)
 .glue_7t       0x0000000008006b80        0x0 linker stubs
 *(.eh_frame)
 .eh_frame      0x0000000008006b80        0x0 D:/Installed Programs/STM32CubeIDE_1.13.2/STM32CubeIDE/plugins/com.st.stm32cube.ide.mcu.externaltools.gnu-tools-for-stm32.11.3.rel1.win32_1.1.1.202309131626/tools/bin/../lib/gcc/arm-none-eabi/11.3.1/thumb/v7e-m+fp/hard/crtbegin.o
 *(.init)
 .init          0x0000000008006b80        0x4 D:/Installed Programs/STM32CubeIDE_1.13.2/STM32CubeIDE/plugins/com.st.stm32cube.ide.mcu.externaltools.gnu-tools-for-stm32.11.3.rel1.win32_1.1.1.202309131626/tools/bin/../lib/gcc/arm-none-eabi/11.3.1/thumb/v7e-m+fp/hard/crti.o
                0x0000000008006b80                _init
 .init          0x0000000008006b84        0x8 D:/Installed Programs/STM32CubeIDE_1.13.2/STM32CubeIDE/plugins/com.st.stm32cube.ide.mcu.externaltools.gnu-tools-for-stm32.11.3.rel1.win32_1.1.1.202309131626/tools/bin/../lib/gcc/arm-none-eabi/11.3.1/thumb/v7e-m+fp/hard/crtn.o
 *(.fini)
 .fini          0x0000000008006b8c        0x4 D:/Installed Programs/STM32CubeIDE_1.13.2/STM32CubeIDE/plugins/com.st.stm32cube.ide.mcu.externaltools.gnu-tools-for-stm32.11.3.rel1.win32_1.1.1.202309131626/tools/bin/../lib/gcc/arm-none-eabi/11.3.1/thumb/v7e-m+fp/hard/crti.o
                0x0000000008006b8c                _fini
 .fini          0x0000000008006b90        0x8 D:/Installed Programs/STM32CubeIDE_1.13.2/STM32CubeIDE/plugins/com.st.stm32cube.ide.mcu.externaltools.gnu-tools-for-stm32.11.3.rel1.win32_1.1.1.202309131626/tools/bin/../lib/gcc/arm-none-eabi/11.3.1/thumb/v7e-m+fp/hard/crtn.o
                0x0000000008006b98                . = ALIGN (0x4)
                0x0000000008006b98                _etext = .

.vfp11_veneer   0x0000000008006b98        0x0
 .vfp11_veneer  0x0000000008006b98        0x0 linker stubs

.v4_bx          0x0000000008006b98        0x0
 .v4_bx         0x0000000008006b98        0x0 linker stubs

.iplt           0x0000000008006b98        0x0
 .iplt          0x0000000008006b98        0x0 D:/Installed Programs/STM32CubeIDE_1.13.2/STM32CubeIDE/plugins/com.st.stm32cube.ide.mcu.externaltools.gnu-tools-for-stm32.11.3.rel1.win32_1.1.1.202309131626/tools/bin/../lib/gcc/arm-none-eabi/11.3.1/thumb/v7e-m+fp/hard/crtbegin.o

.rodata         0x0000000008006b98    0x2f8d8
                0x0000000008006b98                . = ALIGN (0x4)
 *(.rodata)
 .rodata        0x0000000008006b98       0x45 ./APP/main.o
 *fill*         0x0000000008006bdd        0x3 
 .rodata        0x0000000008006be0        0x5 ./SERVICES/FreeRTOS/Source/tasks.o
 *fill*         0x0000000008006be5        0x3 
 .rodata        0x0000000008006be8        0xd ./SERVICES/FreeRTOS/Source/timers.o
 *(.rodata*)
 *fill*         0x0000000008006bf5        0x3 
 .rodata.AmrDiab_Image
                0x0000000008006bf8     0xa000 ./APP/main.o
                0x0000000008006bf8                AmrDiab_Image
 .rodata.Mounir_Image
                0x0000000008010bf8     0xa000 ./APP/main.o
                0x0000000008010bf8                Mounir_Image
 .rodata.wayah_raw
                0x000000000801abf8     0xdac0 ./APP/main.o
                0x000000000801abf8                wayah_raw
 .rodata.ya_lally_raw
                0x00000000080286b8     0xdac0 ./APP/main.o
                0x00000000080286b8                ya_lally_raw
 .rodata.Chr_font
                0x0000000008036178      0x2f8 ./HAL/LEDMAT/LEDMAT_font.o
                0x0000000008036178                Chr_font
                0x0000000008036470                . = ALIGN (0x4)

.rel.dyn        0x0000000008036470        0x0
 .rel.iplt      0x0000000008036470        0x0 D:/Installed Programs/STM32CubeIDE_1.13.2/STM32CubeIDE/plugins/com.st.stm32cube.ide.mcu.externaltools.gnu-tools-for-stm32.11.3.rel1.win32_1.1.1.202309131626/tools/bin/../lib/gcc/arm-none-eabi/11.3.1/thumb/v7e-m+fp/hard/crtbegin.o

.ARM.extab      0x0000000008036470        0x0
                0x0000000008036470                . = ALIGN (0x4)
 *(.ARM.extab* .gnu.linkonce.armextab.*)
                0x0000000008036470                . = ALIGN (0x4)

.ARM            0x0000000008036470        0x0
                0x0000000008036470                . = ALIGN (0x4)
                0x0000000008036470                __exidx_start = .
 *(.ARM.exidx*)
                0x0000000008036470                __exidx_end = .
                0x0000000008036470                . = ALIGN (0x4)

.preinit_array  0x0000000008036470        0x0
                0x0000000008036470                . = ALIGN (0x4)
                0x0000000008036470                PROVIDE (__preinit_array_start = .)
 *(.preinit_array*)
                0x0000000008036470                PROVIDE (__preinit_array_end = .)
                0x0000000008036470                . = ALIGN (0x4)

.init_array     0x0000000008036470        0x4
                0x0000000008036470                . = ALIGN (0x4)
                0x0000000008036470                PROVIDE (__init_array_start = .)
 *(SORT_BY_NAME(.init_array.*))
 *(.init_array*)
 .init_array    0x0000000008036470        0x4 D:/Installed Programs/STM32CubeIDE_1.13.2/STM32CubeIDE/plugins/com.st.stm32cube.ide.mcu.externaltools.gnu-tools-for-stm32.11.3.rel1.win32_1.1.1.202309131626/tools/bin/../lib/gcc/arm-none-eabi/11.3.1/thumb/v7e-m+fp/hard/crtbegin.o
                0x0000000008036474                PROVIDE (__init_array_end = .)
                0x0000000008036474                . = ALIGN (0x4)

.fini_array     0x0000000008036474        0x4
                0x0000000008036474                . = ALIGN (0x4)
                [!provide]                        PROVIDE (__fini_array_start = .)
 *(SORT_BY_NAME(.fini_array.*))
 *(.fini_array*)
 .fini_array    0x0000000008036474        0x4 D:/Installed Programs/STM32CubeIDE_1.13.2/STM32CubeIDE/plugins/com.st.stm32cube.ide.mcu.externaltools.gnu-tools-for-stm32.11.3.rel1.win32_1.1.1.202309131626/tools/bin/../lib/gcc/arm-none-eabi/11.3.1/thumb/v7e-m+fp/hard/crtbegin.o
                [!provide]                        PROVIDE (__fini_array_end = .)
                0x0000000008036478                . = ALIGN (0x4)
                0x0000000008036478                _sidata = LOADADDR (.data)

.data           0x0000000020000000       0xd0 load address 0x0000000008036478
                0x0000000020000000                . = ALIGN (0x4)
                0x0000000020000000                _sdata = .
 *(.data)
 *(.data*)
 .data.IR_Config
                0x0000000020000000        0x3 ./HAL/IR_Receiver/IR_Lcfg.o
                0x0000000020000000                IR_Config
 .data.IR_BitCounter.0
                0x0000000020000003        0x1 ./HAL/IR_Receiver/IR_program.o
 .data.ledmat_obj
                0x0000000020000004       0x1c ./HAL/LEDMAT/LEDMAT_LCFG.o
                0x0000000020000004                ledmat_obj
 .data.R2RDAC_Config
                0x0000000020000020       0x10 ./HAL/R2R_DAC/R2RDAC_Lcfg.o
                0x0000000020000020                R2RDAC_Config
 .data.RGB_Lcfg
                0x0000000020000030        0x9 ./HAL/RGB_LED/RGB_Lcfg.o
                0x0000000020000030                RGB_Lcfg
 *fill*         0x0000000020000039        0x3 
 .data.SHIFTREG_Config
                0x000000002000003c        0x8 ./HAL/SHIFT_REG_16BIT/SHIFTREG_Lcfg.o
                0x000000002000003c                SHIFTREG_Config
 .data.TFT_Config
                0x0000000020000044       0x60 ./HAL/TFT/TFT_Lcfg.o
                0x0000000020000044                TFT_Config
 .data.SPIx     0x00000000200000a4        0xc ./MCAL/SPI/SPI_program.o
 .data.TIM2_Cfg
                0x00000000200000b0       0x1c ./MCAL/TIM/TIM_Lcfg.o
                0x00000000200000b0                TIM2_Cfg
 .data.uxCriticalNesting
                0x00000000200000cc        0x4 ./SERVICES/FreeRTOS/Source/portable/GCC/ARM_CM4F/port.o
 *(.RamFunc)
 *(.RamFunc*)
                0x00000000200000d0                . = ALIGN (0x4)
                0x00000000200000d0                _edata = .

.igot.plt       0x00000000200000d0        0x0 load address 0x0000000008036548
 .igot.plt      0x00000000200000d0        0x0 D:/Installed Programs/STM32CubeIDE_1.13.2/STM32CubeIDE/plugins/com.st.stm32cube.ide.mcu.externaltools.gnu-tools-for-stm32.11.3.rel1.win32_1.1.1.202309131626/tools/bin/../lib/gcc/arm-none-eabi/11.3.1/thumb/v7e-m+fp/hard/crtbegin.o
                0x00000000200000d0                . = ALIGN (0x4)

.bss            0x00000000200000d0     0x42cc load address 0x0000000008036548
                0x00000000200000d0                _sbss = .
                0x00000000200000d0                __bss_start__ = _sbss
 *(.bss)
 .bss           0x00000000200000d0       0x1c D:/Installed Programs/STM32CubeIDE_1.13.2/STM32CubeIDE/plugins/com.st.stm32cube.ide.mcu.externaltools.gnu-tools-for-stm32.11.3.rel1.win32_1.1.1.202309131626/tools/bin/../lib/gcc/arm-none-eabi/11.3.1/thumb/v7e-m+fp/hard/crtbegin.o
 *(.bss*)
 .bss.InitTaskHandle
                0x00000000200000ec        0x4 ./APP/main.o
                0x00000000200000ec                InitTaskHandle
 .bss.TFTTaskHandle
                0x00000000200000f0        0x4 ./APP/main.o
                0x00000000200000f0                TFTTaskHandle
 .bss.DACTaskHandle
                0x00000000200000f4        0x4 ./APP/main.o
                0x00000000200000f4                DACTaskHandle
 .bss.LEDMATTaskHandle
                0x00000000200000f8        0x4 ./APP/main.o
                0x00000000200000f8                LEDMATTaskHandle
 .bss.RGB_TimerHandler
                0x00000000200000fc        0x4 ./APP/main.o
                0x00000000200000fc                RGB_TimerHandler
 .bss.TFT_QueueHandler
                0x0000000020000100        0x4 ./APP/main.o
                0x0000000020000100                TFT_QueueHandler
 .bss.AudioSignal_Mutex
                0x0000000020000104        0x4 ./APP/main.o
                0x0000000020000104                AudioSignal_Mutex
 .bss.AudioSignalStopFlag_Mutex
                0x0000000020000108        0x4 ./APP/main.o
                0x0000000020000108                AudioSignalStopFlag_Mutex
 .bss.AudioSignalStart_Semaphore
                0x000000002000010c        0x4 ./APP/main.o
                0x000000002000010c                AudioSignalStart_Semaphore
 .bss.LEDMATStopFlag_Mutex
                0x0000000020000110        0x4 ./APP/main.o
                0x0000000020000110                LEDMATStopFlag_Mutex
 .bss.LEDMATStart_Semaphore
                0x0000000020000114        0x4 ./APP/main.o
                0x0000000020000114                LEDMATStart_Semaphore
 .bss.RGB_Colors_Counter
                0x0000000020000118        0x1 ./APP/main.o
                0x0000000020000118                RGB_Colors_Counter
 *fill*         0x0000000020000119        0x3 
 .bss.Copy_pu8Signal
                0x000000002000011c        0x4 ./APP/main.o
                0x000000002000011c                Copy_pu8Signal
 .bss.Signal_Stop_Flag
                0x0000000020000120        0x1 ./APP/main.o
                0x0000000020000120                Signal_Stop_Flag
 .bss.LEDMAT_Stop_Flag
                0x0000000020000121        0x1 ./APP/main.o
                0x0000000020000121                LEDMAT_Stop_Flag
 *fill*         0x0000000020000122        0x2 
 .bss.IR_callback
                0x0000000020000124        0x4 ./HAL/IR_Receiver/IR_program.o
 .bss.IR_ReceivedData
                0x0000000020000128        0x4 ./HAL/IR_Receiver/IR_program.o
 .bss.IR_ReceivedFlag
                0x000000002000012c        0x1 ./HAL/IR_Receiver/IR_program.o
 .bss.IR_Status_Flag.1
                0x000000002000012d        0x1 ./HAL/IR_Receiver/IR_program.o
 .bss.LEDMAT_Delay_Flag
                0x000000002000012e        0x1 ./HAL/LEDMAT/LEDMAT_program.o
 *fill*         0x000000002000012f        0x1 
 .bss.DMA1_TCx_Callback
                0x0000000020000130       0x20 ./MCAL/DMA/DMA_program.o
 .bss.DMA2_TCx_Callback
                0x0000000020000150       0x20 ./MCAL/DMA/DMA_program.o
 .bss.EXTI_pNotificationFunction
                0x0000000020000170       0x40 ./MCAL/EXTI/EXTI_program.o
 .bss.SPI_Timeout_Flag
                0x00000000200001b0        0x1 ./MCAL/SPI/SPI_program.o
 *fill*         0x00000000200001b1        0x3 
 .bss.TIMx_UP_INT_Callback
                0x00000000200001b4       0x20 ./MCAL/TIM/TIM_program.o
 .bss.TIMx_CC_INT_Callback
                0x00000000200001d4       0x20 ./MCAL/TIM/TIM_program.o
 .bss.TIM_SingleInterval_FLAG
                0x00000000200001f4        0x8 ./MCAL/TIM/TIM_program.o
 .bss.xQueueRegistry
                0x00000000200001fc       0x40 ./SERVICES/FreeRTOS/Source/queue.o
                0x00000000200001fc                xQueueRegistry
 .bss.pxCurrentTCB
                0x000000002000023c        0x4 ./SERVICES/FreeRTOS/Source/tasks.o
                0x000000002000023c                pxCurrentTCB
 .bss.pxReadyTasksLists
                0x0000000020000240      0x460 ./SERVICES/FreeRTOS/Source/tasks.o
 .bss.xDelayedTaskList1
                0x00000000200006a0       0x14 ./SERVICES/FreeRTOS/Source/tasks.o
 .bss.xDelayedTaskList2
                0x00000000200006b4       0x14 ./SERVICES/FreeRTOS/Source/tasks.o
 .bss.pxDelayedTaskList
                0x00000000200006c8        0x4 ./SERVICES/FreeRTOS/Source/tasks.o
 .bss.pxOverflowDelayedTaskList
                0x00000000200006cc        0x4 ./SERVICES/FreeRTOS/Source/tasks.o
 .bss.xPendingReadyList
                0x00000000200006d0       0x14 ./SERVICES/FreeRTOS/Source/tasks.o
 .bss.xTasksWaitingTermination
                0x00000000200006e4       0x14 ./SERVICES/FreeRTOS/Source/tasks.o
 .bss.uxDeletedTasksWaitingCleanUp
                0x00000000200006f8        0x4 ./SERVICES/FreeRTOS/Source/tasks.o
 .bss.xSuspendedTaskList
                0x00000000200006fc       0x14 ./SERVICES/FreeRTOS/Source/tasks.o
 .bss.uxCurrentNumberOfTasks
                0x0000000020000710        0x4 ./SERVICES/FreeRTOS/Source/tasks.o
 .bss.xTickCount
                0x0000000020000714        0x4 ./SERVICES/FreeRTOS/Source/tasks.o
 .bss.uxTopReadyPriority
                0x0000000020000718        0x4 ./SERVICES/FreeRTOS/Source/tasks.o
 .bss.xSchedulerRunning
                0x000000002000071c        0x4 ./SERVICES/FreeRTOS/Source/tasks.o
 .bss.xPendedTicks
                0x0000000020000720        0x4 ./SERVICES/FreeRTOS/Source/tasks.o
 .bss.xYieldPending
                0x0000000020000724        0x4 ./SERVICES/FreeRTOS/Source/tasks.o
 .bss.xNumOfOverflows
                0x0000000020000728        0x4 ./SERVICES/FreeRTOS/Source/tasks.o
 .bss.uxTaskNumber
                0x000000002000072c        0x4 ./SERVICES/FreeRTOS/Source/tasks.o
 .bss.xNextTaskUnblockTime
                0x0000000020000730        0x4 ./SERVICES/FreeRTOS/Source/tasks.o
 .bss.xIdleTaskHandle
                0x0000000020000734        0x4 ./SERVICES/FreeRTOS/Source/tasks.o
 .bss.uxSchedulerSuspended
                0x0000000020000738        0x4 ./SERVICES/FreeRTOS/Source/tasks.o
 .bss.xActiveTimerList1
                0x000000002000073c       0x14 ./SERVICES/FreeRTOS/Source/timers.o
 .bss.xActiveTimerList2
                0x0000000020000750       0x14 ./SERVICES/FreeRTOS/Source/timers.o
 .bss.pxCurrentTimerList
                0x0000000020000764        0x4 ./SERVICES/FreeRTOS/Source/timers.o
 .bss.pxOverflowTimerList
                0x0000000020000768        0x4 ./SERVICES/FreeRTOS/Source/timers.o
 .bss.xTimerQueue
                0x000000002000076c        0x4 ./SERVICES/FreeRTOS/Source/timers.o
 .bss.xTimerTaskHandle
                0x0000000020000770        0x4 ./SERVICES/FreeRTOS/Source/timers.o
 .bss.xLastTime.0
                0x0000000020000774        0x4 ./SERVICES/FreeRTOS/Source/timers.o
 .bss.ucMaxSysCallPriority
                0x0000000020000778        0x1 ./SERVICES/FreeRTOS/Source/portable/GCC/ARM_CM4F/port.o
 *fill*         0x0000000020000779        0x3 
 .bss.ulMaxPRIGROUPValue
                0x000000002000077c        0x4 ./SERVICES/FreeRTOS/Source/portable/GCC/ARM_CM4F/port.o
 .bss.ucHeap    0x0000000020000780     0x3c00 ./SERVICES/FreeRTOS/Source/portable/MemMang/heap_4.o
 .bss.xStart    0x0000000020004380        0x8 ./SERVICES/FreeRTOS/Source/portable/MemMang/heap_4.o
 .bss.pxEnd     0x0000000020004388        0x4 ./SERVICES/FreeRTOS/Source/portable/MemMang/heap_4.o
 .bss.xFreeBytesRemaining
                0x000000002000438c        0x4 ./SERVICES/FreeRTOS/Source/portable/MemMang/heap_4.o
 .bss.xMinimumEverFreeBytesRemaining
                0x0000000020004390        0x4 ./SERVICES/FreeRTOS/Source/portable/MemMang/heap_4.o
 .bss.xNumberOfSuccessfulAllocations
                0x0000000020004394        0x4 ./SERVICES/FreeRTOS/Source/portable/MemMang/heap_4.o
 .bss.xNumberOfSuccessfulFrees
                0x0000000020004398        0x4 ./SERVICES/FreeRTOS/Source/portable/MemMang/heap_4.o
 *(COMMON)
                0x000000002000439c                . = ALIGN (0x4)
                0x000000002000439c                _ebss = .
                0x000000002000439c                __bss_end__ = _ebss

._user_heap_stack
                0x000000002000439c      0x604 load address 0x0000000008036548
                0x00000000200043a0                . = ALIGN (0x8)
 *fill*         0x000000002000439c        0x4 
                [!provide]                        PROVIDE (end = .)
                0x00000000200043a0                PROVIDE (_end = .)
                0x00000000200045a0                . = (. + _Min_Heap_Size)
 *fill*         0x00000000200043a0      0x200 
                0x00000000200049a0                . = (. + _Min_Stack_Size)
 *fill*         0x00000000200045a0      0x400 
                0x00000000200049a0                . = ALIGN (0x8)

/DISCARD/
 libc.a(*)
 libm.a(*)
 libgcc.a(*)

.ARM.attributes
                0x0000000000000000       0x30
 *(.ARM.attributes)
 .ARM.attributes
                0x0000000000000000       0x1e D:/Installed Programs/STM32CubeIDE_1.13.2/STM32CubeIDE/plugins/com.st.stm32cube.ide.mcu.externaltools.gnu-tools-for-stm32.11.3.rel1.win32_1.1.1.202309131626/tools/bin/../lib/gcc/arm-none-eabi/11.3.1/thumb/v7e-m+fp/hard/crti.o
 .ARM.attributes
                0x000000000000001e       0x34 D:/Installed Programs/STM32CubeIDE_1.13.2/STM32CubeIDE/plugins/com.st.stm32cube.ide.mcu.externaltools.gnu-tools-for-stm32.11.3.rel1.win32_1.1.1.202309131626/tools/bin/../lib/gcc/arm-none-eabi/11.3.1/thumb/v7e-m+fp/hard/crtbegin.o
 .ARM.attributes
                0x0000000000000052       0x34 ./APP/main.o
 .ARM.attributes
                0x0000000000000086       0x34 ./HAL/IR_Receiver/IR_Lcfg.o
 .ARM.attributes
                0x00000000000000ba       0x34 ./HAL/IR_Receiver/IR_program.o
 .ARM.attributes
                0x00000000000000ee       0x34 ./HAL/LEDMAT/LEDMAT_LCFG.o
 .ARM.attributes
                0x0000000000000122       0x34 ./HAL/LEDMAT/LEDMAT_font.o
 .ARM.attributes
                0x0000000000000156       0x34 ./HAL/LEDMAT/LEDMAT_program.o
 .ARM.attributes
                0x000000000000018a       0x34 ./HAL/R2R_DAC/R2RDAC_Lcfg.o
 .ARM.attributes
                0x00000000000001be       0x34 ./HAL/R2R_DAC/R2RDAC_program.o
 .ARM.attributes
                0x00000000000001f2       0x34 ./HAL/RGB_LED/RGB_Lcfg.o
 .ARM.attributes
                0x0000000000000226       0x34 ./HAL/RGB_LED/RGB_program.o
 .ARM.attributes
                0x000000000000025a       0x34 ./HAL/SHIFT_REG_16BIT/SHIFTREG_Lcfg.o
 .ARM.attributes
                0x000000000000028e       0x34 ./HAL/SHIFT_REG_16BIT/SHIFTREG_program.o
 .ARM.attributes
                0x00000000000002c2       0x34 ./HAL/TFT/TFT_Lcfg.o
 .ARM.attributes
                0x00000000000002f6       0x34 ./HAL/TFT/TFT_program.o
 .ARM.attributes
                0x000000000000032a       0x34 ./MCAL/DMA/DMA_program.o
 .ARM.attributes
                0x000000000000035e       0x34 ./MCAL/EXTI/EXTI_program.o
 .ARM.attributes
                0x0000000000000392       0x34 ./MCAL/GPIO/GPIO_program.o
 .ARM.attributes
                0x00000000000003c6       0x34 ./MCAL/NVIC/NVIC_program.o
 .ARM.attributes
                0x00000000000003fa       0x34 ./MCAL/RCC/RCC_program.o
 .ARM.attributes
                0x000000000000042e       0x34 ./MCAL/SPI/SPI_program.o
 .ARM.attributes
                0x0000000000000462       0x34 ./MCAL/TIM/TIM_Lcfg.o
 .ARM.attributes
                0x0000000000000496       0x34 ./MCAL/TIM/TIM_program.o
 .ARM.attributes
                0x00000000000004ca       0x34 ./SERVICES/FreeRTOS/Source/list.o
 .ARM.attributes
                0x00000000000004fe       0x34 ./SERVICES/FreeRTOS/Source/queue.o
 .ARM.attributes
                0x0000000000000532       0x34 ./SERVICES/FreeRTOS/Source/tasks.o
 .ARM.attributes
                0x0000000000000566       0x34 ./SERVICES/FreeRTOS/Source/timers.o
 .ARM.attributes
                0x000000000000059a       0x34 ./SERVICES/FreeRTOS/Source/portable/GCC/ARM_CM4F/port.o
 .ARM.attributes
                0x00000000000005ce       0x34 ./SERVICES/FreeRTOS/Source/portable/MemMang/heap_4.o
 .ARM.attributes
                0x0000000000000602       0x34 ./Startup/System_Init.o
 .ARM.attributes
                0x0000000000000636       0x21 ./Startup/startup_stm32f401ccux.o
 .ARM.attributes
                0x0000000000000657       0x34 D:/Installed Programs/STM32CubeIDE_1.13.2/STM32CubeIDE/plugins/com.st.stm32cube.ide.mcu.externaltools.gnu-tools-for-stm32.11.3.rel1.win32_1.1.1.202309131626/tools/bin/../lib/gcc/arm-none-eabi/11.3.1/../../../../arm-none-eabi/lib/thumb/v7e-m+fp/hard\libc_nano.a(libc_a-memset.o)
 .ARM.attributes
                0x000000000000068b       0x34 D:/Installed Programs/STM32CubeIDE_1.13.2/STM32CubeIDE/plugins/com.st.stm32cube.ide.mcu.externaltools.gnu-tools-for-stm32.11.3.rel1.win32_1.1.1.202309131626/tools/bin/../lib/gcc/arm-none-eabi/11.3.1/../../../../arm-none-eabi/lib/thumb/v7e-m+fp/hard\libc_nano.a(libc_a-init.o)
 .ARM.attributes
                0x00000000000006bf       0x34 D:/Installed Programs/STM32CubeIDE_1.13.2/STM32CubeIDE/plugins/com.st.stm32cube.ide.mcu.externaltools.gnu-tools-for-stm32.11.3.rel1.win32_1.1.1.202309131626/tools/bin/../lib/gcc/arm-none-eabi/11.3.1/../../../../arm-none-eabi/lib/thumb/v7e-m+fp/hard\libc_nano.a(libc_a-memcpy-stub.o)
 .ARM.attributes
                0x00000000000006f3       0x1e D:/Installed Programs/STM32CubeIDE_1.13.2/STM32CubeIDE/plugins/com.st.stm32cube.ide.mcu.externaltools.gnu-tools-for-stm32.11.3.rel1.win32_1.1.1.202309131626/tools/bin/../lib/gcc/arm-none-eabi/11.3.1/thumb/v7e-m+fp/hard\libgcc.a(_arm_addsubdf3.o)
 .ARM.attributes
                0x0000000000000711       0x1e D:/Installed Programs/STM32CubeIDE_1.13.2/STM32CubeIDE/plugins/com.st.stm32cube.ide.mcu.externaltools.gnu-tools-for-stm32.11.3.rel1.win32_1.1.1.202309131626/tools/bin/../lib/gcc/arm-none-eabi/11.3.1/thumb/v7e-m+fp/hard\libgcc.a(_arm_muldivdf3.o)
 .ARM.attributes
                0x000000000000072f       0x1e D:/Installed Programs/STM32CubeIDE_1.13.2/STM32CubeIDE/plugins/com.st.stm32cube.ide.mcu.externaltools.gnu-tools-for-stm32.11.3.rel1.win32_1.1.1.202309131626/tools/bin/../lib/gcc/arm-none-eabi/11.3.1/thumb/v7e-m+fp/hard\libgcc.a(_arm_fixunsdfsi.o)
 .ARM.attributes
                0x000000000000074d       0x1e D:/Installed Programs/STM32CubeIDE_1.13.2/STM32CubeIDE/plugins/com.st.stm32cube.ide.mcu.externaltools.gnu-tools-for-stm32.11.3.rel1.win32_1.1.1.202309131626/tools/bin/../lib/gcc/arm-none-eabi/11.3.1/thumb/v7e-m+fp/hard/crtn.o
OUTPUT(Test_FreeRtos.elf elf32-littlearm)
LOAD linker stubs
LOAD D:/Installed Programs/STM32CubeIDE_1.13.2/STM32CubeIDE/plugins/com.st.stm32cube.ide.mcu.externaltools.gnu-tools-for-stm32.11.3.rel1.win32_1.1.1.202309131626/tools/bin/../lib/gcc/arm-none-eabi/11.3.1/../../../../arm-none-eabi/lib/thumb/v7e-m+fp/hard\libc.a
LOAD D:/Installed Programs/STM32CubeIDE_1.13.2/STM32CubeIDE/plugins/com.st.stm32cube.ide.mcu.externaltools.gnu-tools-for-stm32.11.3.rel1.win32_1.1.1.202309131626/tools/bin/../lib/gcc/arm-none-eabi/11.3.1/../../../../arm-none-eabi/lib/thumb/v7e-m+fp/hard\libm.a
LOAD D:/Installed Programs/STM32CubeIDE_1.13.2/STM32CubeIDE/plugins/com.st.stm32cube.ide.mcu.externaltools.gnu-tools-for-stm32.11.3.rel1.win32_1.1.1.202309131626/tools/bin/../lib/gcc/arm-none-eabi/11.3.1/thumb/v7e-m+fp/hard\libgcc.a

.comment        0x0000000000000000       0x43
 .comment       0x0000000000000000       0x43 D:/Installed Programs/STM32CubeIDE_1.13.2/STM32CubeIDE/plugins/com.st.stm32cube.ide.mcu.externaltools.gnu-tools-for-stm32.11.3.rel1.win32_1.1.1.202309131626/tools/bin/../lib/gcc/arm-none-eabi/11.3.1/thumb/v7e-m+fp/hard/crtbegin.o
                                         0x44 (size before relaxing)
 .comment       0x0000000000000043       0x44 ./APP/main.o
 .comment       0x0000000000000043       0x44 ./HAL/IR_Receiver/IR_Lcfg.o
 .comment       0x0000000000000043       0x44 ./HAL/IR_Receiver/IR_program.o
 .comment       0x0000000000000043       0x44 ./HAL/LEDMAT/LEDMAT_LCFG.o
 .comment       0x0000000000000043       0x44 ./HAL/LEDMAT/LEDMAT_font.o
 .comment       0x0000000000000043       0x44 ./HAL/LEDMAT/LEDMAT_program.o
 .comment       0x0000000000000043       0x44 ./HAL/R2R_DAC/R2RDAC_Lcfg.o
 .comment       0x0000000000000043       0x44 ./HAL/R2R_DAC/R2RDAC_program.o
 .comment       0x0000000000000043       0x44 ./HAL/RGB_LED/RGB_Lcfg.o
 .comment       0x0000000000000043       0x44 ./HAL/RGB_LED/RGB_program.o
 .comment       0x0000000000000043       0x44 ./HAL/SHIFT_REG_16BIT/SHIFTREG_Lcfg.o
 .comment       0x0000000000000043       0x44 ./HAL/SHIFT_REG_16BIT/SHIFTREG_program.o
 .comment       0x0000000000000043       0x44 ./HAL/TFT/TFT_Lcfg.o
 .comment       0x0000000000000043       0x44 ./HAL/TFT/TFT_program.o
 .comment       0x0000000000000043       0x44 ./MCAL/DMA/DMA_program.o
 .comment       0x0000000000000043       0x44 ./MCAL/EXTI/EXTI_program.o
 .comment       0x0000000000000043       0x44 ./MCAL/GPIO/GPIO_program.o
 .comment       0x0000000000000043       0x44 ./MCAL/NVIC/NVIC_program.o
 .comment       0x0000000000000043       0x44 ./MCAL/RCC/RCC_program.o
 .comment       0x0000000000000043       0x44 ./MCAL/SPI/SPI_program.o
 .comment       0x0000000000000043       0x44 ./MCAL/TIM/TIM_Lcfg.o
 .comment       0x0000000000000043       0x44 ./MCAL/TIM/TIM_program.o
 .comment       0x0000000000000043       0x44 ./SERVICES/FreeRTOS/Source/list.o
 .comment       0x0000000000000043       0x44 ./SERVICES/FreeRTOS/Source/queue.o
 .comment       0x0000000000000043       0x44 ./SERVICES/FreeRTOS/Source/tasks.o
 .comment       0x0000000000000043       0x44 ./SERVICES/FreeRTOS/Source/timers.o
 .comment       0x0000000000000043       0x44 ./SERVICES/FreeRTOS/Source/portable/GCC/ARM_CM4F/port.o
 .comment       0x0000000000000043       0x44 ./SERVICES/FreeRTOS/Source/portable/MemMang/heap_4.o
 .comment       0x0000000000000043       0x44 ./Startup/System_Init.o

.debug_info     0x0000000000000000     0xc467
 .debug_info    0x0000000000000000      0xec5 ./APP/main.o
 .debug_info    0x0000000000000ec5      0x166 ./HAL/IR_Receiver/IR_Lcfg.o
 .debug_info    0x000000000000102b      0x688 ./HAL/IR_Receiver/IR_program.o
 .debug_info    0x00000000000016b3      0x28c ./HAL/LEDMAT/LEDMAT_LCFG.o
 .debug_info    0x000000000000193f       0xa7 ./HAL/LEDMAT/LEDMAT_font.o
 .debug_info    0x00000000000019e6      0x9e4 ./HAL/LEDMAT/LEDMAT_program.o
 .debug_info    0x00000000000023ca      0x168 ./HAL/R2R_DAC/R2RDAC_Lcfg.o
 .debug_info    0x0000000000002532      0x373 ./HAL/R2R_DAC/R2RDAC_program.o
 .debug_info    0x00000000000028a5      0x1b8 ./HAL/RGB_LED/RGB_Lcfg.o
 .debug_info    0x0000000000002a5d      0x407 ./HAL/RGB_LED/RGB_program.o
 .debug_info    0x0000000000002e64      0x192 ./HAL/SHIFT_REG_16BIT/SHIFTREG_Lcfg.o
 .debug_info    0x0000000000002ff6      0x38d ./HAL/SHIFT_REG_16BIT/SHIFTREG_program.o
 .debug_info    0x0000000000003383      0x3a0 ./HAL/TFT/TFT_Lcfg.o
 .debug_info    0x0000000000003723      0xbcc ./HAL/TFT/TFT_program.o
 .debug_info    0x00000000000042ef      0x5aa ./MCAL/DMA/DMA_program.o
 .debug_info    0x0000000000004899      0x5a6 ./MCAL/EXTI/EXTI_program.o
 .debug_info    0x0000000000004e3f      0x54a ./MCAL/GPIO/GPIO_program.o
 .debug_info    0x0000000000005389      0x4e1 ./MCAL/NVIC/NVIC_program.o
 .debug_info    0x000000000000586a      0x1f4 ./MCAL/RCC/RCC_program.o
 .debug_info    0x0000000000005a5e      0xad7 ./MCAL/SPI/SPI_program.o
 .debug_info    0x0000000000006535      0x267 ./MCAL/TIM/TIM_Lcfg.o
 .debug_info    0x000000000000679c      0x90f ./MCAL/TIM/TIM_program.o
 .debug_info    0x00000000000070ab      0x2af ./SERVICES/FreeRTOS/Source/list.o
 .debug_info    0x000000000000735a     0x1751 ./SERVICES/FreeRTOS/Source/queue.o
 .debug_info    0x0000000000008aab     0x1ebf ./SERVICES/FreeRTOS/Source/tasks.o
 .debug_info    0x000000000000a96a      0xe4d ./SERVICES/FreeRTOS/Source/timers.o
 .debug_info    0x000000000000b7b7      0x4d5 ./SERVICES/FreeRTOS/Source/portable/GCC/ARM_CM4F/port.o
 .debug_info    0x000000000000bc8c      0x521 ./SERVICES/FreeRTOS/Source/portable/MemMang/heap_4.o
 .debug_info    0x000000000000c1ad      0x297 ./Startup/System_Init.o
 .debug_info    0x000000000000c444       0x23 ./Startup/startup_stm32f401ccux.o

.debug_abbrev   0x0000000000000000     0x2bf8
 .debug_abbrev  0x0000000000000000      0x24d ./APP/main.o
 .debug_abbrev  0x000000000000024d       0xa9 ./HAL/IR_Receiver/IR_Lcfg.o
 .debug_abbrev  0x00000000000002f6      0x194 ./HAL/IR_Receiver/IR_program.o
 .debug_abbrev  0x000000000000048a       0xd9 ./HAL/LEDMAT/LEDMAT_LCFG.o
 .debug_abbrev  0x0000000000000563       0x72 ./HAL/LEDMAT/LEDMAT_font.o
 .debug_abbrev  0x00000000000005d5      0x209 ./HAL/LEDMAT/LEDMAT_program.o
 .debug_abbrev  0x00000000000007de       0xad ./HAL/R2R_DAC/R2RDAC_Lcfg.o
 .debug_abbrev  0x000000000000088b      0x12e ./HAL/R2R_DAC/R2RDAC_program.o
 .debug_abbrev  0x00000000000009b9       0x9b ./HAL/RGB_LED/RGB_Lcfg.o
 .debug_abbrev  0x0000000000000a54       0xf6 ./HAL/RGB_LED/RGB_program.o
 .debug_abbrev  0x0000000000000b4a       0xa9 ./HAL/SHIFT_REG_16BIT/SHIFTREG_Lcfg.o
 .debug_abbrev  0x0000000000000bf3      0x126 ./HAL/SHIFT_REG_16BIT/SHIFTREG_program.o
 .debug_abbrev  0x0000000000000d19       0xe7 ./HAL/TFT/TFT_Lcfg.o
 .debug_abbrev  0x0000000000000e00      0x223 ./HAL/TFT/TFT_program.o
 .debug_abbrev  0x0000000000001023      0x1ad ./MCAL/DMA/DMA_program.o
 .debug_abbrev  0x00000000000011d0      0x17f ./MCAL/EXTI/EXTI_program.o
 .debug_abbrev  0x000000000000134f      0x141 ./MCAL/GPIO/GPIO_program.o
 .debug_abbrev  0x0000000000001490      0x16f ./MCAL/NVIC/NVIC_program.o
 .debug_abbrev  0x00000000000015ff       0xe8 ./MCAL/RCC/RCC_program.o
 .debug_abbrev  0x00000000000016e7      0x21d ./MCAL/SPI/SPI_program.o
 .debug_abbrev  0x0000000000001904       0xb5 ./MCAL/TIM/TIM_Lcfg.o
 .debug_abbrev  0x00000000000019b9      0x1fa ./MCAL/TIM/TIM_program.o
 .debug_abbrev  0x0000000000001bb3       0xf5 ./SERVICES/FreeRTOS/Source/list.o
 .debug_abbrev  0x0000000000001ca8      0x352 ./SERVICES/FreeRTOS/Source/queue.o
 .debug_abbrev  0x0000000000001ffa      0x378 ./SERVICES/FreeRTOS/Source/tasks.o
 .debug_abbrev  0x0000000000002372      0x2de ./SERVICES/FreeRTOS/Source/timers.o
 .debug_abbrev  0x0000000000002650      0x247 ./SERVICES/FreeRTOS/Source/portable/GCC/ARM_CM4F/port.o
 .debug_abbrev  0x0000000000002897      0x256 ./SERVICES/FreeRTOS/Source/portable/MemMang/heap_4.o
 .debug_abbrev  0x0000000000002aed       0xf9 ./Startup/System_Init.o
 .debug_abbrev  0x0000000000002be6       0x12 ./Startup/startup_stm32f401ccux.o

.debug_aranges  0x0000000000000000      0xcd8
 .debug_aranges
                0x0000000000000000       0x50 ./APP/main.o
 .debug_aranges
                0x0000000000000050       0x18 ./HAL/IR_Receiver/IR_Lcfg.o
 .debug_aranges
                0x0000000000000068       0x38 ./HAL/IR_Receiver/IR_program.o
 .debug_aranges
                0x00000000000000a0       0x18 ./HAL/LEDMAT/LEDMAT_LCFG.o
 .debug_aranges
                0x00000000000000b8       0x18 ./HAL/LEDMAT/LEDMAT_font.o
 .debug_aranges
                0x00000000000000d0       0xa8 ./HAL/LEDMAT/LEDMAT_program.o
 .debug_aranges
                0x0000000000000178       0x18 ./HAL/R2R_DAC/R2RDAC_Lcfg.o
 .debug_aranges
                0x0000000000000190       0x30 ./HAL/R2R_DAC/R2RDAC_program.o
 .debug_aranges
                0x00000000000001c0       0x18 ./HAL/RGB_LED/RGB_Lcfg.o
 .debug_aranges
                0x00000000000001d8       0x48 ./HAL/RGB_LED/RGB_program.o
 .debug_aranges
                0x0000000000000220       0x18 ./HAL/SHIFT_REG_16BIT/SHIFTREG_Lcfg.o
 .debug_aranges
                0x0000000000000238       0x40 ./HAL/SHIFT_REG_16BIT/SHIFTREG_program.o
 .debug_aranges
                0x0000000000000278       0x18 ./HAL/TFT/TFT_Lcfg.o
 .debug_aranges
                0x0000000000000290       0xb0 ./HAL/TFT/TFT_program.o
 .debug_aranges
                0x0000000000000340       0xb8 ./MCAL/DMA/DMA_program.o
 .debug_aranges
                0x00000000000003f8       0x88 ./MCAL/EXTI/EXTI_program.o
 .debug_aranges
                0x0000000000000480       0x90 ./MCAL/GPIO/GPIO_program.o
 .debug_aranges
                0x0000000000000510       0x68 ./MCAL/NVIC/NVIC_program.o
 .debug_aranges
                0x0000000000000578       0x70 ./MCAL/RCC/RCC_program.o
 .debug_aranges
                0x00000000000005e8       0x98 ./MCAL/SPI/SPI_program.o
 .debug_aranges
                0x0000000000000680       0x18 ./MCAL/TIM/TIM_Lcfg.o
 .debug_aranges
                0x0000000000000698       0xd8 ./MCAL/TIM/TIM_program.o
 .debug_aranges
                0x0000000000000770       0x40 ./SERVICES/FreeRTOS/Source/list.o
 .debug_aranges
                0x00000000000007b0      0x130 ./SERVICES/FreeRTOS/Source/queue.o
 .debug_aranges
                0x00000000000008e0      0x1f8 ./SERVICES/FreeRTOS/Source/tasks.o
 .debug_aranges
                0x0000000000000ad8       0xd8 ./SERVICES/FreeRTOS/Source/timers.o
 .debug_aranges
                0x0000000000000bb0       0x80 ./SERVICES/FreeRTOS/Source/portable/GCC/ARM_CM4F/port.o
 .debug_aranges
                0x0000000000000c30       0x60 ./SERVICES/FreeRTOS/Source/portable/MemMang/heap_4.o
 .debug_aranges
                0x0000000000000c90       0x20 ./Startup/System_Init.o
 .debug_aranges
                0x0000000000000cb0       0x28 ./Startup/startup_stm32f401ccux.o

.debug_rnglists
                0x0000000000000000      0x91e
 .debug_rnglists
                0x0000000000000000       0x3b ./APP/main.o
 .debug_rnglists
                0x000000000000003b       0x27 ./HAL/IR_Receiver/IR_program.o
 .debug_rnglists
                0x0000000000000062       0x7f ./HAL/LEDMAT/LEDMAT_program.o
 .debug_rnglists
                0x00000000000000e1       0x20 ./HAL/R2R_DAC/R2RDAC_program.o
 .debug_rnglists
                0x0000000000000101       0x33 ./HAL/RGB_LED/RGB_program.o
 .debug_rnglists
                0x0000000000000134       0x2c ./HAL/SHIFT_REG_16BIT/SHIFTREG_program.o
 .debug_rnglists
                0x0000000000000160       0x88 ./HAL/TFT/TFT_program.o
 .debug_rnglists
                0x00000000000001e8       0x89 ./MCAL/DMA/DMA_program.o
 .debug_rnglists
                0x0000000000000271       0x65 ./MCAL/EXTI/EXTI_program.o
 .debug_rnglists
                0x00000000000002d6       0x71 ./MCAL/GPIO/GPIO_program.o
 .debug_rnglists
                0x0000000000000347       0x49 ./MCAL/NVIC/NVIC_program.o
 .debug_rnglists
                0x0000000000000390       0x52 ./MCAL/RCC/RCC_program.o
 .debug_rnglists
                0x00000000000003e2       0x73 ./MCAL/SPI/SPI_program.o
 .debug_rnglists
                0x0000000000000455       0xad ./MCAL/TIM/TIM_program.o
 .debug_rnglists
                0x0000000000000502       0x2b ./SERVICES/FreeRTOS/Source/list.o
 .debug_rnglists
                0x000000000000052d       0xea ./SERVICES/FreeRTOS/Source/queue.o
 .debug_rnglists
                0x0000000000000617      0x193 ./SERVICES/FreeRTOS/Source/tasks.o
 .debug_rnglists
                0x00000000000007aa       0xa3 ./SERVICES/FreeRTOS/Source/timers.o
 .debug_rnglists
                0x000000000000084d       0x5d ./SERVICES/FreeRTOS/Source/portable/GCC/ARM_CM4F/port.o
 .debug_rnglists
                0x00000000000008aa       0x48 ./SERVICES/FreeRTOS/Source/portable/MemMang/heap_4.o
 .debug_rnglists
                0x00000000000008f2       0x13 ./Startup/System_Init.o
 .debug_rnglists
                0x0000000000000905       0x19 ./Startup/startup_stm32f401ccux.o

.debug_macro    0x0000000000000000     0x518b
 .debug_macro   0x0000000000000000      0x357 ./APP/main.o
 .debug_macro   0x0000000000000357      0xaae ./APP/main.o
 .debug_macro   0x0000000000000e05      0x174 ./APP/main.o
 .debug_macro   0x0000000000000f79       0x22 ./APP/main.o
 .debug_macro   0x0000000000000f9b       0x8e ./APP/main.o
 .debug_macro   0x0000000000001029       0x51 ./APP/main.o
 .debug_macro   0x000000000000107a      0x103 ./APP/main.o
 .debug_macro   0x000000000000117d       0x6a ./APP/main.o
 .debug_macro   0x00000000000011e7      0x1df ./APP/main.o
 .debug_macro   0x00000000000013c6      0x117 ./APP/main.o
 .debug_macro   0x00000000000014dd      0x15a ./APP/main.o
 .debug_macro   0x0000000000001637       0xcf ./APP/main.o
 .debug_macro   0x0000000000001706       0x1c ./APP/main.o
 .debug_macro   0x0000000000001722       0x26 ./APP/main.o
 .debug_macro   0x0000000000001748      0x4f6 ./APP/main.o
 .debug_macro   0x0000000000001c3e       0xb5 ./APP/main.o
 .debug_macro   0x0000000000001cf3       0xaa ./APP/main.o
 .debug_macro   0x0000000000001d9d       0x91 ./APP/main.o
 .debug_macro   0x0000000000001e2e       0x86 ./APP/main.o
 .debug_macro   0x0000000000001eb4       0x7e ./APP/main.o
 .debug_macro   0x0000000000001f32       0x40 ./APP/main.o
 .debug_macro   0x0000000000001f72       0x34 ./APP/main.o
 .debug_macro   0x0000000000001fa6       0xe8 ./APP/main.o
 .debug_macro   0x000000000000208e       0x52 ./APP/main.o
 .debug_macro   0x00000000000020e0       0xdc ./APP/main.o
 .debug_macro   0x00000000000021bc       0x34 ./APP/main.o
 .debug_macro   0x00000000000021f0       0x46 ./APP/main.o
 .debug_macro   0x0000000000002236       0x16 ./APP/main.o
 .debug_macro   0x000000000000224c       0x16 ./APP/main.o
 .debug_macro   0x0000000000002262      0x166 ./APP/main.o
 .debug_macro   0x00000000000023c8       0x52 ./APP/main.o
 .debug_macro   0x000000000000241a       0xb2 ./APP/main.o
 .debug_macro   0x00000000000024cc       0x7c ./APP/main.o
 .debug_macro   0x0000000000002548       0x3a ./APP/main.o
 .debug_macro   0x0000000000002582       0x40 ./APP/main.o
 .debug_macro   0x00000000000025c2       0x10 ./APP/main.o
 .debug_macro   0x00000000000025d2       0x61 ./APP/main.o
 .debug_macro   0x0000000000002633       0x2a ./APP/main.o
 .debug_macro   0x000000000000265d       0x43 ./APP/main.o
 .debug_macro   0x00000000000026a0       0x34 ./APP/main.o
 .debug_macro   0x00000000000026d4       0x16 ./APP/main.o
 .debug_macro   0x00000000000026ea       0x43 ./APP/main.o
 .debug_macro   0x000000000000272d       0x34 ./APP/main.o
 .debug_macro   0x0000000000002761       0x10 ./APP/main.o
 .debug_macro   0x0000000000002771       0x58 ./APP/main.o
 .debug_macro   0x00000000000027c9       0x8e ./APP/main.o
 .debug_macro   0x0000000000002857       0x1c ./APP/main.o
 .debug_macro   0x0000000000002873      0x177 ./APP/main.o
 .debug_macro   0x00000000000029ea      0x369 ./APP/main.o
 .debug_macro   0x0000000000002d53       0x10 ./APP/main.o
 .debug_macro   0x0000000000002d63       0x35 ./APP/main.o
 .debug_macro   0x0000000000002d98       0x20 ./APP/main.o
 .debug_macro   0x0000000000002db8       0x16 ./APP/main.o
 .debug_macro   0x0000000000002dce       0x76 ./APP/main.o
 .debug_macro   0x0000000000002e44       0x10 ./APP/main.o
 .debug_macro   0x0000000000002e54       0x1c ./APP/main.o
 .debug_macro   0x0000000000002e70       0xa0 ./HAL/IR_Receiver/IR_Lcfg.o
 .debug_macro   0x0000000000002f10       0x9f ./HAL/IR_Receiver/IR_program.o
 .debug_macro   0x0000000000002faf       0x5e ./HAL/IR_Receiver/IR_program.o
 .debug_macro   0x000000000000300d      0x1d4 ./HAL/LEDMAT/LEDMAT_LCFG.o
 .debug_macro   0x00000000000031e1       0x5b ./HAL/LEDMAT/LEDMAT_LCFG.o
 .debug_macro   0x000000000000323c       0x94 ./HAL/LEDMAT/LEDMAT_LCFG.o
 .debug_macro   0x00000000000032d0       0x57 ./HAL/LEDMAT/LEDMAT_LCFG.o
 .debug_macro   0x0000000000003327       0x70 ./HAL/LEDMAT/LEDMAT_LCFG.o
 .debug_macro   0x0000000000003397       0x24 ./HAL/LEDMAT/LEDMAT_font.o
 .debug_macro   0x00000000000033bb      0x1d3 ./HAL/LEDMAT/LEDMAT_program.o
 .debug_macro   0x000000000000358e       0x1c ./HAL/LEDMAT/LEDMAT_program.o
 .debug_macro   0x00000000000035aa       0x7f ./HAL/R2R_DAC/R2RDAC_Lcfg.o
 .debug_macro   0x0000000000003629       0xe2 ./HAL/R2R_DAC/R2RDAC_Lcfg.o
 .debug_macro   0x000000000000370b       0x7f ./HAL/R2R_DAC/R2RDAC_program.o
 .debug_macro   0x000000000000378a       0x62 ./HAL/RGB_LED/RGB_Lcfg.o
 .debug_macro   0x00000000000037ec       0x40 ./HAL/RGB_LED/RGB_Lcfg.o
 .debug_macro   0x000000000000382c       0x62 ./HAL/RGB_LED/RGB_program.o
 .debug_macro   0x000000000000388e       0x67 ./HAL/SHIFT_REG_16BIT/SHIFTREG_Lcfg.o
 .debug_macro   0x00000000000038f5       0x7e ./HAL/SHIFT_REG_16BIT/SHIFTREG_program.o
 .debug_macro   0x0000000000003973       0xc2 ./HAL/TFT/TFT_Lcfg.o
 .debug_macro   0x0000000000003a35       0x4c ./HAL/TFT/TFT_Lcfg.o
 .debug_macro   0x0000000000003a81       0xc1 ./HAL/TFT/TFT_program.o
 .debug_macro   0x0000000000003b42       0x46 ./HAL/TFT/TFT_program.o
 .debug_macro   0x0000000000003b88       0x6c ./MCAL/DMA/DMA_program.o
 .debug_macro   0x0000000000003bf4       0x57 ./MCAL/EXTI/EXTI_program.o
 .debug_macro   0x0000000000003c4b       0x28 ./MCAL/EXTI/EXTI_program.o
 .debug_macro   0x0000000000003c73       0x45 ./MCAL/GPIO/GPIO_program.o
 .debug_macro   0x0000000000003cb8      0x12a ./MCAL/GPIO/GPIO_program.o
 .debug_macro   0x0000000000003de2       0x45 ./MCAL/NVIC/NVIC_program.o
 .debug_macro   0x0000000000003e27       0x28 ./MCAL/NVIC/NVIC_program.o
 .debug_macro   0x0000000000003e4f       0x16 ./MCAL/NVIC/NVIC_program.o
 .debug_macro   0x0000000000003e65       0x4d ./MCAL/RCC/RCC_program.o
 .debug_macro   0x0000000000003eb2       0x4c ./MCAL/RCC/RCC_program.o
 .debug_macro   0x0000000000003efe      0x1f6 ./MCAL/RCC/RCC_program.o
 .debug_macro   0x00000000000040f4       0x64 ./MCAL/RCC/RCC_program.o
 .debug_macro   0x0000000000004158       0xe9 ./MCAL/SPI/SPI_program.o
 .debug_macro   0x0000000000004241       0x2e ./MCAL/SPI/SPI_program.o
 .debug_macro   0x000000000000426f       0xd6 ./MCAL/SPI/SPI_program.o
 .debug_macro   0x0000000000004345       0x75 ./MCAL/TIM/TIM_Lcfg.o
 .debug_macro   0x00000000000043ba       0x6b ./MCAL/TIM/TIM_program.o
 .debug_macro   0x0000000000004425      0x187 ./SERVICES/FreeRTOS/Source/list.o
 .debug_macro   0x00000000000045ac      0x216 ./SERVICES/FreeRTOS/Source/queue.o
 .debug_macro   0x00000000000047c2       0x16 ./SERVICES/FreeRTOS/Source/queue.o
 .debug_macro   0x00000000000047d8       0x80 ./SERVICES/FreeRTOS/Source/queue.o
 .debug_macro   0x0000000000004858      0x27f ./SERVICES/FreeRTOS/Source/tasks.o
 .debug_macro   0x0000000000004ad7       0x10 ./SERVICES/FreeRTOS/Source/tasks.o
 .debug_macro   0x0000000000004ae7      0x1dc ./SERVICES/FreeRTOS/Source/timers.o
 .debug_macro   0x0000000000004cc3       0x97 ./SERVICES/FreeRTOS/Source/timers.o
 .debug_macro   0x0000000000004d5a      0x1a2 ./SERVICES/FreeRTOS/Source/portable/GCC/ARM_CM4F/port.o
 .debug_macro   0x0000000000004efc      0x214 ./SERVICES/FreeRTOS/Source/portable/MemMang/heap_4.o
 .debug_macro   0x0000000000005110       0x7b ./Startup/System_Init.o

.debug_line     0x0000000000000000     0xd9ec
 .debug_line    0x0000000000000000     0x10df ./APP/main.o
 .debug_line    0x00000000000010df      0x380 ./HAL/IR_Receiver/IR_Lcfg.o
 .debug_line    0x000000000000145f      0x4c7 ./HAL/IR_Receiver/IR_program.o
 .debug_line    0x0000000000001926      0x993 ./HAL/LEDMAT/LEDMAT_LCFG.o
 .debug_line    0x00000000000022b9       0xe7 ./HAL/LEDMAT/LEDMAT_font.o
 .debug_line    0x00000000000023a0      0xf0f ./HAL/LEDMAT/LEDMAT_program.o
 .debug_line    0x00000000000032af      0x24c ./HAL/R2R_DAC/R2RDAC_Lcfg.o
 .debug_line    0x00000000000034fb      0x31a ./HAL/R2R_DAC/R2RDAC_program.o
 .debug_line    0x0000000000003815      0x1df ./HAL/RGB_LED/RGB_Lcfg.o
 .debug_line    0x00000000000039f4      0x368 ./HAL/RGB_LED/RGB_program.o
 .debug_line    0x0000000000003d5c      0x1fa ./HAL/SHIFT_REG_16BIT/SHIFTREG_Lcfg.o
 .debug_line    0x0000000000003f56      0x32a ./HAL/SHIFT_REG_16BIT/SHIFTREG_program.o
 .debug_line    0x0000000000004280      0x331 ./HAL/TFT/TFT_Lcfg.o
 .debug_line    0x00000000000045b1      0x8b6 ./HAL/TFT/TFT_program.o
 .debug_line    0x0000000000004e67      0x5b1 ./MCAL/DMA/DMA_program.o
 .debug_line    0x0000000000005418      0x566 ./MCAL/EXTI/EXTI_program.o
 .debug_line    0x000000000000597e      0x3ea ./MCAL/GPIO/GPIO_program.o
 .debug_line    0x0000000000005d68      0x2b0 ./MCAL/NVIC/NVIC_program.o
 .debug_line    0x0000000000006018      0x2d8 ./MCAL/RCC/RCC_program.o
 .debug_line    0x00000000000062f0      0x6f5 ./MCAL/SPI/SPI_program.o
 .debug_line    0x00000000000069e5      0x249 ./MCAL/TIM/TIM_Lcfg.o
 .debug_line    0x0000000000006c2e      0xa4e ./MCAL/TIM/TIM_program.o
 .debug_line    0x000000000000767c      0x8a2 ./SERVICES/FreeRTOS/Source/list.o
 .debug_line    0x0000000000007f1e     0x16ef ./SERVICES/FreeRTOS/Source/queue.o
 .debug_line    0x000000000000960d     0x1e2a ./SERVICES/FreeRTOS/Source/tasks.o
 .debug_line    0x000000000000b437      0xe18 ./SERVICES/FreeRTOS/Source/timers.o
 .debug_line    0x000000000000c24f      0x94f ./SERVICES/FreeRTOS/Source/portable/GCC/ARM_CM4F/port.o
 .debug_line    0x000000000000cb9e      0xb29 ./SERVICES/FreeRTOS/Source/portable/MemMang/heap_4.o
 .debug_line    0x000000000000d6c7      0x2aa ./Startup/System_Init.o
 .debug_line    0x000000000000d971       0x7b ./Startup/startup_stm32f401ccux.o

.debug_str      0x0000000000000000    0x15e05
 .debug_str     0x0000000000000000     0xf0d2 ./APP/main.o
                                       0xf38f (size before relaxing)
 .debug_str     0x000000000000f0d2       0x51 ./HAL/IR_Receiver/IR_Lcfg.o
                                       0x418c (size before relaxing)
 .debug_str     0x000000000000f123      0x688 ./HAL/IR_Receiver/IR_program.o
                                       0x4832 (size before relaxing)
 .debug_str     0x000000000000f7ab       0x2c ./HAL/LEDMAT/LEDMAT_LCFG.o
                                       0x780a (size before relaxing)
 .debug_str     0x000000000000f7d7       0x25 ./HAL/LEDMAT/LEDMAT_font.o
                                       0x2ef3 (size before relaxing)
 .debug_str     0x000000000000f7fc      0x335 ./HAL/LEDMAT/LEDMAT_program.o
                                       0x7c82 (size before relaxing)
 .debug_str     0x000000000000fb31       0x1d ./HAL/R2R_DAC/R2RDAC_Lcfg.o
                                       0x37de (size before relaxing)
 .debug_str     0x000000000000fb4e      0x193 ./HAL/R2R_DAC/R2RDAC_program.o
                                       0x3a69 (size before relaxing)
 .debug_str     0x000000000000fce1       0x1a ./HAL/RGB_LED/RGB_Lcfg.o
                                       0x3714 (size before relaxing)
 .debug_str     0x000000000000fcfb       0xdb ./HAL/RGB_LED/RGB_program.o
                                       0x398d (size before relaxing)
 .debug_str     0x000000000000fdd6       0x27 ./HAL/SHIFT_REG_16BIT/SHIFTREG_Lcfg.o
                                       0x36f2 (size before relaxing)
 .debug_str     0x000000000000fdfd       0xe0 ./HAL/SHIFT_REG_16BIT/SHIFTREG_program.o
                                       0x3c0f (size before relaxing)
 .debug_str     0x000000000000fedd       0x16 ./HAL/TFT/TFT_Lcfg.o
                                       0x4223 (size before relaxing)
 .debug_str     0x000000000000fef3      0x322 ./HAL/TFT/TFT_program.o
                                       0x466a (size before relaxing)
 .debug_str     0x0000000000010215      0x239 ./MCAL/DMA/DMA_program.o
                                       0x3e02 (size before relaxing)
 .debug_str     0x000000000001044e      0x2d8 ./MCAL/EXTI/EXTI_program.o
                                       0x3b5b (size before relaxing)
 .debug_str     0x0000000000010726      0xb51 ./MCAL/GPIO/GPIO_program.o
                                       0x4032 (size before relaxing)
 .debug_str     0x0000000000011277      0x2b1 ./MCAL/NVIC/NVIC_program.o
                                       0x36a3 (size before relaxing)
 .debug_str     0x0000000000011528      0xedc ./MCAL/RCC/RCC_program.o
                                       0x4182 (size before relaxing)
 .debug_str     0x0000000000012404      0x685 ./MCAL/SPI/SPI_program.o
                                       0x56e8 (size before relaxing)
 .debug_str     0x0000000000012a89       0x17 ./MCAL/TIM/TIM_Lcfg.o
                                       0x3a98 (size before relaxing)
 .debug_str     0x0000000000012aa0      0x250 ./MCAL/TIM/TIM_program.o
                                       0x4291 (size before relaxing)
 .debug_str     0x0000000000012cf0      0x20f ./SERVICES/FreeRTOS/Source/list.o
                                       0xaa25 (size before relaxing)
 .debug_str     0x0000000000012eff      0xa2b ./SERVICES/FreeRTOS/Source/queue.o
                                       0xc308 (size before relaxing)
 .debug_str     0x000000000001392a     0x11f7 ./SERVICES/FreeRTOS/Source/tasks.o
                                       0xceb4 (size before relaxing)
 .debug_str     0x0000000000014b21      0x4da ./SERVICES/FreeRTOS/Source/timers.o
                                       0xc6bd (size before relaxing)
 .debug_str     0x0000000000014ffb      0x7db ./SERVICES/FreeRTOS/Source/portable/GCC/ARM_CM4F/port.o
                                       0x86c1 (size before relaxing)
 .debug_str     0x00000000000157d6      0x5dc ./SERVICES/FreeRTOS/Source/portable/MemMang/heap_4.o
                                       0xb6b4 (size before relaxing)
 .debug_str     0x0000000000015db2       0x24 ./Startup/System_Init.o
                                       0x3abb (size before relaxing)
 .debug_str     0x0000000000015dd6       0x2f ./Startup/startup_stm32f401ccux.o
                                         0x73 (size before relaxing)

.debug_frame    0x0000000000000000     0x2f90
 .debug_frame   0x0000000000000000      0x104 ./APP/main.o
 .debug_frame   0x0000000000000104       0xa0 ./HAL/IR_Receiver/IR_program.o
 .debug_frame   0x00000000000001a4      0x2a0 ./HAL/LEDMAT/LEDMAT_program.o
 .debug_frame   0x0000000000000444       0x7c ./HAL/R2R_DAC/R2RDAC_program.o
 .debug_frame   0x00000000000004c0       0xe8 ./HAL/RGB_LED/RGB_program.o
 .debug_frame   0x00000000000005a8       0xcc ./HAL/SHIFT_REG_16BIT/SHIFTREG_program.o
 .debug_frame   0x0000000000000674      0x2d0 ./HAL/TFT/TFT_program.o
 .debug_frame   0x0000000000000944      0x268 ./MCAL/DMA/DMA_program.o
 .debug_frame   0x0000000000000bac      0x1e8 ./MCAL/EXTI/EXTI_program.o
 .debug_frame   0x0000000000000d94      0x268 ./MCAL/GPIO/GPIO_program.o
 .debug_frame   0x0000000000000ffc      0x190 ./MCAL/NVIC/NVIC_program.o
 .debug_frame   0x000000000000118c      0x18c ./MCAL/RCC/RCC_program.o
 .debug_frame   0x0000000000001318      0x240 ./MCAL/SPI/SPI_program.o
 .debug_frame   0x0000000000001558      0x350 ./MCAL/TIM/TIM_program.o
 .debug_frame   0x00000000000018a8       0xd8 ./SERVICES/FreeRTOS/Source/list.o
 .debug_frame   0x0000000000001980      0x530 ./SERVICES/FreeRTOS/Source/queue.o
 .debug_frame   0x0000000000001eb0      0x89c ./SERVICES/FreeRTOS/Source/tasks.o
 .debug_frame   0x000000000000274c      0x38c ./SERVICES/FreeRTOS/Source/timers.o
 .debug_frame   0x0000000000002ad8      0x1a8 ./SERVICES/FreeRTOS/Source/portable/GCC/ARM_CM4F/port.o
 .debug_frame   0x0000000000002c80      0x150 ./SERVICES/FreeRTOS/Source/portable/MemMang/heap_4.o
 .debug_frame   0x0000000000002dd0       0x2c ./Startup/System_Init.o
 .debug_frame   0x0000000000002dfc       0x20 D:/Installed Programs/STM32CubeIDE_1.13.2/STM32CubeIDE/plugins/com.st.stm32cube.ide.mcu.externaltools.gnu-tools-for-stm32.11.3.rel1.win32_1.1.1.202309131626/tools/bin/../lib/gcc/arm-none-eabi/11.3.1/../../../../arm-none-eabi/lib/thumb/v7e-m+fp/hard\libc_nano.a(libc_a-memset.o)
 .debug_frame   0x0000000000002e1c       0x2c D:/Installed Programs/STM32CubeIDE_1.13.2/STM32CubeIDE/plugins/com.st.stm32cube.ide.mcu.externaltools.gnu-tools-for-stm32.11.3.rel1.win32_1.1.1.202309131626/tools/bin/../lib/gcc/arm-none-eabi/11.3.1/../../../../arm-none-eabi/lib/thumb/v7e-m+fp/hard\libc_nano.a(libc_a-init.o)
 .debug_frame   0x0000000000002e48       0x28 D:/Installed Programs/STM32CubeIDE_1.13.2/STM32CubeIDE/plugins/com.st.stm32cube.ide.mcu.externaltools.gnu-tools-for-stm32.11.3.rel1.win32_1.1.1.202309131626/tools/bin/../lib/gcc/arm-none-eabi/11.3.1/../../../../arm-none-eabi/lib/thumb/v7e-m+fp/hard\libc_nano.a(libc_a-memcpy-stub.o)
 .debug_frame   0x0000000000002e70       0xac D:/Installed Programs/STM32CubeIDE_1.13.2/STM32CubeIDE/plugins/com.st.stm32cube.ide.mcu.externaltools.gnu-tools-for-stm32.11.3.rel1.win32_1.1.1.202309131626/tools/bin/../lib/gcc/arm-none-eabi/11.3.1/thumb/v7e-m+fp/hard\libgcc.a(_arm_addsubdf3.o)
 .debug_frame   0x0000000000002f1c       0x50 D:/Installed Programs/STM32CubeIDE_1.13.2/STM32CubeIDE/plugins/com.st.stm32cube.ide.mcu.externaltools.gnu-tools-for-stm32.11.3.rel1.win32_1.1.1.202309131626/tools/bin/../lib/gcc/arm-none-eabi/11.3.1/thumb/v7e-m+fp/hard\libgcc.a(_arm_muldivdf3.o)
 .debug_frame   0x0000000000002f6c       0x24 D:/Installed Programs/STM32CubeIDE_1.13.2/STM32CubeIDE/plugins/com.st.stm32cube.ide.mcu.externaltools.gnu-tools-for-stm32.11.3.rel1.win32_1.1.1.202309131626/tools/bin/../lib/gcc/arm-none-eabi/11.3.1/thumb/v7e-m+fp/hard\libgcc.a(_arm_fixunsdfsi.o)
