Archive member included to satisfy reference by file (symbol)

D:/Installed Programs/STM32CubeIDE_1.13.2/STM32CubeIDE/plugins/com.st.stm32cube.ide.mcu.externaltools.gnu-tools-for-stm32.11.3.rel1.win32_1.1.1.202309131626/tools/bin/../lib/gcc/arm-none-eabi/11.3.1/../../../../arm-none-eabi/lib/thumb/v7e-m+fp/hard\libc_nano.a(libc_a-exit.o)
                              D:/Installed Programs/STM32CubeIDE_1.13.2/STM32CubeIDE/plugins/com.st.stm32cube.ide.mcu.externaltools.gnu-tools-for-stm32.11.3.rel1.win32_1.1.1.202309131626/tools/bin/../lib/gcc/arm-none-eabi/11.3.1/../../../../arm-none-eabi/lib/thumb/v7e-m+fp/hard/crt0.o (exit)
D:/Installed Programs/STM32CubeIDE_1.13.2/STM32CubeIDE/plugins/com.st.stm32cube.ide.mcu.externaltools.gnu-tools-for-stm32.11.3.rel1.win32_1.1.1.202309131626/tools/bin/../lib/gcc/arm-none-eabi/11.3.1/../../../../arm-none-eabi/lib/thumb/v7e-m+fp/hard\libc_nano.a(libc_a-findfp.o)
                              D:/Installed Programs/STM32CubeIDE_1.13.2/STM32CubeIDE/plugins/com.st.stm32cube.ide.mcu.externaltools.gnu-tools-for-stm32.11.3.rel1.win32_1.1.1.202309131626/tools/bin/../lib/gcc/arm-none-eabi/11.3.1/../../../../arm-none-eabi/lib/thumb/v7e-m+fp/hard\libc_nano.a(libc_a-exit.o) (__stdio_exit_handler)
D:/Installed Programs/STM32CubeIDE_1.13.2/STM32CubeIDE/plugins/com.st.stm32cube.ide.mcu.externaltools.gnu-tools-for-stm32.11.3.rel1.win32_1.1.1.202309131626/tools/bin/../lib/gcc/arm-none-eabi/11.3.1/../../../../arm-none-eabi/lib/thumb/v7e-m+fp/hard\libc_nano.a(libc_a-fwalk.o)
                              D:/Installed Programs/STM32CubeIDE_1.13.2/STM32CubeIDE/plugins/com.st.stm32cube.ide.mcu.externaltools.gnu-tools-for-stm32.11.3.rel1.win32_1.1.1.202309131626/tools/bin/../lib/gcc/arm-none-eabi/11.3.1/../../../../arm-none-eabi/lib/thumb/v7e-m+fp/hard\libc_nano.a(libc_a-findfp.o) (_fwalk_sglue)
D:/Installed Programs/STM32CubeIDE_1.13.2/STM32CubeIDE/plugins/com.st.stm32cube.ide.mcu.externaltools.gnu-tools-for-stm32.11.3.rel1.win32_1.1.1.202309131626/tools/bin/../lib/gcc/arm-none-eabi/11.3.1/../../../../arm-none-eabi/lib/thumb/v7e-m+fp/hard\libc_nano.a(libc_a-stdio.o)
                              D:/Installed Programs/STM32CubeIDE_1.13.2/STM32CubeIDE/plugins/com.st.stm32cube.ide.mcu.externaltools.gnu-tools-for-stm32.11.3.rel1.win32_1.1.1.202309131626/tools/bin/../lib/gcc/arm-none-eabi/11.3.1/../../../../arm-none-eabi/lib/thumb/v7e-m+fp/hard\libc_nano.a(libc_a-findfp.o) (__sread)
D:/Installed Programs/STM32CubeIDE_1.13.2/STM32CubeIDE/plugins/com.st.stm32cube.ide.mcu.externaltools.gnu-tools-for-stm32.11.3.rel1.win32_1.1.1.202309131626/tools/bin/../lib/gcc/arm-none-eabi/11.3.1/../../../../arm-none-eabi/lib/thumb/v7e-m+fp/hard\libc_nano.a(libc_a-memset.o)
                              D:/Installed Programs/STM32CubeIDE_1.13.2/STM32CubeIDE/plugins/com.st.stm32cube.ide.mcu.externaltools.gnu-tools-for-stm32.11.3.rel1.win32_1.1.1.202309131626/tools/bin/../lib/gcc/arm-none-eabi/11.3.1/../../../../arm-none-eabi/lib/thumb/v7e-m+fp/hard/crt0.o (memset)
D:/Installed Programs/STM32CubeIDE_1.13.2/STM32CubeIDE/plugins/com.st.stm32cube.ide.mcu.externaltools.gnu-tools-for-stm32.11.3.rel1.win32_1.1.1.202309131626/tools/bin/../lib/gcc/arm-none-eabi/11.3.1/../../../../arm-none-eabi/lib/thumb/v7e-m+fp/hard\libc_nano.a(libc_a-closer.o)
                              D:/Installed Programs/STM32CubeIDE_1.13.2/STM32CubeIDE/plugins/com.st.stm32cube.ide.mcu.externaltools.gnu-tools-for-stm32.11.3.rel1.win32_1.1.1.202309131626/tools/bin/../lib/gcc/arm-none-eabi/11.3.1/../../../../arm-none-eabi/lib/thumb/v7e-m+fp/hard\libc_nano.a(libc_a-stdio.o) (_close_r)
D:/Installed Programs/STM32CubeIDE_1.13.2/STM32CubeIDE/plugins/com.st.stm32cube.ide.mcu.externaltools.gnu-tools-for-stm32.11.3.rel1.win32_1.1.1.202309131626/tools/bin/../lib/gcc/arm-none-eabi/11.3.1/../../../../arm-none-eabi/lib/thumb/v7e-m+fp/hard\libc_nano.a(libc_a-reent.o)
                              D:/Installed Programs/STM32CubeIDE_1.13.2/STM32CubeIDE/plugins/com.st.stm32cube.ide.mcu.externaltools.gnu-tools-for-stm32.11.3.rel1.win32_1.1.1.202309131626/tools/bin/../lib/gcc/arm-none-eabi/11.3.1/../../../../arm-none-eabi/lib/thumb/v7e-m+fp/hard\libc_nano.a(libc_a-closer.o) (errno)
D:/Installed Programs/STM32CubeIDE_1.13.2/STM32CubeIDE/plugins/com.st.stm32cube.ide.mcu.externaltools.gnu-tools-for-stm32.11.3.rel1.win32_1.1.1.202309131626/tools/bin/../lib/gcc/arm-none-eabi/11.3.1/../../../../arm-none-eabi/lib/thumb/v7e-m+fp/hard\libc_nano.a(libc_a-impure.o)
                              D:/Installed Programs/STM32CubeIDE_1.13.2/STM32CubeIDE/plugins/com.st.stm32cube.ide.mcu.externaltools.gnu-tools-for-stm32.11.3.rel1.win32_1.1.1.202309131626/tools/bin/../lib/gcc/arm-none-eabi/11.3.1/../../../../arm-none-eabi/lib/thumb/v7e-m+fp/hard\libc_nano.a(libc_a-reent.o) (_impure_ptr)
[...]
Memory Configuration

Name             Origin             Length             Attributes
RAM              0x0000000020000000 0x0000000000010000 xrw
FLASH            0x0000000008000000 0x0000000000004000 xr
*default*        0x0000000000000000 0xffffffffffffffff

Linker script and memory map

LOAD D:/Installed Programs/STM32CubeIDE_1.13.2/STM32CubeIDE/plugins/com.st.stm32cube.ide.mcu.externaltools.gnu-tools-for-stm32.11.3.rel1.win32_1.1.1.202309131626/tools/bin/../lib/gcc/arm-none-eabi/11.3.1/thumb/v7e-m+fp/hard/crti.o
LOAD D:/Installed Programs/STM32CubeIDE_1.13.2/STM32CubeIDE/plugins/com.st.stm32cube.ide.mcu.externaltools.gnu-tools-for-stm32.11.3.rel1.win32_1.1.1.202309131626/tools/bin/../lib/gcc/arm-none-eabi/11.3.1/thumb/v7e-m+fp/hard/crtbegin.o
LOAD D:/Installed Programs/STM32CubeIDE_1.13.2/STM32CubeIDE/plugins/com.st.stm32cube.ide.mcu.externaltools.gnu-tools-for-stm32.11.3.rel1.win32_1.1.1.202309131626/tools/bin/../lib/gcc/arm-none-eabi/11.3.1/../../../../arm-none-eabi/lib/thumb/v7e-m+fp/hard/crt0.o
LOAD ./APP/bootloader.o
LOAD ./APP/main.o
LOAD ./LIB/syscalls.o
LOAD ./LIB/sysmem.o
LOAD ./MCAL/CRC/CRC_program.o
LOAD ./MCAL/FPEC/FPEC_program.o
LOAD ./MCAL/GPIO/GPIO_program.o
LOAD ./MCAL/NVIC/NVIC_program.o
LOAD ./MCAL/RCC/RCC_program.o
LOAD ./MCAL/SCB/SCB_program.o
LOAD ./MCAL/SYSTICK/SYSTICK_program.o
LOAD ./MCAL/UART/UART_Lcfg.o
LOAD ./MCAL/UART/UART_program.o
LOAD ./Startup/System_Init.o
LOAD ./Startup/startup_stm32f401ccux.o
START GROUP
LOAD D:/Installed Programs/STM32CubeIDE_1.13.2/STM32CubeIDE/plugins/com.st.stm32cube.ide.mcu.externaltools.gnu-tools-for-stm32.11.3.rel1.win32_1.1.1.202309131626/tools/bin/../lib/gcc/arm-none-eabi/11.3.1/../../../../arm-none-eabi/lib/thumb/v7e-m+fp/hard\libc_nano.a
LOAD D:/Installed Programs/STM32CubeIDE_1.13.2/STM32CubeIDE/plugins/com.st.stm32cube.ide.mcu.externaltools.gnu-tools-for-stm32.11.3.rel1.win32_1.1.1.202309131626/tools/bin/../lib/gcc/arm-none-eabi/11.3.1/../../../../arm-none-eabi/lib/thumb/v7e-m+fp/hard\libm.a
END GROUP
START GROUP
LOAD D:/Installed Programs/STM32CubeIDE_1.13.2/STM32CubeIDE/plugins/com.st.stm32cube.ide.mcu.externaltools.gnu-tools-for-stm32.11.3.rel1.win32_1.1.1.202309131626/tools/bin/../lib/gcc/arm-none-eabi/11.3.1/thumb/v7e-m+fp/hard\libgcc.a
LOAD D:/Installed Programs/STM32CubeIDE_1.13.2/STM32CubeIDE/plugins/com.st.stm32cube.ide.mcu.externaltools.gnu-tools-for-stm32.11.3.rel1.win32_1.1.1.202309131626/tools/bin/../lib/gcc/arm-none-eabi/11.3.1/../../../../arm-none-eabi/lib/thumb/v7e-m+fp/hard\libc_nano.a
END GROUP
START GROUP
LOAD D:/Installed Programs/STM32CubeIDE_1.13.2/STM32CubeIDE/plugins/com.st.stm32cube.ide.mcu.externaltools.gnu-tools-for-stm32.11.3.rel1.win32_1.1.1.202309131626/tools/bin/../lib/gcc/arm-none-eabi/11.3.1/thumb/v7e-m+fp/hard\libgcc.a
LOAD D:/Installed Programs/STM32CubeIDE_1.13.2/STM32CubeIDE/plugins/com.st.stm32cube.ide.mcu.externaltools.gnu-tools-for-stm32.11.3.rel1.win32_1.1.1.202309131626/tools/bin/../lib/gcc/arm-none-eabi/11.3.1/../../../../arm-none-eabi/lib/thumb/v7e-m+fp/hard\libc_nano.a
LOAD D:/Installed Programs/STM32CubeIDE_1.13.2/STM32CubeIDE/plugins/com.st.stm32cube.ide.mcu.externaltools.gnu-tools-for-stm32.11.3.rel1.win32_1.1.1.202309131626/tools/bin/../lib/gcc/arm-none-eabi/11.3.1/../../../../arm-none-eabi/lib/thumb/v7e-m+fp/hard\libnosys.a
END GROUP
START GROUP
LOAD D:/Installed Programs/STM32CubeIDE_1.13.2/STM32CubeIDE/plugins/com.st.stm32cube.ide.mcu.externaltools.gnu-tools-for-stm32.11.3.rel1.win32_1.1.1.202309131626/tools/bin/../lib/gcc/arm-none-eabi/11.3.1/thumb/v7e-m+fp/hard\libgcc.a
LOAD D:/Installed Programs/STM32CubeIDE_1.13.2/STM32CubeIDE/plugins/com.st.stm32cube.ide.mcu.externaltools.gnu-tools-for-stm32.11.3.rel1.win32_1.1.1.202309131626/tools/bin/../lib/gcc/arm-none-eabi/11.3.1/../../../../arm-none-eabi/lib/thumb/v7e-m+fp/hard\libc_nano.a
LOAD D:/Installed Programs/STM32CubeIDE_1.13.2/STM32CubeIDE/plugins/com.st.stm32cube.ide.mcu.externaltools.gnu-tools-for-stm32.11.3.rel1.win32_1.1.1.202309131626/tools/bin/../lib/gcc/arm-none-eabi/11.3.1/../../../../arm-none-eabi/lib/thumb/v7e-m+fp/hard\libnosys.a
END GROUP
LOAD D:/Installed Programs/STM32CubeIDE_1.13.2/STM32CubeIDE/plugins/com.st.stm32cube.ide.mcu.externaltools.gnu-tools-for-stm32.11.3.rel1.win32_1.1.1.202309131626/tools/bin/../lib/gcc/arm-none-eabi/11.3.1/thumb/v7e-m+fp/hard/crtend.o
LOAD D:/Installed Programs/STM32CubeIDE_1.13.2/STM32CubeIDE/plugins/com.st.stm32cube.ide.mcu.externaltools.gnu-tools-for-stm32.11.3.rel1.win32_1.1.1.202309131626/tools/bin/../lib/gcc/arm-none-eabi/11.3.1/thumb/v7e-m+fp/hard/crtn.o
                0x0000000020010000                _estack = (ORIGIN (RAM) + LENGTH (RAM))
                0x0000000000000200                _Min_Heap_Size = 0x200
                0x0000000000000400                _Min_Stack_Size = 0x400

.isr_vector     0x0000000008000000      0x194
                0x0000000008000000                . = ALIGN (0x4)
 *(.isr_vector)
 .isr_vector    0x0000000008000000      0x194 ./Startup/startup_stm32f401ccux.o
                0x0000000008000000                g_pfnVectors
                0x0000000008000194                . = ALIGN (0x4)

.text           0x0000000008000198     0x1e44
                0x0000000008000198                . = ALIGN (0x4)
 *(.text)
 .text          0x0000000008000198       0x40 D:/Installed Programs/STM32CubeIDE_1.13.2/STM32CubeIDE/plugins/com.st.stm32cube.ide.mcu.externaltools.gnu-tools-for-stm32.11.3.rel1.win32_1.1.1.202309131626/tools/bin/../lib/gcc/arm-none-eabi/11.3.1/thumb/v7e-m+fp/hard/crtbegin.o
 .text          0x00000000080001d8      0x378 D:/Installed Programs/STM32CubeIDE_1.13.2/STM32CubeIDE/plugins/com.st.stm32cube.ide.mcu.externaltools.gnu-tools-for-stm32.11.3.rel1.win32_1.1.1.202309131626/tools/bin/../lib/gcc/arm-none-eabi/11.3.1/thumb/v7e-m+fp/hard\libgcc.a(_arm_addsubdf3.o)
                0x00000000080001d8                __aeabi_drsub
                0x00000000080001e0                __aeabi_dsub
                0x00000000080001e0                __subdf3
                0x00000000080001e4                __aeabi_dadd
                0x00000000080001e4                __adddf3
                0x000000000800045c                __floatunsidf
                0x000000000800045c                __aeabi_ui2d
                0x000000000800047c                __floatsidf
                0x000000000800047c                __aeabi_i2d
                0x00000000080004a0                __aeabi_f2d
                0x00000000080004a0                __extendsfdf2
                0x00000000080004e4                __floatundidf
                0x00000000080004e4                __aeabi_ul2d
                0x00000000080004f4                __floatdidf
                0x00000000080004f4                __aeabi_l2d
 .text          0x0000000008000550      0x424 D:/Installed Programs/STM32CubeIDE_1.13.2/STM32CubeIDE/plugins/com.st.stm32cube.ide.mcu.externaltools.gnu-tools-for-stm32.11.3.rel1.win32_1.1.1.202309131626/tools/bin/../lib/gcc/arm-none-eabi/11.3.1/thumb/v7e-m+fp/hard\libgcc.a(_arm_muldivdf3.o)
                0x0000000008000550                __aeabi_dmul
                0x0000000008000550                __muldf3
                0x00000000080007a4                __divdf3
                0x00000000080007a4                __aeabi_ddiv
 .text          0x0000000008000974       0x40 D:/Installed Programs/STM32CubeIDE_1.13.2/STM32CubeIDE/plugins/com.st.stm32cube.ide.mcu.externaltools.gnu-tools-for-stm32.11.3.rel1.win32_1.1.1.202309131626/tools/bin/../lib/gcc/arm-none-eabi/11.3.1/thumb/v7e-m+fp/hard\libgcc.a(_arm_fixunsdfsi.o)
                0x0000000008000974                __aeabi_d2uiz
                0x0000000008000974                __fixunsdfsi
 *(.text*)
 .text.Bootloader_Send_ACK
                0x00000000080009b4       0x2a ./APP/bootloader.o
 .text.Bootloader_Send_NACK
                0x00000000080009de       0x1c ./APP/bootloader.o
 *fill*         0x00000000080009fa        0x2 
 .text.Bootloader_CRC_Verify
                0x00000000080009fc       0x7c ./APP/bootloader.o
 .text.CBL_STM32F401CCx_Get_RDP_Level
                0x0000000008000a78       0x1e ./APP/bootloader.o
 *fill*         0x0000000008000a96        0x2 
 .text.Bootloader_Send_Data_To_Host
                0x0000000008000a98       0x28 ./APP/bootloader.o
 .text.Host_Address_Verification
                0x0000000008000ac0       0x54 ./APP/bootloader.o
 .text.Bootloader_Get_Version
                0x0000000008000b14       0x64 ./APP/bootloader.o
 .text.Bootloader_Get_Chip_Identification_Number
                0x0000000008000b78       0x70 ./APP/bootloader.o
 .text.Bootloader_Read_Protection_Level
                0x0000000008000be8       0x66 ./APP/bootloader.o
 .text.Bootloader_Erase_Application
                0x0000000008000c4e       0x66 ./APP/bootloader.o
 .text.Bootloader_Flash_Application
                0x0000000008000cb4       0xa0 ./APP/bootloader.o
 .text.Bootloader_Jump_To_Application
                0x0000000008000d54       0xa0 ./APP/bootloader.o
 .text.BL_UART_Fetch_Host_Command
                0x0000000008000df4       0xdc ./APP/bootloader.o
                0x0000000008000df4                BL_UART_Fetch_Host_Command
 .text.main     0x0000000008000ed0       0x24 ./APP/main.o
                0x0000000008000ed0                main
 .text.CRC_voidInit
                0x0000000008000ef4       0x10 ./MCAL/CRC/CRC_program.o
                0x0000000008000ef4                CRC_voidInit
 .text.CRC_Accumulate
                0x0000000008000f04       0x48 ./MCAL/CRC/CRC_program.o
                0x0000000008000f04                CRC_Accumulate
 .text.FLASH_UNLOCK
                0x0000000008000f4c       0x28 ./MCAL/FPEC/FPEC_program.o
 .text.FLASH_LOCK
                0x0000000008000f74       0x1c ./MCAL/FPEC/FPEC_program.o
 .text.ERASE_SECTOR
                0x0000000008000f90       0x50 ./MCAL/FPEC/FPEC_program.o
 .text.WAIT_END_OF_OPERATION
                0x0000000008000fe0       0x24 ./MCAL/FPEC/FPEC_program.o
 .text.FLASH_PROGRAM_BYTE
                0x0000000008001004       0x34 ./MCAL/FPEC/FPEC_program.o
 .text.FLASH_PROGRAM_HALFWORD
                0x0000000008001038       0x34 ./MCAL/FPEC/FPEC_program.o
 .text.FLASH_PROGRAM_WORD
                0x000000000800106c       0x30 ./MCAL/FPEC/FPEC_program.o
 .text.FPEC_EraseSectors
                0x000000000800109c       0x50 ./MCAL/FPEC/FPEC_program.o
                0x000000000800109c                FPEC_EraseSectors
 .text.FPEC_OBGetConfig
                0x00000000080010ec       0x44 ./MCAL/FPEC/FPEC_program.o
                0x00000000080010ec                FPEC_OBGetConfig
 .text.FPEC_FLASH_Program_Bytes
                0x0000000008001130       0xb0 ./MCAL/FPEC/FPEC_program.o
                0x0000000008001130                FPEC_FLASH_Program_Bytes
 .text.GPIO_voidSetPinMode
                0x00000000080011e0       0xb4 ./MCAL/GPIO/GPIO_program.o
                0x00000000080011e0                GPIO_voidSetPinMode
 .text.GPIO_voidSetPinAlternateFunction
                0x0000000008001294      0x150 ./MCAL/GPIO/GPIO_program.o
                0x0000000008001294                GPIO_voidSetPinAlternateFunction
 .text.MNVIC_voidEnableIRQ
                0x00000000080013e4       0x3c ./MCAL/NVIC/NVIC_program.o
                0x00000000080013e4                MNVIC_voidEnableIRQ
 .text.RCC_void_PLL_Init
                0x0000000008001420       0xc0 ./MCAL/RCC/RCC_program.o
 .text.RCC_void_AHB1Prescaler_Init
                0x00000000080014e0       0x28 ./MCAL/RCC/RCC_program.o
 .text.RCC_void_APB1Prescaler_Init
                0x0000000008001508       0x2c ./MCAL/RCC/RCC_program.o
 .text.RCC_void_APB2Prescaler_Init
                0x0000000008001534       0x28 ./MCAL/RCC/RCC_program.o
 .text.RCC_voidInit
                0x000000000800155c       0x18 ./MCAL/RCC/RCC_program.o
                0x000000000800155c                RCC_voidInit
 .text.RCC_voidEnablePeripheralClock
                0x0000000008001574       0x80 ./MCAL/RCC/RCC_program.o
                0x0000000008001574                RCC_voidEnablePeripheralClock
 .text.MSysTick_voidInit
                0x00000000080015f4       0x38 ./MCAL/SYSTICK/SYSTICK_program.o
                0x00000000080015f4                MSysTick_voidInit
 .text.MSysTick_voidDeInit
                0x000000000800162c       0x38 ./MCAL/SYSTICK/SYSTICK_program.o
                0x000000000800162c                MSysTick_voidDeInit
 .text.SysTick_Handler
                0x0000000008001664       0x2c ./MCAL/SYSTICK/SYSTICK_program.o
                0x0000000008001664                SysTick_Handler
 .text.MSysTick_void_ASYNC_Delay_ms
                0x0000000008001690       0x94 ./MCAL/SYSTICK/SYSTICK_program.o
                0x0000000008001690                MSysTick_void_ASYNC_Delay_ms
 .text.UART_ClockEnable
                0x0000000008001724       0x58 ./MCAL/UART/UART_program.o
 .text.UART_voidGPIOConfig
                0x000000000800177c       0xc0 ./MCAL/UART/UART_program.o
 *fill*         0x000000000800183c        0x4 
 .text.UART_SetBaudRate
                0x0000000008001840      0x21c ./MCAL/UART/UART_program.o
 .text.UART_TC_INT_Init
                0x0000000008001a5c       0x98 ./MCAL/UART/UART_program.o
 .text.UART_RXNE_INT_Init
                0x0000000008001af4       0x98 ./MCAL/UART/UART_program.o
 .text.USART_Timeout_Handler
                0x0000000008001b8c       0x18 ./MCAL/UART/UART_program.o
 .text.UART_voidInit
                0x0000000008001ba4       0x7c ./MCAL/UART/UART_program.o
                0x0000000008001ba4                UART_voidInit
 .text.UART_TransmitByte
                0x0000000008001c20       0x74 ./MCAL/UART/UART_program.o
                0x0000000008001c20                UART_TransmitByte
 .text.UART_voidTransmit
                0x0000000008001c94       0x68 ./MCAL/UART/UART_program.o
                0x0000000008001c94                UART_voidTransmit
 .text.UART_ReceiveByte
                0x0000000008001cfc       0x78 ./MCAL/UART/UART_program.o
                0x0000000008001cfc                UART_ReceiveByte
 .text.UART_voidReceive
                0x0000000008001d74       0x66 ./MCAL/UART/UART_program.o
                0x0000000008001d74                UART_voidReceive
 *fill*         0x0000000008001dda        0x2 
 .text.USART1_IRQHandler
                0x0000000008001ddc       0x64 ./MCAL/UART/UART_program.o
                0x0000000008001ddc                USART1_IRQHandler
 .text.USART2_IRQHandler
                0x0000000008001e40       0x64 ./MCAL/UART/UART_program.o
                0x0000000008001e40                USART2_IRQHandler
 .text.USART6_IRQHandler
                0x0000000008001ea4       0x64 ./MCAL/UART/UART_program.o
                0x0000000008001ea4                USART6_IRQHandler
 .text.SystemInit
                0x0000000008001f08       0x10 ./Startup/System_Init.o
                0x0000000008001f08                SystemInit
 .text.Reset_Handler
                0x0000000008001f18       0x50 ./Startup/startup_stm32f401ccux.o
                0x0000000008001f18                Reset_Handler
 .text.Default_Handler
                0x0000000008001f68        0x2 ./Startup/startup_stm32f401ccux.o
                0x0000000008001f68                EXTI2_IRQHandler
                0x0000000008001f68                DebugMon_Handler
                0x0000000008001f68                SPI4_IRQHandler
                0x0000000008001f68                TIM1_CC_IRQHandler
                0x0000000008001f68                DMA2_Stream5_IRQHandler
                0x0000000008001f68                HardFault_Handler
                0x0000000008001f68                DMA1_Stream5_IRQHandler
                0x0000000008001f68                SDIO_IRQHandler
                0x0000000008001f68                TAMP_STAMP_IRQHandler
                0x0000000008001f68                PendSV_Handler
                0x0000000008001f68                NMI_Handler
                0x0000000008001f68                EXTI3_IRQHandler
                0x0000000008001f68                TIM1_UP_TIM10_IRQHandler
                0x0000000008001f68                I2C3_ER_IRQHandler
                0x0000000008001f68                EXTI18_OTG_FS_WKUP_IRQHandler
                0x0000000008001f68                EXTI0_IRQHandler
                0x0000000008001f68                I2C2_EV_IRQHandler
                0x0000000008001f68                DMA1_Stream2_IRQHandler
                0x0000000008001f68                UsageFault_Handler
                0x0000000008001f68                DMA2_Stream2_IRQHandler
                0x0000000008001f68                SPI1_IRQHandler
                0x0000000008001f68                TIM1_BRK_TIM9_IRQHandler
                0x0000000008001f68                DMA2_Stream3_IRQHandler
                0x0000000008001f68                DMA2_Stream0_IRQHandler
                0x0000000008001f68                TIM4_IRQHandler
                0x0000000008001f68                I2C1_EV_IRQHandler
                0x0000000008001f68                DMA1_Stream6_IRQHandler
                0x0000000008001f68                DMA1_Stream1_IRQHandler
                0x0000000008001f68                TIM3_IRQHandler
                0x0000000008001f68                RCC_IRQHandler
                0x0000000008001f68                Default_Handler
                0x0000000008001f68                EXTI15_10_IRQHandler
                0x0000000008001f68                ADC_IRQHandler
                0x0000000008001f68                DMA1_Stream7_IRQHandler
                0x0000000008001f68                TIM5_IRQHandler
                0x0000000008001f68                DMA2_Stream7_IRQHandler
                0x0000000008001f68                I2C3_EV_IRQHandler
                0x0000000008001f68                EXTI9_5_IRQHandler
                0x0000000008001f68                SPI2_IRQHandler
                0x0000000008001f68                MemManage_Handler
                0x0000000008001f68                DMA1_Stream0_IRQHandler
                0x0000000008001f68                SVC_Handler
                0x0000000008001f68                EXTI4_IRQHandler
                0x0000000008001f68                EXTI22_RTC_WKUP_IRQHandler
                0x0000000008001f68                TIM2_IRQHandler
                0x0000000008001f68                EXTI16_PVD_IRQHandler
                0x0000000008001f68                TIM1_TRG_COM_TIM11_IRQHandler
                0x0000000008001f68                EXTI1_IRQHandler
                0x0000000008001f68                EXTI17_RTC_Alarm_IRQHandler
                0x0000000008001f68                I2C2_ER_IRQHandler
                0x0000000008001f68                DMA2_Stream1_IRQHandler
                0x0000000008001f68                FLASH_IRQHandler
                0x0000000008001f68                DMA2_Stream4_IRQHandler
                0x0000000008001f68                BusFault_Handler
                0x0000000008001f68                OTG_FS_IRQHandler
                0x0000000008001f68                SPI3_IRQHandler
                0x0000000008001f68                DMA1_Stream4_IRQHandler
                0x0000000008001f68                I2C1_ER_IRQHandler
                0x0000000008001f68                DMA2_Stream6_IRQHandler
                0x0000000008001f68                DMA1_Stream3_IRQHandler
 .text.memset   0x0000000008001f6a       0x10 D:/Installed Programs/STM32CubeIDE_1.13.2/STM32CubeIDE/plugins/com.st.stm32cube.ide.mcu.externaltools.gnu-tools-for-stm32.11.3.rel1.win32_1.1.1.202309131626/tools/bin/../lib/gcc/arm-none-eabi/11.3.1/../../../../arm-none-eabi/lib/thumb/v7e-m+fp/hard\libc_nano.a(libc_a-memset.o)
                0x0000000008001f6a                memset
 *fill*         0x0000000008001f7a        0x2 
 .text.__libc_init_array
                0x0000000008001f7c       0x48 D:/Installed Programs/STM32CubeIDE_1.13.2/STM32CubeIDE/plugins/com.st.stm32cube.ide.mcu.externaltools.gnu-tools-for-stm32.11.3.rel1.win32_1.1.1.202309131626/tools/bin/../lib/gcc/arm-none-eabi/11.3.1/../../../../arm-none-eabi/lib/thumb/v7e-m+fp/hard\libc_nano.a(libc_a-init.o)
                0x0000000008001f7c                __libc_init_array
 *(.glue_7)
 .glue_7        0x0000000008001fc4        0x0 linker stubs
 *(.glue_7t)
 .glue_7t       0x0000000008001fc4        0x0 linker stubs
 *(.eh_frame)
 .eh_frame      0x0000000008001fc4        0x0 D:/Installed Programs/STM32CubeIDE_1.13.2/STM32CubeIDE/plugins/com.st.stm32cube.ide.mcu.externaltools.gnu-tools-for-stm32.11.3.rel1.win32_1.1.1.202309131626/tools/bin/../lib/gcc/arm-none-eabi/11.3.1/thumb/v7e-m+fp/hard/crtbegin.o
 *(.init)
 .init          0x0000000008001fc4        0x4 D:/Installed Programs/STM32CubeIDE_1.13.2/STM32CubeIDE/plugins/com.st.stm32cube.ide.mcu.externaltools.gnu-tools-for-stm32.11.3.rel1.win32_1.1.1.202309131626/tools/bin/../lib/gcc/arm-none-eabi/11.3.1/thumb/v7e-m+fp/hard/crti.o
                0x0000000008001fc4                _init
 .init          0x0000000008001fc8        0x8 D:/Installed Programs/STM32CubeIDE_1.13.2/STM32CubeIDE/plugins/com.st.stm32cube.ide.mcu.externaltools.gnu-tools-for-stm32.11.3.rel1.win32_1.1.1.202309131626/tools/bin/../lib/gcc/arm-none-eabi/11.3.1/thumb/v7e-m+fp/hard/crtn.o
 *(.fini)
 .fini          0x0000000008001fd0        0x4 D:/Installed Programs/STM32CubeIDE_1.13.2/STM32CubeIDE/plugins/com.st.stm32cube.ide.mcu.externaltools.gnu-tools-for-stm32.11.3.rel1.win32_1.1.1.202309131626/tools/bin/../lib/gcc/arm-none-eabi/11.3.1/thumb/v7e-m+fp/hard/crti.o
                0x0000000008001fd0                _fini
 .fini          0x0000000008001fd4        0x8 D:/Installed Programs/STM32CubeIDE_1.13.2/STM32CubeIDE/plugins/com.st.stm32cube.ide.mcu.externaltools.gnu-tools-for-stm32.11.3.rel1.win32_1.1.1.202309131626/tools/bin/../lib/gcc/arm-none-eabi/11.3.1/thumb/v7e-m+fp/hard/crtn.o
                0x0000000008001fdc                . = ALIGN (0x4)
                0x0000000008001fdc                _etext = .

.vfp11_veneer   0x0000000008001fdc        0x0
 .vfp11_veneer  0x0000000008001fdc        0x0 linker stubs

.v4_bx          0x0000000008001fdc        0x0
 .v4_bx         0x0000000008001fdc        0x0 linker stubs

.iplt           0x0000000008001fdc        0x0
 .iplt          0x0000000008001fdc        0x0 D:/Installed Programs/STM32CubeIDE_1.13.2/STM32CubeIDE/plugins/com.st.stm32cube.ide.mcu.externaltools.gnu-tools-for-stm32.11.3.rel1.win32_1.1.1.202309131626/tools/bin/../lib/gcc/arm-none-eabi/11.3.1/thumb/v7e-m+fp/hard/crtbegin.o

.rel.dyn        0x0000000008001fdc        0x0
 .rel.iplt      0x0000000008001fdc        0x0 D:/Installed Programs/STM32CubeIDE_1.13.2/STM32CubeIDE/plugins/com.st.stm32cube.ide.mcu.externaltools.gnu-tools-for-stm32.11.3.rel1.win32_1.1.1.202309131626/tools/bin/../lib/gcc/arm-none-eabi/11.3.1/thumb/v7e-m+fp/hard/crtbegin.o

.rodata         0x0000000008001fdc        0x0
                0x0000000008001fdc                . = ALIGN (0x4)
 *(.rodata)
 *(.rodata*)
                0x0000000008001fdc                . = ALIGN (0x4)

.ARM.extab      0x0000000008001fdc        0x0
                0x0000000008001fdc                . = ALIGN (0x4)
 *(.ARM.extab* .gnu.linkonce.armextab.*)
                0x0000000008001fdc                . = ALIGN (0x4)

.ARM            0x0000000008001fdc        0x0
                0x0000000008001fdc                . = ALIGN (0x4)
                0x0000000008001fdc                __exidx_start = .
 *(.ARM.exidx*)
                0x0000000008001fdc                __exidx_end = .
                0x0000000008001fdc                . = ALIGN (0x4)

.preinit_array  0x0000000008001fdc        0x0
                0x0000000008001fdc                . = ALIGN (0x4)
                0x0000000008001fdc                PROVIDE (__preinit_array_start = .)
 *(.preinit_array*)
                0x0000000008001fdc                PROVIDE (__preinit_array_end = .)
                0x0000000008001fdc                . = ALIGN (0x4)

.init_array     0x0000000008001fdc        0x4
                0x0000000008001fdc                . = ALIGN (0x4)
                0x0000000008001fdc                PROVIDE (__init_array_start = .)
 *(SORT_BY_NAME(.init_array.*))
 *(.init_array*)
 .init_array    0x0000000008001fdc        0x4 D:/Installed Programs/STM32CubeIDE_1.13.2/STM32CubeIDE/plugins/com.st.stm32cube.ide.mcu.externaltools.gnu-tools-for-stm32.11.3.rel1.win32_1.1.1.202309131626/tools/bin/../lib/gcc/arm-none-eabi/11.3.1/thumb/v7e-m+fp/hard/crtbegin.o
                0x0000000008001fe0                PROVIDE (__init_array_end = .)
                0x0000000008001fe0                . = ALIGN (0x4)

.fini_array     0x0000000008001fe0        0x4
                0x0000000008001fe0                . = ALIGN (0x4)
                [!provide]                        PROVIDE (__fini_array_start = .)
 *(SORT_BY_NAME(.fini_array.*))
 *(.fini_array*)
 .fini_array    0x0000000008001fe0        0x4 D:/Installed Programs/STM32CubeIDE_1.13.2/STM32CubeIDE/plugins/com.st.stm32cube.ide.mcu.externaltools.gnu-tools-for-stm32.11.3.rel1.win32_1.1.1.202309131626/tools/bin/../lib/gcc/arm-none-eabi/11.3.1/thumb/v7e-m+fp/hard/crtbegin.o
                [!provide]                        PROVIDE (__fini_array_end = .)
                0x0000000008001fe4                . = ALIGN (0x4)
                0x0000000008001fe4                _sidata = LOADADDR (.data)

.data           0x0000000020000000       0x24 load address 0x0000000008001fe4
                0x0000000020000000                . = ALIGN (0x4)
                0x0000000020000000                _sdata = .
 *(.data)
 *(.data*)
 .data.UART1_Cfg
                0x0000000020000000       0x24 ./MCAL/UART/UART_Lcfg.o
                0x0000000020000000                UART1_Cfg
 *(.RamFunc)
 *(.RamFunc*)
                0x0000000020000024                . = ALIGN (0x4)
                0x0000000020000024                _edata = .

.igot.plt       0x0000000020000024        0x0 load address 0x0000000008002008
 .igot.plt      0x0000000020000024        0x0 D:/Installed Programs/STM32CubeIDE_1.13.2/STM32CubeIDE/plugins/com.st.stm32cube.ide.mcu.externaltools.gnu-tools-for-stm32.11.3.rel1.win32_1.1.1.202309131626/tools/bin/../lib/gcc/arm-none-eabi/11.3.1/thumb/v7e-m+fp/hard/crtbegin.o
                0x0000000020000024                . = ALIGN (0x4)

.bss            0x0000000020000024      0x10c load address 0x0000000008002008
                0x0000000020000024                _sbss = .
                0x0000000020000024                __bss_start__ = _sbss
 *(.bss)
 .bss           0x0000000020000024       0x1c D:/Installed Programs/STM32CubeIDE_1.13.2/STM32CubeIDE/plugins/com.st.stm32cube.ide.mcu.externaltools.gnu-tools-for-stm32.11.3.rel1.win32_1.1.1.202309131626/tools/bin/../lib/gcc/arm-none-eabi/11.3.1/thumb/v7e-m+fp/hard/crtbegin.o
 *(.bss*)
 .bss.BL_Host_Buffer
                0x0000000020000040       0xc8 ./APP/bootloader.o
 .bss.Status    0x0000000020000108        0x1 ./APP/main.o
                0x0000000020000108                Status
 *fill*         0x0000000020000109        0x3 
 .bss.SysTick_CallBack
                0x000000002000010c        0x4 ./MCAL/SYSTICK/SYSTICK_program.o
                0x000000002000010c                SysTick_CallBack
 .bss.SysTick_Mode
                0x0000000020000110        0x1 ./MCAL/SYSTICK/SYSTICK_program.o
                0x0000000020000110                SysTick_Mode
 *fill*         0x0000000020000111        0x3 
 .bss.USART1_TC_INT_Callback
                0x0000000020000114        0x4 ./MCAL/UART/UART_program.o
 .bss.USART2_TC_INT_Callback
                0x0000000020000118        0x4 ./MCAL/UART/UART_program.o
 .bss.USART6_TC_INT_Callback
                0x000000002000011c        0x4 ./MCAL/UART/UART_program.o
 .bss.USART1_RXNE_INT_Callback
                0x0000000020000120        0x4 ./MCAL/UART/UART_program.o
 .bss.USART2_RXNE_INT_Callback
                0x0000000020000124        0x4 ./MCAL/UART/UART_program.o
 .bss.USART6_RXNE_INT_Callback
                0x0000000020000128        0x4 ./MCAL/UART/UART_program.o
 .bss.USART_Timeout_Flag
                0x000000002000012c        0x1 ./MCAL/UART/UART_program.o
 *(COMMON)
                0x0000000020000130                . = ALIGN (0x4)
 *fill*         0x000000002000012d        0x3 
                0x0000000020000130                _ebss = .
                0x0000000020000130                __bss_end__ = _ebss

._user_heap_stack
                0x0000000020000130      0x600 load address 0x0000000008002008
                0x0000000020000130                . = ALIGN (0x8)
                [!provide]                        PROVIDE (end = .)
                0x0000000020000130                PROVIDE (_end = .)
                0x0000000020000330                . = (. + _Min_Heap_Size)
 *fill*         0x0000000020000130      0x200 
                0x0000000020000730                . = (. + _Min_Stack_Size)
 *fill*         0x0000000020000330      0x400 
                0x0000000020000730                . = ALIGN (0x8)

/DISCARD/
 libc.a(*)
 libm.a(*)
 libgcc.a(*)

.ARM.attributes
                0x0000000000000000       0x30
 *(.ARM.attributes)
 .ARM.attributes
                0x0000000000000000       0x1e D:/Installed Programs/STM32CubeIDE_1.13.2/STM32CubeIDE/plugins/com.st.stm32cube.ide.mcu.externaltools.gnu-tools-for-stm32.11.3.rel1.win32_1.1.1.202309131626/tools/bin/../lib/gcc/arm-none-eabi/11.3.1/thumb/v7e-m+fp/hard/crti.o
 .ARM.attributes
                0x000000000000001e       0x34 D:/Installed Programs/STM32CubeIDE_1.13.2/STM32CubeIDE/plugins/com.st.stm32cube.ide.mcu.externaltools.gnu-tools-for-stm32.11.3.rel1.win32_1.1.1.202309131626/tools/bin/../lib/gcc/arm-none-eabi/11.3.1/thumb/v7e-m+fp/hard/crtbegin.o
 .ARM.attributes
                0x0000000000000052       0x34 ./APP/bootloader.o
 .ARM.attributes
                0x0000000000000086       0x34 ./APP/main.o
 .ARM.attributes
                0x00000000000000ba       0x34 ./MCAL/CRC/CRC_program.o
 .ARM.attributes
                0x00000000000000ee       0x34 ./MCAL/FPEC/FPEC_program.o
 .ARM.attributes
                0x0000000000000122       0x34 ./MCAL/GPIO/GPIO_program.o
 .ARM.attributes
                0x0000000000000156       0x34 ./MCAL/NVIC/NVIC_program.o
 .ARM.attributes
                0x000000000000018a       0x34 ./MCAL/RCC/RCC_program.o
 .ARM.attributes
                0x00000000000001be       0x34 ./MCAL/SYSTICK/SYSTICK_program.o
 .ARM.attributes
                0x00000000000001f2       0x34 ./MCAL/UART/UART_Lcfg.o
 .ARM.attributes
                0x0000000000000226       0x34 ./MCAL/UART/UART_program.o
 .ARM.attributes
                0x000000000000025a       0x34 ./Startup/System_Init.o
 .ARM.attributes
                0x000000000000028e       0x21 ./Startup/startup_stm32f401ccux.o
 .ARM.attributes
                0x00000000000002af       0x34 D:/Installed Programs/STM32CubeIDE_1.13.2/STM32CubeIDE/plugins/com.st.stm32cube.ide.mcu.externaltools.gnu-tools-for-stm32.11.3.rel1.win32_1.1.1.202309131626/tools/bin/../lib/gcc/arm-none-eabi/11.3.1/../../../../arm-none-eabi/lib/thumb/v7e-m+fp/hard\libc_nano.a(libc_a-memset.o)
 .ARM.attributes
                0x00000000000002e3       0x34 D:/Installed Programs/STM32CubeIDE_1.13.2/STM32CubeIDE/plugins/com.st.stm32cube.ide.mcu.externaltools.gnu-tools-for-stm32.11.3.rel1.win32_1.1.1.202309131626/tools/bin/../lib/gcc/arm-none-eabi/11.3.1/../../../../arm-none-eabi/lib/thumb/v7e-m+fp/hard\libc_nano.a(libc_a-init.o)
 .ARM.attributes
                0x0000000000000317       0x1e D:/Installed Programs/STM32CubeIDE_1.13.2/STM32CubeIDE/plugins/com.st.stm32cube.ide.mcu.externaltools.gnu-tools-for-stm32.11.3.rel1.win32_1.1.1.202309131626/tools/bin/../lib/gcc/arm-none-eabi/11.3.1/thumb/v7e-m+fp/hard\libgcc.a(_arm_addsubdf3.o)
 .ARM.attributes
                0x0000000000000335       0x1e D:/Installed Programs/STM32CubeIDE_1.13.2/STM32CubeIDE/plugins/com.st.stm32cube.ide.mcu.externaltools.gnu-tools-for-stm32.11.3.rel1.win32_1.1.1.202309131626/tools/bin/../lib/gcc/arm-none-eabi/11.3.1/thumb/v7e-m+fp/hard\libgcc.a(_arm_muldivdf3.o)
 .ARM.attributes
                0x0000000000000353       0x1e D:/Installed Programs/STM32CubeIDE_1.13.2/STM32CubeIDE/plugins/com.st.stm32cube.ide.mcu.externaltools.gnu-tools-for-stm32.11.3.rel1.win32_1.1.1.202309131626/tools/bin/../lib/gcc/arm-none-eabi/11.3.1/thumb/v7e-m+fp/hard\libgcc.a(_arm_fixunsdfsi.o)
 .ARM.attributes
                0x0000000000000371       0x1e D:/Installed Programs/STM32CubeIDE_1.13.2/STM32CubeIDE/plugins/com.st.stm32cube.ide.mcu.externaltools.gnu-tools-for-stm32.11.3.rel1.win32_1.1.1.202309131626/tools/bin/../lib/gcc/arm-none-eabi/11.3.1/thumb/v7e-m+fp/hard/crtn.o
OUTPUT(FOTA_Bootloader.elf elf32-littlearm)
LOAD linker stubs
LOAD D:/Installed Programs/STM32CubeIDE_1.13.2/STM32CubeIDE/plugins/com.st.stm32cube.ide.mcu.externaltools.gnu-tools-for-stm32.11.3.rel1.win32_1.1.1.202309131626/tools/bin/../lib/gcc/arm-none-eabi/11.3.1/../../../../arm-none-eabi/lib/thumb/v7e-m+fp/hard\libc.a
LOAD D:/Installed Programs/STM32CubeIDE_1.13.2/STM32CubeIDE/plugins/com.st.stm32cube.ide.mcu.externaltools.gnu-tools-for-stm32.11.3.rel1.win32_1.1.1.202309131626/tools/bin/../lib/gcc/arm-none-eabi/11.3.1/../../../../arm-none-eabi/lib/thumb/v7e-m+fp/hard\libm.a
LOAD D:/Installed Programs/STM32CubeIDE_1.13.2/STM32CubeIDE/plugins/com.st.stm32cube.ide.mcu.externaltools.gnu-tools-for-stm32.11.3.rel1.win32_1.1.1.202309131626/tools/bin/../lib/gcc/arm-none-eabi/11.3.1/thumb/v7e-m+fp/hard\libgcc.a

.comment        0x0000000000000000       0x43
 .comment       0x0000000000000000       0x43 D:/Installed Programs/STM32CubeIDE_1.13.2/STM32CubeIDE/plugins/com.st.stm32cube.ide.mcu.externaltools.gnu-tools-for-stm32.11.3.rel1.win32_1.1.1.202309131626/tools/bin/../lib/gcc/arm-none-eabi/11.3.1/thumb/v7e-m+fp/hard/crtbegin.o
                                         0x44 (size before relaxing)
 .comment       0x0000000000000043       0x44 ./APP/bootloader.o
 .comment       0x0000000000000043       0x44 ./APP/main.o
 .comment       0x0000000000000043       0x44 ./MCAL/CRC/CRC_program.o
 .comment       0x0000000000000043       0x44 ./MCAL/FPEC/FPEC_program.o
 .comment       0x0000000000000043       0x44 ./MCAL/GPIO/GPIO_program.o
 .comment       0x0000000000000043       0x44 ./MCAL/NVIC/NVIC_program.o
 .comment       0x0000000000000043       0x44 ./MCAL/RCC/RCC_program.o
 .comment       0x0000000000000043       0x44 ./MCAL/SYSTICK/SYSTICK_program.o
 .comment       0x0000000000000043       0x44 ./MCAL/UART/UART_Lcfg.o
 .comment       0x0000000000000043       0x44 ./MCAL/UART/UART_program.o
 .comment       0x0000000000000043       0x44 ./Startup/System_Init.o

.debug_info     0x0000000000000000     0x2854
 .debug_info    0x0000000000000000      0x815 ./APP/bootloader.o
 .debug_info    0x0000000000000815      0x23f ./APP/main.o
 .debug_info    0x0000000000000a54      0x137 ./MCAL/CRC/CRC_program.o
 .debug_info    0x0000000000000b8b      0x345 ./MCAL/FPEC/FPEC_program.o
 .debug_info    0x0000000000000ed0      0x54a ./MCAL/GPIO/GPIO_program.o
 .debug_info    0x000000000000141a      0x4e1 ./MCAL/NVIC/NVIC_program.o
 .debug_info    0x00000000000018fb      0x1f4 ./MCAL/RCC/RCC_program.o
 .debug_info    0x0000000000001aef      0x315 ./MCAL/SYSTICK/SYSTICK_program.o
 .debug_info    0x0000000000001e04      0x1a3 ./MCAL/UART/UART_Lcfg.o
 .debug_info    0x0000000000001fa7      0x800 ./MCAL/UART/UART_program.o
 .debug_info    0x00000000000027a7       0x8a ./Startup/System_Init.o
 .debug_info    0x0000000000002831       0x23 ./Startup/startup_stm32f401ccux.o

.debug_abbrev   0x0000000000000000      0xd2b
 .debug_abbrev  0x0000000000000000      0x1d7 ./APP/bootloader.o
 .debug_abbrev  0x00000000000001d7      0x12b ./APP/main.o
 .debug_abbrev  0x0000000000000302       0xf5 ./MCAL/CRC/CRC_program.o
 .debug_abbrev  0x00000000000003f7      0x14f ./MCAL/FPEC/FPEC_program.o
 .debug_abbrev  0x0000000000000546      0x141 ./MCAL/GPIO/GPIO_program.o
 .debug_abbrev  0x0000000000000687      0x16f ./MCAL/NVIC/NVIC_program.o
 .debug_abbrev  0x00000000000007f6       0xe8 ./MCAL/RCC/RCC_program.o
 .debug_abbrev  0x00000000000008de      0x15a ./MCAL/SYSTICK/SYSTICK_program.o
 .debug_abbrev  0x0000000000000a38       0xa1 ./MCAL/UART/UART_Lcfg.o
 .debug_abbrev  0x0000000000000ad9      0x1e7 ./MCAL/UART/UART_program.o
 .debug_abbrev  0x0000000000000cc0       0x59 ./Startup/System_Init.o
 .debug_abbrev  0x0000000000000d19       0x12 ./Startup/startup_stm32f401ccux.o

.debug_aranges  0x0000000000000000      0x430
 .debug_aranges
                0x0000000000000000       0x80 ./APP/bootloader.o
 .debug_aranges
                0x0000000000000080       0x20 ./APP/main.o
 .debug_aranges
                0x00000000000000a0       0x28 ./MCAL/CRC/CRC_program.o
 .debug_aranges
                0x00000000000000c8       0x90 ./MCAL/FPEC/FPEC_program.o
 .debug_aranges
                0x0000000000000158       0x90 ./MCAL/GPIO/GPIO_program.o
 .debug_aranges
                0x00000000000001e8       0x68 ./MCAL/NVIC/NVIC_program.o
 .debug_aranges
                0x0000000000000250       0x70 ./MCAL/RCC/RCC_program.o
 .debug_aranges
                0x00000000000002c0       0x88 ./MCAL/SYSTICK/SYSTICK_program.o
 .debug_aranges
                0x0000000000000348       0x18 ./MCAL/UART/UART_Lcfg.o
 .debug_aranges
                0x0000000000000360       0x88 ./MCAL/UART/UART_program.o
 .debug_aranges
                0x00000000000003e8       0x20 ./Startup/System_Init.o
 .debug_aranges
                0x0000000000000408       0x28 ./Startup/startup_stm32f401ccux.o

.debug_rnglists
                0x0000000000000000      0x2f3
 .debug_rnglists
                0x0000000000000000       0x5e ./APP/bootloader.o
 .debug_rnglists
                0x000000000000005e       0x13 ./APP/main.o
 .debug_rnglists
                0x0000000000000071       0x19 ./MCAL/CRC/CRC_program.o
 .debug_rnglists
                0x000000000000008a       0x69 ./MCAL/FPEC/FPEC_program.o
 .debug_rnglists
                0x00000000000000f3       0x71 ./MCAL/GPIO/GPIO_program.o
 .debug_rnglists
                0x0000000000000164       0x49 ./MCAL/NVIC/NVIC_program.o
 .debug_rnglists
                0x00000000000001ad       0x52 ./MCAL/RCC/RCC_program.o
 .debug_rnglists
                0x00000000000001ff       0x63 ./MCAL/SYSTICK/SYSTICK_program.o
 .debug_rnglists
                0x0000000000000262       0x65 ./MCAL/UART/UART_program.o
 .debug_rnglists
                0x00000000000002c7       0x13 ./Startup/System_Init.o
 .debug_rnglists
                0x00000000000002da       0x19 ./Startup/startup_stm32f401ccux.o

.debug_macro    0x0000000000000000     0x266d
 .debug_macro   0x0000000000000000      0x1d8 ./APP/bootloader.o
 .debug_macro   0x00000000000001d8      0xaae ./APP/bootloader.o
 .debug_macro   0x0000000000000c86       0x22 ./APP/bootloader.o
 .debug_macro   0x0000000000000ca8       0x5b ./APP/bootloader.o
 .debug_macro   0x0000000000000d03       0x2a ./APP/bootloader.o
 .debug_macro   0x0000000000000d2d       0x94 ./APP/bootloader.o
 .debug_macro   0x0000000000000dc1       0x43 ./APP/bootloader.o
 .debug_macro   0x0000000000000e04       0x34 ./APP/bootloader.o
 .debug_macro   0x0000000000000e38      0x174 ./APP/bootloader.o
 .debug_macro   0x0000000000000fac       0x16 ./APP/bootloader.o
 .debug_macro   0x0000000000000fc2       0x43 ./APP/bootloader.o
 .debug_macro   0x0000000000001005       0x57 ./APP/bootloader.o
 .debug_macro   0x000000000000105c       0x34 ./APP/bootloader.o
 .debug_macro   0x0000000000001090       0x10 ./APP/bootloader.o
 .debug_macro   0x00000000000010a0       0x58 ./APP/bootloader.o
 .debug_macro   0x00000000000010f8       0x8e ./APP/bootloader.o
 .debug_macro   0x0000000000001186       0x1c ./APP/bootloader.o
 .debug_macro   0x00000000000011a2      0x177 ./APP/bootloader.o
 .debug_macro   0x0000000000001319      0x369 ./APP/bootloader.o
 .debug_macro   0x0000000000001682       0x10 ./APP/bootloader.o
 .debug_macro   0x0000000000001692       0x35 ./APP/bootloader.o
 .debug_macro   0x00000000000016c7       0x20 ./APP/bootloader.o
 .debug_macro   0x00000000000016e7       0x40 ./APP/bootloader.o
 .debug_macro   0x0000000000001727       0x16 ./APP/bootloader.o
 .debug_macro   0x000000000000173d       0x16 ./APP/bootloader.o
 .debug_macro   0x0000000000001753       0x34 ./APP/bootloader.o
 .debug_macro   0x0000000000001787       0xe8 ./APP/bootloader.o
 .debug_macro   0x000000000000186f       0x4c ./APP/bootloader.o
 .debug_macro   0x00000000000018bb       0x52 ./APP/bootloader.o
 .debug_macro   0x000000000000190d       0xc4 ./APP/bootloader.o
 .debug_macro   0x00000000000019d1       0x3a ./APP/bootloader.o
 .debug_macro   0x0000000000001a0b       0x28 ./APP/bootloader.o
 .debug_macro   0x0000000000001a33       0x64 ./APP/bootloader.o
 .debug_macro   0x0000000000001a97       0x2e ./APP/bootloader.o
 .debug_macro   0x0000000000001ac5       0xdc ./APP/bootloader.o
 .debug_macro   0x0000000000001ba1      0x1e2 ./APP/main.o
 .debug_macro   0x0000000000001d83       0x4b ./MCAL/CRC/CRC_program.o
 .debug_macro   0x0000000000001dce       0xee ./MCAL/CRC/CRC_program.o
 .debug_macro   0x0000000000001ebc       0x22 ./MCAL/CRC/CRC_program.o
 .debug_macro   0x0000000000001ede       0x3b ./MCAL/FPEC/FPEC_program.o
 .debug_macro   0x0000000000001f19       0x5e ./MCAL/FPEC/FPEC_program.o
 .debug_macro   0x0000000000001f77       0x45 ./MCAL/GPIO/GPIO_program.o
 .debug_macro   0x0000000000001fbc      0x12a ./MCAL/GPIO/GPIO_program.o
 .debug_macro   0x00000000000020e6       0x45 ./MCAL/NVIC/NVIC_program.o
 .debug_macro   0x000000000000212b       0x28 ./MCAL/NVIC/NVIC_program.o
 .debug_macro   0x0000000000002153       0x16 ./MCAL/NVIC/NVIC_program.o
 .debug_macro   0x0000000000002169       0x4d ./MCAL/RCC/RCC_program.o
 .debug_macro   0x00000000000021b6      0x1f6 ./MCAL/RCC/RCC_program.o
 .debug_macro   0x00000000000023ac       0x64 ./MCAL/RCC/RCC_program.o
 .debug_macro   0x0000000000002410       0x3f ./MCAL/SYSTICK/SYSTICK_program.o
 .debug_macro   0x000000000000244f       0x22 ./MCAL/SYSTICK/SYSTICK_program.o
 .debug_macro   0x0000000000002471       0x76 ./MCAL/SYSTICK/SYSTICK_program.o
 .debug_macro   0x00000000000024e7       0xaa ./MCAL/UART/UART_Lcfg.o
 .debug_macro   0x0000000000002591       0xa0 ./MCAL/UART/UART_program.o
 .debug_macro   0x0000000000002631       0x3c ./Startup/System_Init.o

.debug_line     0x0000000000000000     0x374c
 .debug_line    0x0000000000000000      0xdc1 ./APP/bootloader.o
 .debug_line    0x0000000000000dc1      0xadc ./APP/main.o
 .debug_line    0x000000000000189d      0x19c ./MCAL/CRC/CRC_program.o
 .debug_line    0x0000000000001a39      0x348 ./MCAL/FPEC/FPEC_program.o
 .debug_line    0x0000000000001d81      0x3ea ./MCAL/GPIO/GPIO_program.o
 .debug_line    0x000000000000216b      0x2ce ./MCAL/NVIC/NVIC_program.o
 .debug_line    0x0000000000002439      0x2f6 ./MCAL/RCC/RCC_program.o
 .debug_line    0x000000000000272f      0x375 ./MCAL/SYSTICK/SYSTICK_program.o
 .debug_line    0x0000000000002aa4      0x334 ./MCAL/UART/UART_Lcfg.o
 .debug_line    0x0000000000002dd8      0x760 ./MCAL/UART/UART_program.o
 .debug_line    0x0000000000003538      0x199 ./Startup/System_Init.o
 .debug_line    0x00000000000036d1       0x7b ./Startup/startup_stm32f401ccux.o

.debug_str      0x0000000000000000     0xae13
 .debug_str     0x0000000000000000     0x818c ./APP/bootloader.o
                                       0x82f8 (size before relaxing)
 .debug_str     0x000000000000818c       0x37 ./APP/main.o
                                       0x7f37 (size before relaxing)
 .debug_str     0x00000000000081c3       0x58 ./MCAL/CRC/CRC_program.o
                                       0x340c (size before relaxing)
 .debug_str     0x000000000000821b      0x2ff ./MCAL/FPEC/FPEC_program.o
                                       0x3585 (size before relaxing)
 .debug_str     0x000000000000851a      0xe67 ./MCAL/GPIO/GPIO_program.o
                                       0x4041 (size before relaxing)
 .debug_str     0x0000000000009381      0x694 ./MCAL/NVIC/NVIC_program.o
                                       0x36b2 (size before relaxing)
 .debug_str     0x0000000000009a15      0xc09 ./MCAL/RCC/RCC_program.o
                                       0x41a2 (size before relaxing)
 .debug_str     0x000000000000a61e      0x566 ./MCAL/SYSTICK/SYSTICK_program.o
                                       0x3578 (size before relaxing)
 .debug_str     0x000000000000ab84       0x19 ./MCAL/UART/UART_Lcfg.o
                                       0x3f23 (size before relaxing)
 .debug_str     0x000000000000ab9d      0x223 ./MCAL/UART/UART_program.o
                                       0x4703 (size before relaxing)
 .debug_str     0x000000000000adc0       0x24 ./Startup/System_Init.o
                                       0x32fb (size before relaxing)
 .debug_str     0x000000000000ade4       0x2f ./Startup/startup_stm32f401ccux.o
                                         0x82 (size before relaxing)

.debug_frame    0x0000000000000000      0xf84
 .debug_frame   0x0000000000000000      0x1e8 ./APP/bootloader.o
 .debug_frame   0x00000000000001e8       0x2c ./APP/main.o
 .debug_frame   0x0000000000000214       0x54 ./MCAL/CRC/CRC_program.o
 .debug_frame   0x0000000000000268      0x204 ./MCAL/FPEC/FPEC_program.o
 .debug_frame   0x000000000000046c      0x268 ./MCAL/GPIO/GPIO_program.o
 .debug_frame   0x00000000000006d4      0x190 ./MCAL/NVIC/NVIC_program.o
 .debug_frame   0x0000000000000864      0x18c ./MCAL/RCC/RCC_program.o
 .debug_frame   0x00000000000009f0      0x210 ./MCAL/SYSTICK/SYSTICK_program.o
 .debug_frame   0x0000000000000c00      0x1ec ./MCAL/UART/UART_program.o
 .debug_frame   0x0000000000000dec       0x2c ./Startup/System_Init.o
 .debug_frame   0x0000000000000e18       0x20 D:/Installed Programs/STM32CubeIDE_1.13.2/STM32CubeIDE/plugins/com.st.stm32cube.ide.mcu.externaltools.gnu-tools-for-stm32.11.3.rel1.win32_1.1.1.202309131626/tools/bin/../lib/gcc/arm-none-eabi/11.3.1/../../../../arm-none-eabi/lib/thumb/v7e-m+fp/hard\libc_nano.a(libc_a-memset.o)
 .debug_frame   0x0000000000000e38       0x2c D:/Installed Programs/STM32CubeIDE_1.13.2/STM32CubeIDE/plugins/com.st.stm32cube.ide.mcu.externaltools.gnu-tools-for-stm32.11.3.rel1.win32_1.1.1.202309131626/tools/bin/../lib/gcc/arm-none-eabi/11.3.1/../../../../arm-none-eabi/lib/thumb/v7e-m+fp/hard\libc_nano.a(libc_a-init.o)
 .debug_frame   0x0000000000000e64       0xac D:/Installed Programs/STM32CubeIDE_1.13.2/STM32CubeIDE/plugins/com.st.stm32cube.ide.mcu.externaltools.gnu-tools-for-stm32.11.3.rel1.win32_1.1.1.202309131626/tools/bin/../lib/gcc/arm-none-eabi/11.3.1/thumb/v7e-m+fp/hard\libgcc.a(_arm_addsubdf3.o)
 .debug_frame   0x0000000000000f10       0x50 D:/Installed Programs/STM32CubeIDE_1.13.2/STM32CubeIDE/plugins/com.st.stm32cube.ide.mcu.externaltools.gnu-tools-for-stm32.11.3.rel1.win32_1.1.1.202309131626/tools/bin/../lib/gcc/arm-none-eabi/11.3.1/thumb/v7e-m+fp/hard\libgcc.a(_arm_muldivdf3.o)
 .debug_frame   0x0000000000000f60       0x24 D:/Installed Programs/STM32CubeIDE_1.13.2/STM32CubeIDE/plugins/com.st.stm32cube.ide.mcu.externaltools.gnu-tools-for-stm32.11.3.rel1.win32_1.1.1.202309131626/tools/bin/../lib/gcc/arm-none-eabi/11.3.1/thumb/v7e-m+fp/hard\libgcc.a(_arm_fixunsdfsi.o)

.debug_line_str
                0x0000000000000000       0x76
 .debug_line_str
                0x0000000000000000       0x76 ./Startup/startup_stm32f401ccux.o
                                         0x8e (size before relaxing)
