../MCAL/DMA/DMA_program.c:42:13:DMA_ClearTCInterruptFlag	16	static
../MCAL/DMA/DMA_program.c:77:13:DMA_Interrupt_Init	16	static
../MCAL/DMA/DMA_program.c:113:6:MDMA_voidInit	16	static
../MCAL/DMA/DMA_program.c:145:6:MDMA_voidStart	24	static
../MCAL/DMA/DMA_program.c:155:6:DMA1_Stream0_IRQHandler	8	static
../MCAL/DMA/DMA_program.c:163:6:DMA1_Stream1_IRQHandler	8	static
../MCAL/DMA/DMA_program.c:170:6:DMA1_Stream2_IRQHandler	8	static
../MCAL/DMA/DMA_program.c:177:6:DMA1_Stream3_IRQHandler	8	static
../MCAL/DMA/DMA_program.c:185:6:DMA1_Stream4_IRQHandler	8	static
../MCAL/DMA/DMA_program.c:192:6:DMA1_Stream5_IRQHandler	8	static
../MCAL/DMA/DMA_program.c:199:6:DMA1_Stream6_IRQHandler	8	static
../MCAL/DMA/DMA_program.c:206:6:DMA1_Stream7_IRQHandler	8	static
../MCAL/DMA/DMA_program.c:215:6:DMA2_Stream0_IRQHandler	8	static
../MCAL/DMA/DMA_program.c:223:6:DMA2_Stream1_IRQHandler	8	static
../MCAL/DMA/DMA_program.c:230:6:DMA2_Stream2_IRQHandler	8	static
../MCAL/DMA/DMA_program.c:237:6:DMA2_Stream3_IRQHandler	8	static
../MCAL/DMA/DMA_program.c:245:6:DMA2_Stream4_IRQHandler	8	static
../MCAL/DMA/DMA_program.c:252:6:DMA2_Stream5_IRQHandler	8	static
../MCAL/DMA/DMA_program.c:259:6:DMA2_Stream6_IRQHandler	8	static
../MCAL/DMA/DMA_program.c:266:6:DMA2_Stream7_IRQHandler	8	static
