../HAL/LEDMAT/LEDMAT_program.c:41:13:LEDMAT_Timer_CallBack_Handler	4	static
../HAL/LEDMAT/LEDMAT_program.c:45:13:voidDisableAllRows	24	static
../HAL/LEDMAT/LEDMAT_program.c:60:13:voidDisableAllColumns	24	static
../HAL/LEDMAT/LEDMAT_program.c:75:13:voidUpdateScreen_WithDelay	24	static
../HAL/LEDMAT/LEDMAT_program.c:121:13:voidUpdateScreen_WithDelay_WithStopFlag	32	static
../HAL/LEDMAT/LEDMAT_program.c:172:13:voidClearLEDMATBuffer	16	static
../HAL/LEDMAT/LEDMAT_program.c:175:13:voidScrollLeft	24	static
../HAL/LEDMAT/LEDMAT_program.c:183:13:voidScrollRight	24	static
../HAL/LEDMAT/LEDMAT_program.c:191:13:Frame_delay	16	static
../HAL/LEDMAT/LEDMAT_program.c:198:6:HLEDMAT_voidInit	16	static
../HAL/LEDMAT/LEDMAT_program.c:249:6:HLEDMAT_voidDisplayFrame	24	static
../HAL/LEDMAT/LEDMAT_program.c:290:6:HLEDMAT_voidDisplayFrameWithDelay	32	static
../HAL/LEDMAT/LEDMAT_program.c:335:6:HLEDMAT_voidDisplayChar	16	static
../HAL/LEDMAT/LEDMAT_program.c:340:6:HLEDMAT_voidDisplayString	24	static
../HAL/LEDMAT/LEDMAT_program.c:352:6:HLEDMAT_voidDisplayScrollingString	32	static
../HAL/LEDMAT/LEDMAT_program.c:376:6:HLEDMAT_voidDisplayScrollingString_WithStopFlag	32	static
../HAL/LEDMAT/LEDMAT_program.c:406:6:HLEDMAT_voidScrollFrameRight	16	static
../HAL/LEDMAT/LEDMAT_program.c:412:6:HLEDMAT_voidScrollFrameLeft	16	static
