../HAL/TFT/TFT_program.c:37:13:TFT_GPIO_PinsInit	16	static
../HAL/TFT/TFT_program.c:56:13:TFT_ResetSequence	40	static
../HAL/TFT/TFT_program.c:69:13:TFT_voidSendCommand	16	static
../HAL/TFT/TFT_program.c:74:13:TFT_voidSendData	16	static
../HAL/TFT/TFT_program.c:82:6:TFT_voidInit	24	static
../HAL/TFT/TFT_program.c:101:6:TFT_voidSetWindow	16	static
../HAL/TFT/TFT_program.c:118:6:TFT_voidDisplayImagePos	32	static
../HAL/TFT/TFT_program.c:126:6:TFT_voidDisplayFullImage	24	static
../HAL/TFT/TFT_program.c:133:6:TFT_WriteCharPosWithBgColor	48	static
../HAL/TFT/TFT_program.c:165:6:TFT_WriteStringPosWithBgColor	40	static
../HAL/TFT/TFT_program.c:192:6:TFT_WriteCharWithBgColor	40	static
../HAL/TFT/TFT_program.c:224:6:TFT_WriteStringWithBgColor	24	static
../HAL/TFT/TFT_program.c:247:6:TFT_WriteCharPos	48	static
../HAL/TFT/TFT_program.c:279:6:TFT_WriteStringPos	40	static
../HAL/TFT/TFT_program.c:304:6:TFT_WriteChar	32	static
../HAL/TFT/TFT_program.c:336:6:TFT_WriteString	24	static
../HAL/TFT/TFT_program.c:359:6:TFT_FillScreen	32	static
../HAL/TFT/TFT_program.c:375:6:TFT_ClearScreen	16	static
../HAL/TFT/TFT_program.c:382:6:TFT_SetCursor	16	static
